Component: ARM Compiler 5.06 update 4 (build 422) Tool: armlink [4d35d2]

==============================================================================

Section Cross References

    main.o(i.main) refers to init.o(i._Z8init_RCCv) for init_RCC()
    main.o(i.main) refers to init.o(i._Z9init_GPIOv) for init_GPIO()
    main.o(i.main) refers to init.o(i._Z9init_EXTIv) for init_EXTI()
    main.o(i.main) refers to delay.o(i._Z11_delay_initv) for _delay_init()
    main.o(i.main) refers to sdadc.o(i._Z10SDADC_initv) for SDADC_init()
    main.o(i.main) refers to init.o(i._Z9init_TIM3v) for init_TIM3()
    main.o(i.main) refers to init.o(i._Z8init_BKPv) for init_BKP()
    main.o(i.main) refers to init.o(i._Z9init_TIM2v) for init_TIM2()
    main.o(i.main) refers to draw.o(i._Z16drawSplashScreenv) for drawSplashScreen()
    main.o(i.main) refers to delay.o(i._Z9_delay_mst) for _delay_ms(unsigned short)
    main.o(i.main) refers to sdadc.o(i._Z11SDADC_startv) for SDADC_start()
    main.o(i.main) refers to draw.o(i._Z10drawScreenv) for drawScreen()
    main.o(.ARM.exidx) refers to main.o(i.main) for i.main
    init.o(i._Z8init_BKPv) refers to interrupt.o(i._Z15setVoltageRangev) for setVoltageRange()
    init.o(i._Z8init_BKPv) refers to interrupt.o(i._Z15setCurrentRangev) for setCurrentRange()
    init.o(i._Z8init_BKPv) refers to draw.o(.data) for mode
    init.o(i._Z9init_EXTIv) refers to init.o(i._Z18__NVIC_SetPriority9IRQn_Typej) for __NVIC_SetPriority(IRQn_Type, unsigned)
    init.o(i._Z9init_EXTIv) refers to init.o(i._Z16__NVIC_EnableIRQ9IRQn_Type) for __NVIC_EnableIRQ(IRQn_Type)
    init.o(i._Z9init_TIM3v) refers to init.o(i._Z18__NVIC_SetPriority9IRQn_Typej) for __NVIC_SetPriority(IRQn_Type, unsigned)
    init.o(i._Z9init_TIM3v) refers to init.o(i._Z16__NVIC_EnableIRQ9IRQn_Type) for __NVIC_EnableIRQ(IRQn_Type)
    init.o(.ARM.exidx) refers to init.o(i._Z18__NVIC_SetPriority9IRQn_Typej) for i._Z18__NVIC_SetPriority9IRQn_Typej
    init.o(.ARM.exidx) refers to init.o(i._Z8init_RCCv) for i._Z8init_RCCv
    init.o(.ARM.exidx) refers to init.o(i._Z9init_GPIOv) for i._Z9init_GPIOv
    init.o(.ARM.exidx) refers to init.o(i._Z9init_EXTIv) for i._Z9init_EXTIv
    init.o(.ARM.exidx) refers to init.o(i._Z9init_TIM3v) for i._Z9init_TIM3v
    init.o(.ARM.exidx) refers to init.o(i._Z8init_BKPv) for i._Z8init_BKPv
    init.o(.ARM.exidx) refers to init.o(i._Z9init_TIM2v) for i._Z9init_TIM2v
    init.o(.ARM.exidx) refers to init.o(i._Z16__NVIC_EnableIRQ9IRQn_Type) for i._Z16__NVIC_EnableIRQ9IRQn_Type
    interrupt.o(i.EXTI15_10_IRQHandler) refers to interrupt.o(i._Z15setVoltageRangev) for setVoltageRange()
    interrupt.o(i.EXTI15_10_IRQHandler) refers to interrupt.o(i._Z15setCurrentRangev) for setCurrentRange()
    interrupt.o(i.EXTI15_10_IRQHandler) refers to draw.o(.data) for mode
    interrupt.o(i._Z15setCurrentRangev) refers to draw.o(.data) for rangeI
    interrupt.o(i._Z15setVoltageRangev) refers to delay.o(i._Z9_delay_ust) for _delay_us(unsigned short)
    interrupt.o(i._Z15setVoltageRangev) refers to draw.o(.data) for rangeV
    interrupt.o(.ARM.exidx) refers to interrupt.o(i._Z15setCurrentRangev) for i._Z15setCurrentRangev
    interrupt.o(.ARM.exidx) refers to interrupt.o(i._Z15setVoltageRangev) for i._Z15setVoltageRangev
    interrupt.o(.ARM.exidx) refers to interrupt.o(i.EXTI15_10_IRQHandler) for i.EXTI15_10_IRQHandler
    sdadc.o(i.DMA2_Channel3_IRQHandler) refers to sdadc.o(.data) for sdadc_samples
    sdadc.o(i.DMA2_Channel3_IRQHandler) refers to sdadc.o(.bss) for SDADC_data
    sdadc.o(i.TIM3_IRQHandler) refers to ffltll_clz.o(x$fpl$ffltll) for __aeabi_l2f
    sdadc.o(i.TIM3_IRQHandler) refers to sdadc.o(i._ZSt4sqrtf) for std::sqrt(float)
    sdadc.o(i.TIM3_IRQHandler) refers to sdadc.o(.data) for sdadc_samples
    sdadc.o(i.TIM3_IRQHandler) refers to draw.o(.data) for aquisition
    sdadc.o(i._Z10SDADC_initv) refers to delay.o(i._Z9_delay_ust) for _delay_us(unsigned short)
    sdadc.o(i._Z10SDADC_initv) refers to sdadc.o(.bss) for SDADC_data
    sdadc.o(.ARM.exidx) refers to sdadc.o(i._Z10SDADC_initv) for i._Z10SDADC_initv
    sdadc.o(.ARM.exidx) refers to sdadc.o(i._Z11SDADC_startv) for i._Z11SDADC_startv
    sdadc.o(.ARM.exidx) refers to sdadc.o(i.DMA2_Channel3_IRQHandler) for i.DMA2_Channel3_IRQHandler
    sdadc.o(.ARM.exidx) refers to sdadc.o(i.TIM3_IRQHandler) for i.TIM3_IRQHandler
    adc.o(.ARM.exidx) refers to adc.o(i._Z9adc1_initv) for i._Z9adc1_initv
    adc.o(.ARM.exidx) refers to adc.o(i._Z15adc1_getReadinghh) for i._Z15adc1_getReadinghh
    5110.o(i._ZN8LCD_511010drawBitmapEssPKhssb) refers to 5110.o(i._ZN8LCD_51109drawPixelEsst) for LCD_5110::drawPixel(short, short, unsigned short)
    5110.o(i._ZN8LCD_511011setContrastEh) refers to 5110.o(i._ZN8LCD_51107commandEh) for LCD_5110::command(unsigned char)
    5110.o(i._ZN8LCD_511011setTextSizeEh) refers to 5110.o(.data) for textSize
    5110.o(i._ZN8LCD_511012clearDisplayEv) refers to rt_memclr.o(.text) for __aeabi_memclr
[...]
    .ARM.Collect$$libinit$$0000001F          0x080002ae   Section        0  libinit2.o(.ARM.Collect$$libinit$$0000001F)
    .ARM.Collect$$libinit$$00000021          0x080002ae   Section        0  libinit2.o(.ARM.Collect$$libinit$$00000021)
    .ARM.Collect$$libinit$$00000023          0x080002ae   Section        0  libinit2.o(.ARM.Collect$$libinit$$00000023)
    .ARM.Collect$$libinit$$00000025          0x080002ae   Section        0  libinit2.o(.ARM.Collect$$libinit$$00000025)
    .ARM.Collect$$libinit$$0000002C          0x080002ae   Section        0  libinit2.o(.ARM.Collect$$libinit$$0000002C)
    .ARM.Collect$$libinit$$0000002E          0x080002ae   Section        0  libinit2.o(.ARM.Collect$$libinit$$0000002E)
    .ARM.Collect$$libinit$$00000030          0x080002ae   Section        0  libinit2.o(.ARM.Collect$$libinit$$00000030)
    .ARM.Collect$$libinit$$00000032          0x080002ae   Section        0  libinit2.o(.ARM.Collect$$libinit$$00000032)
    .ARM.Collect$$libinit$$00000033          0x080002ae   Section        2  libinit2.o(.ARM.Collect$$libinit$$00000033)
    .ARM.Collect$$libshutdown$$00000000      0x080002b0   Section        2  libshutdown.o(.ARM.Collect$$libshutdown$$00000000)
    .ARM.Collect$$libshutdown$$00000002      0x080002b2   Section        0  libshutdown2.o(.ARM.Collect$$libshutdown$$00000002)
    .ARM.Collect$$libshutdown$$00000004      0x080002b2   Section        0  libshutdown2.o(.ARM.Collect$$libshutdown$$00000004)
    .ARM.Collect$$libshutdown$$00000007      0x080002b2   Section        0  libshutdown2.o(.ARM.Collect$$libshutdown$$00000007)
    .ARM.Collect$$libshutdown$$0000000A      0x080002b2   Section        0  libshutdown2.o(.ARM.Collect$$libshutdown$$0000000A)
    .ARM.Collect$$libshutdown$$0000000C      0x080002b2   Section        0  libshutdown2.o(.ARM.Collect$$libshutdown$$0000000C)
    .ARM.Collect$$libshutdown$$0000000F      0x080002b2   Section        0  libshutdown2.o(.ARM.Collect$$libshutdown$$0000000F)
    .ARM.Collect$$libshutdown$$00000010      0x080002b2   Section        2  libshutdown2.o(.ARM.Collect$$libshutdown$$00000010)
    .ARM.Collect$$rtentry$$00000000          0x080002b4   Section        0  __rtentry.o(.ARM.Collect$$rtentry$$00000000)
    .ARM.Collect$$rtentry$$00000002          0x080002b4   Section        0  __rtentry2.o(.ARM.Collect$$rtentry$$00000002)
    .ARM.Collect$$rtentry$$00000004          0x080002b4   Section        6  __rtentry4.o(.ARM.Collect$$rtentry$$00000004)
    .ARM.Collect$$rtentry$$00000009          0x080002ba   Section        0  __rtentry2.o(.ARM.Collect$$rtentry$$00000009)
    .ARM.Collect$$rtentry$$0000000A          0x080002ba   Section        4  __rtentry2.o(.ARM.Collect$$rtentry$$0000000A)
    .ARM.Collect$$rtentry$$0000000C          0x080002be   Section        0  __rtentry2.o(.ARM.Collect$$rtentry$$0000000C)
    .ARM.Collect$$rtentry$$0000000D          0x080002be   Section        8  __rtentry2.o(.ARM.Collect$$rtentry$$0000000D)
    .ARM.Collect$$rtexit$$00000000           0x080002c6   Section        2  rtexit.o(.ARM.Collect$$rtexit$$00000000)
    .ARM.Collect$$rtexit$$00000002           0x080002c8   Section        0  rtexit2.o(.ARM.Collect$$rtexit$$00000002)
    .ARM.Collect$$rtexit$$00000003           0x080002c8   Section        4  rtexit2.o(.ARM.Collect$$rtexit$$00000003)
    .ARM.Collect$$rtexit$$00000004           0x080002cc   Section        6  rtexit2.o(.ARM.Collect$$rtexit$$00000004)
    .text                                    0x080002d4   Section       64  startup_stm32f373xc.o(.text)
    $v0                                      0x080002d4   Number         0  startup_stm32f373xc.o(.text)
    .text                                    0x08000314   Section      238  lludivv7m.o(.text)
    .text                                    0x08000404   Section        0  c89vsnprintf.o(.text)
    .text                                    0x08000438   Section       68  rt_memclr.o(.text)
    .text                                    0x0800047c   Section        0  heapauxi.o(.text)
    .text                                    0x08000482   Section        0  _rserrno.o(.text)
    .text                                    0x08000498   Section        0  _printf_pad.o(.text)
    .text                                    0x080004e6   Section        0  _printf_truncate.o(.text)
    .text                                    0x0800050a   Section        0  _printf_str.o(.text)
    .text                                    0x0800055c   Section        0  _printf_dec.o(.text)
    .text                                    0x080005d4   Section        0  _printf_charcount.o(.text)
    .text                                    0x080005fc   Section        0  _printf_char_common.o(.text)
    _printf_input_char                       0x080005fd   Thumb Code    10  _printf_char_common.o(.text)
    .text                                    0x0800062c   Section        0  _sputc.o(.text)
    .text                                    0x08000636   Section        0  _snputc.o(.text)
    .text                                    0x08000648   Section        0  _printf_wctomb.o(.text)
    .text                                    0x08000704   Section        0  _printf_longlong_dec.o(.text)
    .text                                    0x08000780   Section        0  _printf_oct_int_ll.o(.text)
    _printf_longlong_oct_internal            0x08000781   Thumb Code     0  _printf_oct_int_ll.o(.text)
    .text                                    0x080007f0   Section        0  _printf_hex_int_ll_ptr.o(.text)
    _printf_hex_common                       0x080007f1   Thumb Code     0  _printf_hex_int_ll_ptr.o(.text)
    .text                                    0x08000884   Section        0  __printf_flags_ss_wp.o(.text)
    .text                                    0x08000a0c   Section       78  rt_memclr_w.o(.text)
    .text                                    0x08000a5c   Section        8  rt_errno_addr_intlibspace.o(.text)
    .text                                    0x08000a64   Section      138  lludiv10.o(.text)
    .text                                    0x08000aee   Section        0  _printf_intcommon.o(.text)
    .text                                    0x08000ba0   Section        0  _printf_fp_dec.o(.text)
    _fp_digits                               0x08000ba3   Thumb Code   428  _printf_fp_dec.o(.text)
    .text                                    0x08000fba   Section        0  _printf_char.o(.text)
    .text                                    0x08000fe6   Section        0  _printf_wchar.o(.text)
    .text                                    0x08001012   Section        0  _wcrtomb.o(.text)
    .text                                    0x08001054   Section        8  libspace.o(.text)
    .text                                    0x0800105c   Section       74  sys_stackheap_outer.o(.text)
    .text                                    0x080010a8   Section       16  rt_ctype_table.o(.text)
    .text                                    0x080010b8   Section        8  rt_locale_intlibspace.o(.text)
    .text                                    0x080010c0   Section        0  _printf_fp_infnan.o(.text)
    .text                                    0x08001140   Section        0  bigflt0.o(.text)
    .text                                    0x0800121c   Section        0  exit.o(.text)
    .text                                    0x08001230   Section      128  strcmpv7m.o(.text)
    .text                                    0x080012b0   Section        0  sys_exit.o(.text)
    .text                                    0x080012bc   Section        2  use_no_semi.o(.text)
    .text                                    0x080012be   Section        0  indicate_semi.o(.text)
    CL$$btod_d2e                             0x080012be   Section       62  btod.o(CL$$btod_d2e)
    CL$$btod_d2e_denorm_low                  0x080012fc   Section       70  btod.o(CL$$btod_d2e_denorm_low)
    CL$$btod_d2e_norm_op1                    0x08001342   Section       96  btod.o(CL$$btod_d2e_norm_op1)
    CL$$btod_div_common                      0x080013a2   Section      824  btod.o(CL$$btod_div_common)
    CL$$btod_e2e                             0x080016da   Section      198  btod.o(CL$$btod_e2e)
    CL$$btod_ediv                            0x080017a0   Section       40  btod.o(CL$$btod_ediv)
    CL$$btod_emul                            0x080017c8   Section       40  btod.o(CL$$btod_emul)
    CL$$btod_mult_common                     0x080017f0   Section      580  btod.o(CL$$btod_mult_common)
    i.DMA2_Channel3_IRQHandler               0x08001a34   Section        0  sdadc.o(i.DMA2_Channel3_IRQHandler)
    i.EXTI15_10_IRQHandler                   0x08001adc   Section        0  interrupt.o(i.EXTI15_10_IRQHandler)
    i.SystemInit                             0x08001c10   Section        0  system_stm32f3xx.o(i.SystemInit)
    i.TIM3_IRQHandler                        0x08001c8c   Section        0  sdadc.o(i.TIM3_IRQHandler)
    i._Z10SDADC_initv                        0x08001de4   Section        0  sdadc.o(i._Z10SDADC_initv)
    i._Z10at24c_inith                        0x08001fa8   Section        0  at24c.o(i._Z10at24c_inith)
    i._Z10drawScreenv                        0x08001fbc   Section        0  draw.o(i._Z10drawScreenv)
    i._Z10uart_printPc                       0x08002064   Section        0  uart.o(i._Z10uart_printPc)
    i._Z11SDADC_startv                       0x0800207c   Section        0  sdadc.o(i._Z11SDADC_startv)
    i._Z11_delay_initv                       0x080020bc   Section        0  delay.o(i._Z11_delay_initv)
    i._Z11i2c_requesth                       0x080020d0   Section        0  i2c.o(i._Z11i2c_requesth)
    i._Z11uart_printfPcz                     0x08002120   Section        0  uart.o(i._Z11uart_printfPcz)
    i._Z12i2c_transmitv                      0x08002158   Section        0  i2c.o(i._Z12i2c_transmitv)
    i._Z13componentTestv                     0x080021b8   Section        0  ctest.o(i._Z13componentTestv)
    i._Z14_count_us_stopv                    0x0800277c   Section        0  delay.o(i._Z14_count_us_stopv)
    i._Z14drawContScreenv                    0x08002798   Section        0  draw.o(i._Z14drawContScreenv)
    i._Z14drawCurrScreenv                    0x08002974   Section        0  draw.o(i._Z14drawCurrScreenv)
    i._Z14drawFreqScreenv                    0x08002b4c   Section        0  draw.o(i._Z14drawFreqScreenv)
    i._Z14drawVoltScreenv                    0x08002ca8   Section        0  draw.o(i._Z14drawVoltScreenv)
    i._Z14i2c_readBufferh                    0x08002f18   Section        0  i2c.o(i._Z14i2c_readBufferh)
    i._Z15_count_us_startv                   0x08002f24   Section        0  delay.o(i._Z15_count_us_startv)
    i._Z15adc1_getReadinghh                  0x08002f58   Section        0  adc.o(i._Z15adc1_getReadinghh)
    i._Z15at24c_read_byteh                   0x08002fa4   Section        0  at24c.o(i._Z15at24c_read_byteh)
    i._Z15at24c_read_pageh                   0x08002fd4   Section        0  at24c.o(i._Z15at24c_read_pageh)
    i._Z15drawPowerScreenv                   0x0800301c   Section        0  draw.o(i._Z15drawPowerScreenv)
    i._Z15i2c_writeBufferh                   0x080033e0   Section        0  i2c.o(i._Z15i2c_writeBufferh)
    i._Z15setCurrentRangev                   0x080033fc   Section        0  interrupt.o(i._Z15setCurrentRangev)
    i._Z15setVoltageRangev                   0x0800341c   Section        0  interrupt.o(i._Z15setVoltageRangev)
    i._Z16__NVIC_EnableIRQ9IRQn_Type         0x080034e0   Section        0  init.o(i._Z16__NVIC_EnableIRQ9IRQn_Type)
    __NVIC_EnableIRQ(IRQn_Type)              0x080034e1   Thumb Code    26  init.o(i._Z16__NVIC_EnableIRQ9IRQn_Type)
    i._Z16drawSplashScreenv                  0x080034fc   Section        0  draw.o(i._Z16drawSplashScreenv)
    i._Z18__NVIC_SetPriority9IRQn_Typej      0x0800370c   Section        0  init.o(i._Z18__NVIC_SetPriority9IRQn_Typej)
    __NVIC_SetPriority(IRQn_Type, unsigned)  0x0800370d   Thumb Code    32  init.o(i._Z18__NVIC_SetPriority9IRQn_Typej)
    i._Z18drawCompTestScreenv                0x08003734   Section        0  draw.o(i._Z18drawCompTestScreenv)
    i._Z18eeprom_read_floatshRfS_            0x08003a24   Section        0  at24c.o(i._Z18eeprom_read_floatshRfS_)
    i._Z19i2c_setSlaveAddressh               0x08003a5c   Section        0  i2c.o(i._Z19i2c_setSlaveAddressh)
    i._Z8i2c_initv                           0x08003a6c   Section        0  i2c.o(i._Z8i2c_initv)
    i._Z8init_BKPv                           0x08003ad8   Section        0  init.o(i._Z8init_BKPv)
    i._Z8init_RCCv                           0x08003b5c   Section        0  init.o(i._Z8init_RCCv)
    i._Z9_delay_mst                          0x08003bac   Section        0  delay.o(i._Z9_delay_mst)
    i._Z9_delay_ust                          0x08003c0c   Section        0  delay.o(i._Z9_delay_ust)
    i._Z9adc1_initv                          0x08003c5c   Section        0  adc.o(i._Z9adc1_initv)
    i._Z9init_EXTIv                          0x08003cd8   Section        0  init.o(i._Z9init_EXTIv)
    i._Z9init_GPIOv                          0x08003d54   Section        0  init.o(i._Z9init_GPIOv)
    i._Z9init_TIM2v                          0x08003e10   Section        0  init.o(i._Z9init_TIM2v)
    i._Z9init_TIM3v                          0x08003e34   Section        0  init.o(i._Z9init_TIM3v)
    i._Z9uart_charc                          0x08003ea4   Section        0  uart.o(i._Z9uart_charc)
    i._Z9uart_initv                          0x08003ec0   Section        0  uart.o(i._Z9uart_initv)
    i._ZN8LCD_511012clearDisplayEv           0x08003f18   Section        0  5110.o(i._ZN8LCD_511012clearDisplayEv)
    i._ZN8LCD_511012drawFillRectEssssb       0x08003f40   Section        0  5110.o(i._ZN8LCD_511012drawFillRectEssssb)
    i._ZN8LCD_51105beginEhh                  0x08003f74   Section        0  5110.o(i._ZN8LCD_51105beginEhh)
    i._ZN8LCD_51105printEPc                  0x08004080   Section        0  5110.o(i._ZN8LCD_51105printEPc)
    i._ZN8LCD_51106printfEPcz                0x080040c8   Section        0  5110.o(i._ZN8LCD_51106printfEPcz)
    i._ZN8LCD_51107commandEh                 0x080040f8   Section        0  5110.o(i._ZN8LCD_51107commandEh)
    i._ZN8LCD_51107displayEv                 0x08004114   Section        0  5110.o(i._ZN8LCD_51107displayEv)
    i._ZN8LCD_51107printxyEPchh              0x08004174   Section        0  5110.o(i._ZN8LCD_51107printxyEPchh)
    i._ZN8LCD_51107setFontEPK7GFXfont        0x08004198   Section        0  5110.o(i._ZN8LCD_51107setFontEPK7GFXfont)
    i._ZN8LCD_51108drawCharEsshbbh           0x080041cc   Section        0  5110.o(i._ZN8LCD_51108drawCharEsshbbh)
    i._ZN8LCD_51108drawLineEssssb            0x080042cc   Section        0  5110.o(i._ZN8LCD_51108drawLineEssssb)
    i._ZN8LCD_51108spiWriteEh                0x080043a4   Section        0  5110.o(i._ZN8LCD_51108spiWriteEh)
    i._ZN8LCD_51109drawPixelEsst             0x080043c8   Section        0  5110.o(i._ZN8LCD_51109drawPixelEsst)
    i._ZN8LCD_51109setCursorEhh              0x08004490   Section        0  5110.o(i._ZN8LCD_51109setCursorEhh)
    i._ZSt4sqrtf                             0x080044a4   Section        0  sdadc.o(i._ZSt4sqrtf)
    i.__ARM_fpclassify                       0x080044bc   Section        0  fpclassify.o(i.__ARM_fpclassify)
    i.__hardfp_sqrtf                         0x080044ec   Section        0  sqrtf.o(i.__hardfp_sqrtf)
    i._is_digit                              0x08004526   Section        0  __printf_wp.o(i._is_digit)
    i.main                                   0x08004534   Section        0  main.o(i.main)
    locale$$code                             0x08004578   Section       44  lc_numeric_c.o(locale$$code)
    locale$$code                             0x080045a4   Section       44  lc_ctype_c.o(locale$$code)
    x$fpl$dretinf                            0x080045d0   Section       12  dretinf.o(x$fpl$dretinf)
    $v0                                      0x080045d0   Number         0  dretinf.o(x$fpl$dretinf)
    x$fpl$f2d                                0x080045dc   Section       86  f2d.o(x$fpl$f2d)
    $v0                                      0x080045dc   Number         0  f2d.o(x$fpl$f2d)
    x$fpl$ffltll                             0x08004632   Section       96  ffltll_clz.o(x$fpl$ffltll)
    $v0                                      0x08004632   Number         0  ffltll_clz.o(x$fpl$ffltll)
    x$fpl$fnaninf                            0x08004692   Section      140  fnaninf.o(x$fpl$fnaninf)
    $v0                                      0x08004692   Number         0  fnaninf.o(x$fpl$fnaninf)
    x$fpl$fpinit                             0x0800471e   Section       10  fpinit.o(x$fpl$fpinit)
    $v0                                      0x0800471e   Number         0  fpinit.o(x$fpl$fpinit)
    x$fpl$printf1                            0x08004728   Section        4  printf1.o(x$fpl$printf1)
    $v0                                      0x08004728   Number         0  printf1.o(x$fpl$printf1)
    .constdata                               0x0800472c   Section     6812  draw.o(.constdata)
    x$fpl$usenofp                            0x0800472c   Section        0  usenofp.o(x$fpl$usenofp)
    Lato_Medium_9Bitmaps                     0x0800472c   Data         356  draw.o(.constdata)
    Lato_Medium_9Glyphs                      0x08004890   Data         752  draw.o(.constdata)
    Lato_Medium_9                            0x08004b80   Data          12  draw.o(.constdata)
    Lato_Heavy_16Bitmaps                     0x08004b8c   Data        1011  draw.o(.constdata)
    Lato_Heavy_16Glyphs                      0x08004f80   Data         752  draw.o(.constdata)
    Lato_Heavy_16                            0x08005270   Data          12  draw.o(.constdata)
    Lato_Heavy_28Bitmaps                     0x0800527c   Data        3149  draw.o(.constdata)
    Lato_Heavy_28Glyphs                      0x08005eca   Data         752  draw.o(.constdata)
    Lato_Heavy_28                            0x080061bc   Data          12  draw.o(.constdata)
    .constdata                               0x080061c8   Section        8  _printf_wctomb.o(.constdata)
    initial_mbstate                          0x080061c8   Data           8  _printf_wctomb.o(.constdata)
    .constdata                               0x080061d0   Section       40  _printf_hex_int_ll_ptr.o(.constdata)
    uc_hextab                                0x080061d0   Data          20  _printf_hex_int_ll_ptr.o(.constdata)
    lc_hextab                                0x080061e4   Data          20  _printf_hex_int_ll_ptr.o(.constdata)
    .constdata                               0x080061f8   Section       17  __printf_flags_ss_wp.o(.constdata)
    maptable                                 0x080061f8   Data          17  __printf_flags_ss_wp.o(.constdata)
    .constdata                               0x0800620c   Section      148  bigflt0.o(.constdata)
    tenpwrs_x                                0x0800620c   Data          60  bigflt0.o(.constdata)
    tenpwrs_i                                0x08006248   Data          64  bigflt0.o(.constdata)
    .conststring                             0x080062a0   Section       97  draw.o(.conststring)
    locale$$data                             0x08006324   Section       28  lc_numeric_c.o(locale$$data)
    __lcnum_c_name                           0x08006328   Data           2  lc_numeric_c.o(locale$$data)
    __lcnum_c_start                          0x08006330   Data           0  lc_numeric_c.o(locale$$data)
    __lcnum_c_point                          0x0800633c   Data           0  lc_numeric_c.o(locale$$data)
    __lcnum_c_thousands                      0x0800633e   Data           0  lc_numeric_c.o(locale$$data)
    __lcnum_c_grouping                       0x0800633f   Data           0  lc_numeric_c.o(locale$$data)
    locale$$data                             0x08006340   Section      272  lc_ctype_c.o(locale$$data)
    __lcnum_c_end                            0x08006340   Data           0  lc_numeric_c.o(locale$$data)
    __lcctype_c_name                         0x08006344   Data           2  lc_ctype_c.o(locale$$data)
    __lcctype_c_start                        0x0800634c   Data           0  lc_ctype_c.o(locale$$data)
    __lcctype_c_end                          0x08006450   Data           0  lc_ctype_c.o(locale$$data)
    .data                                    0x20000000   Section       64  sdadc.o(.data)
    .data                                    0x20000040   Section        9  5110.o(.data)
    .data                                    0x2000004c   Section       76  draw.o(.data)
    intro_line1                              0x20000050   Data          24  draw.o(.data)
    intro_line2                              0x20000068   Data          24  draw.o(.data)
    .data                                    0x20000098   Section        2  uart.o(.data)
    .data                                    0x2000009a   Section        9  at24c.o(.data)
    page                                     0x2000009b   Data           8  at24c.o(.data)
    .data                                    0x200000a3   Section        1  i2c.o(.data)
    .data                                    0x200000a4   Section        7  ctest.o(.data)
    .bss                                     0x200000ac   Section     4000  sdadc.o(.bss)
    .bss                                     0x2000104c   Section      504  5110.o(.bss)
    .bss                                     0x20001244   Section       32  draw.o(.bss)
    .bss                                     0x20001264   Section      128  uart.o(.bss)
    .bss                                     0x200012e4   Section       24  i2c.o(.bss)
    .bss                                     0x200012fc   Section       96  libspace.o(.bss)
    HEAP                                     0x20001360   Section      512  startup_stm32f373xc.o(HEAP)
    Heap_Mem                                 0x20001360   Data         512  startup_stm32f373xc.o(HEAP)
    STACK                                    0x20001560   Section     1024  startup_stm32f373xc.o(STACK)
    Stack_Mem                                0x20001560   Data        1024  startup_stm32f373xc.o(STACK)
    __initial_sp                             0x20001960   Data           0  startup_stm32f373xc.o(STACK)

    Global Symbols

    Symbol Name                              Value     Ov Type        Size  Object(Section)

    BuildAttributes$$THM_ISAv4$E$P$D$K$B$S$7EM$VFPi3$EXTD16$VFPS$VFMA$PE$A:L22UL41UL21$X:L11$S22US41US21$IEEE1$IW$USESV6$~STKCKD$USESV7$~SHL$OTIME$ROPI$IEEEJ$EBA8$UX$STANDARDLIB$REQ8$PRES8$EABIv2 0x00000000   Number         0  anon$$obj.o ABSOLUTE
    __ARM_use_no_argv                        0x00000000   Number         0  main.o ABSOLUTE
    _printf_flags                            0x00000000   Number         0  printf_stubs.o ABSOLUTE
    _printf_return_value                     0x00000000   Number         0  printf_stubs.o ABSOLUTE
    _printf_sizespec                         0x00000000   Number         0  printf_stubs.o ABSOLUTE
    _printf_widthprec                        0x00000000   Number         0  printf_stubs.o ABSOLUTE
    __ARM_exceptions_init                     - Undefined Weak Reference
    __alloca_initialize                       - Undefined Weak Reference
    __arm_preinit_                            - Undefined Weak Reference
    __cpp_initialize__aeabi_                  - Undefined Weak Reference
    __cxa_finalize                            - Undefined Weak Reference
    __sigvec_lookup                           - Undefined Weak Reference
    _atexit_init                              - Undefined Weak Reference
    _call_atexit_fns                          - Undefined Weak Reference
    _clock_init                               - Undefined Weak Reference
    _fp_trap_init                             - Undefined Weak Reference
    _fp_trap_shutdown                         - Undefined Weak Reference
    _get_lc_collate                           - Undefined Weak Reference
    _get_lc_monetary                          - Undefined Weak Reference
    _get_lc_time                              - Undefined Weak Reference
    _getenv_init                              - Undefined Weak Reference
    _handle_redirection                       - Undefined Weak Reference
    _init_alloc                               - Undefined Weak Reference
    _init_user_alloc                          - Undefined Weak Reference
    _initio                                   - Undefined Weak Reference
    _printf_fp_hex                            - Undefined Weak Reference
    _printf_mbtowc                            - Undefined Weak Reference
    _printf_wc                                - Undefined Weak Reference
    _rand_init                                - Undefined Weak Reference
    _signal_finish                            - Undefined Weak Reference
    _signal_init                              - Undefined Weak Reference
    _terminate_alloc                          - Undefined Weak Reference
    _terminate_user_alloc                     - Undefined Weak Reference
    _terminateio                              - Undefined Weak Reference
    __Vectors_Size                           0x00000188   Number         0  startup_stm32f373xc.o ABSOLUTE
    __Vectors                                0x08000000   Data           4  startup_stm32f373xc.o(RESET)
    __Vectors_End                            0x08000188   Data           0  startup_stm32f373xc.o(RESET)
    __main                                   0x08000189   Thumb Code     8  __main.o(!!!main)
    __scatterload                            0x08000191   Thumb Code     0  __scatter.o(!!!scatter)
    __scatterload_rt2                        0x08000191   Thumb Code    44  __scatter.o(!!!scatter)
    __scatterload_rt2_thumb_only             0x08000191   Thumb Code     0  __scatter.o(!!!scatter)
    __scatterload_null                       0x0800019f   Thumb Code     0  __scatter.o(!!!scatter)
    __scatterload_copy                       0x080001c5   Thumb Code    26  __scatter_copy.o(!!handler_copy)
    __scatterload_zeroinit                   0x080001e1   Thumb Code    28  __scatter_zi.o(!!handler_zi)
    _printf_n                                0x080001fd   Thumb Code     0  _printf_n.o(.ARM.Collect$$_printf_percent$$00000001)
    _printf_percent                          0x080001fd   Thumb Code     0  _printf_percent.o(.ARM.Collect$$_printf_percent$$00000000)
    _printf_p                                0x08000203   Thumb Code     0  _printf_p.o(.ARM.Collect$$_printf_percent$$00000002)
    _printf_f                                0x08000209   Thumb Code     0  _printf_f.o(.ARM.Collect$$_printf_percent$$00000003)
    _printf_e                                0x0800020f   Thumb Code     0  _printf_e.o(.ARM.Collect$$_printf_percent$$00000004)
    _printf_g                                0x08000215   Thumb Code     0  _printf_g.o(.ARM.Collect$$_printf_percent$$00000005)
    _printf_a                                0x0800021b   Thumb Code     0  _printf_a.o(.ARM.Collect$$_printf_percent$$00000006)
    _printf_ll                               0x08000221   Thumb Code     0  _printf_ll.o(.ARM.Collect$$_printf_percent$$00000007)
    _printf_i                                0x0800022b   Thumb Code     0  _printf_i.o(.ARM.Collect$$_printf_percent$$00000008)
    _printf_d                                0x08000231   Thumb Code     0  _printf_d.o(.ARM.Collect$$_printf_percent$$00000009)
    _printf_u                                0x08000237   Thumb Code     0  _printf_u.o(.ARM.Collect$$_printf_percent$$0000000A)
    _printf_o                                0x0800023d   Thumb Code     0  _printf_o.o(.ARM.Collect$$_printf_percent$$0000000B)
    _printf_x                                0x08000243   Thumb Code     0  _printf_x.o(.ARM.Collect$$_printf_percent$$0000000C)
    _printf_lli                              0x08000249   Thumb Code     0  _printf_lli.o(.ARM.Collect$$_printf_percent$$0000000D)
    _printf_lld                              0x0800024f   Thumb Code     0  _printf_lld.o(.ARM.Collect$$_printf_percent$$0000000E)
    _printf_llu                              0x08000255   Thumb Code     0  _printf_llu.o(.ARM.Collect$$_printf_percent$$0000000F)
    _printf_llo                              0x0800025b   Thumb Code     0  _printf_llo.o(.ARM.Collect$$_printf_percent$$00000010)
    _printf_llx                              0x08000261   Thumb Code     0  _printf_llx.o(.ARM.Collect$$_printf_percent$$00000011)
    _printf_l                                0x08000267   Thumb Code     0  _printf_l.o(.ARM.Collect$$_printf_percent$$00000012)
    _printf_c                                0x08000271   Thumb Code     0  _printf_c.o(.ARM.Collect$$_printf_percent$$00000013)
    _printf_s                                0x08000277   Thumb Code     0  _printf_s.o(.ARM.Collect$$_printf_percent$$00000014)
    _printf_lc                               0x0800027d   Thumb Code     0  _printf_lc.o(.ARM.Collect$$_printf_percent$$00000015)
    _printf_ls                               0x08000283   Thumb Code     0  _printf_ls.o(.ARM.Collect$$_printf_percent$$00000016)
    _printf_percent_end                      0x08000289   Thumb Code     0  _printf_percent_end.o(.ARM.Collect$$_printf_percent$$00000017)
    __rt_lib_init                            0x0800028d   Thumb Code     0  libinit.o(.ARM.Collect$$libinit$$00000000)
    __rt_lib_init_fp_1                       0x0800028f   Thumb Code     0  libinit2.o(.ARM.Collect$$libinit$$00000001)
    __rt_lib_init_heap_1                     0x08000293   Thumb Code     0  libinit2.o(.ARM.Collect$$libinit$$0000000A)
    __rt_lib_init_lc_common                  0x08000293   Thumb Code     0  libinit2.o(.ARM.Collect$$libinit$$0000000F)
    __rt_lib_init_preinit_1                  0x08000293   Thumb Code     0  libinit2.o(.ARM.Collect$$libinit$$00000004)
    __rt_lib_init_rand_1                     0x08000293   Thumb Code     0  libinit2.o(.ARM.Collect$$libinit$$0000000E)
    __rt_lib_init_user_alloc_1               0x08000293   Thumb Code     0  libinit2.o(.ARM.Collect$$libinit$$0000000C)
    __rt_lib_init_lc_collate_1               0x08000299   Thumb Code     0  libinit2.o(.ARM.Collect$$libinit$$00000011)
    __rt_lib_init_lc_ctype_2                 0x08000299   Thumb Code     0  libinit2.o(.ARM.Collect$$libinit$$00000012)
    __rt_lib_init_lc_ctype_1                 0x080002a5   Thumb Code     0  libinit2.o(.ARM.Collect$$libinit$$00000013)
    __rt_lib_init_lc_monetary_1              0x080002a5   Thumb Code     0  libinit2.o(.ARM.Collect$$libinit$$00000015)
    __rt_lib_init_lc_numeric_2               0x080002a5   Thumb Code     0  libinit2.o(.ARM.Collect$$libinit$$00000016)
    __rt_lib_init_alloca_1                   0x080002af   Thumb Code     0  libinit2.o(.ARM.Collect$$libinit$$0000002E)
    __rt_lib_init_argv_1                     0x080002af   Thumb Code     0  libinit2.o(.ARM.Collect$$libinit$$0000002C)
    __rt_lib_init_atexit_1                   0x080002af   Thumb Code     0  libinit2.o(.ARM.Collect$$libinit$$0000001B)
    __rt_lib_init_clock_1                    0x080002af   Thumb Code     0  libinit2.o(.ARM.Collect$$libinit$$00000021)
    __rt_lib_init_cpp_1                      0x080002af   Thumb Code     0  libinit2.o(.ARM.Collect$$libinit$$00000032)
    __rt_lib_init_exceptions_1               0x080002af   Thumb Code     0  libinit2.o(.ARM.Collect$$libinit$$00000030)
    __rt_lib_init_fp_trap_1                  0x080002af   Thumb Code     0  libinit2.o(.ARM.Collect$$libinit$$0000001F)
    __rt_lib_init_getenv_1                   0x080002af   Thumb Code     0  libinit2.o(.ARM.Collect$$libinit$$00000023)
    __rt_lib_init_lc_numeric_1               0x080002af   Thumb Code     0  libinit2.o(.ARM.Collect$$libinit$$00000017)
    __rt_lib_init_lc_time_1                  0x080002af   Thumb Code     0  libinit2.o(.ARM.Collect$$libinit$$00000019)
    __rt_lib_init_return                     0x080002af   Thumb Code     0  libinit2.o(.ARM.Collect$$libinit$$00000033)
    __rt_lib_init_signal_1                   0x080002af   Thumb Code     0  libinit2.o(.ARM.Collect$$libinit$$0000001D)
    __rt_lib_init_stdio_1                    0x080002af   Thumb Code     0  libinit2.o(.ARM.Collect$$libinit$$00000025)
    __rt_lib_shutdown                        0x080002b1   Thumb Code     0  libshutdown.o(.ARM.Collect$$libshutdown$$00000000)
    __rt_lib_shutdown_cpp_1                  0x080002b3   Thumb Code     0  libshutdown2.o(.ARM.Collect$$libshutdown$$00000002)
    __rt_lib_shutdown_fp_trap_1              0x080002b3   Thumb Code     0  libshutdown2.o(.ARM.Collect$$libshutdown$$00000007)
    __rt_lib_shutdown_heap_1                 0x080002b3   Thumb Code     0  libshutdown2.o(.ARM.Collect$$libshutdown$$0000000F)
    __rt_lib_shutdown_return                 0x080002b3   Thumb Code     0  libshutdown2.o(.ARM.Collect$$libshutdown$$00000010)
    __rt_lib_shutdown_signal_1               0x080002b3   Thumb Code     0  libshutdown2.o(.ARM.Collect$$libshutdown$$0000000A)
    __rt_lib_shutdown_stdio_1                0x080002b3   Thumb Code     0  libshutdown2.o(.ARM.Collect$$libshutdown$$00000004)
    __rt_lib_shutdown_user_alloc_1           0x080002b3   Thumb Code     0  libshutdown2.o(.ARM.Collect$$libshutdown$$0000000C)
    __rt_entry                               0x080002b5   Thumb Code     0  __rtentry.o(.ARM.Collect$$rtentry$$00000000)
    __rt_entry_presh_1                       0x080002b5   Thumb Code     0  __rtentry2.o(.ARM.Collect$$rtentry$$00000002)
    __rt_entry_sh                            0x080002b5   Thumb Code     0  __rtentry4.o(.ARM.Collect$$rtentry$$00000004)
    __rt_entry_li                            0x080002bb   Thumb Code     0  __rtentry2.o(.ARM.Collect$$rtentry$$0000000A)
    __rt_entry_postsh_1                      0x080002bb   Thumb Code     0  __rtentry2.o(.ARM.Collect$$rtentry$$00000009)
    __rt_entry_main                          0x080002bf   Thumb Code     0  __rtentry2.o(.ARM.Collect$$rtentry$$0000000D)
    __rt_entry_postli_1                      0x080002bf   Thumb Code     0  __rtentry2.o(.ARM.Collect$$rtentry$$0000000C)
    __rt_exit                                0x080002c7   Thumb Code     0  rtexit.o(.ARM.Collect$$rtexit$$00000000)
    __rt_exit_ls                             0x080002c9   Thumb Code     0  rtexit2.o(.ARM.Collect$$rtexit$$00000003)
    __rt_exit_prels_1                        0x080002c9   Thumb Code     0  rtexit2.o(.ARM.Collect$$rtexit$$00000002)
    __rt_exit_exit                           0x080002cd   Thumb Code     0  rtexit2.o(.ARM.Collect$$rtexit$$00000004)
    Reset_Handler                            0x080002d5   Thumb Code     8  startup_stm32f373xc.o(.text)
    NMI_Handler                              0x080002dd   Thumb Code     2  startup_stm32f373xc.o(.text)
    HardFault_Handler                        0x080002df   Thumb Code     2  startup_stm32f373xc.o(.text)
    MemManage_Handler                        0x080002e1   Thumb Code     2  startup_stm32f373xc.o(.text)
    BusFault_Handler                         0x080002e3   Thumb Code     2  startup_stm32f373xc.o(.text)
    UsageFault_Handler                       0x080002e5   Thumb Code     2  startup_stm32f373xc.o(.text)
    SVC_Handler                              0x080002e7   Thumb Code     2  startup_stm32f373xc.o(.text)
    DebugMon_Handler                         0x080002e9   Thumb Code     2  startup_stm32f373xc.o(.text)
    PendSV_Handler                           0x080002eb   Thumb Code     2  startup_stm32f373xc.o(.text)
    SysTick_Handler                          0x080002ed   Thumb Code     2  startup_stm32f373xc.o(.text)
    ADC1_IRQHandler                          0x080002ef   Thumb Code     0  startup_stm32f373xc.o(.text)
    CAN_RX0_IRQHandler                       0x080002ef   Thumb Code     0  startup_stm32f373xc.o(.text)
    CAN_RX1_IRQHandler                       0x080002ef   Thumb Code     0  startup_stm32f373xc.o(.text)
    CAN_SCE_IRQHandler                       0x080002ef   Thumb Code     0  startup_stm32f373xc.o(.text)
    CAN_TX_IRQHandler                        0x080002ef   Thumb Code     0  startup_stm32f373xc.o(.text)
    CEC_IRQHandler                           0x080002ef   Thumb Code     0  startup_stm32f373xc.o(.text)
    COMP1_2_IRQHandler                       0x080002ef   Thumb Code     0  startup_stm32f373xc.o(.text)
    DMA1_Channel1_IRQHandler                 0x080002ef   Thumb Code     0  startup_stm32f373xc.o(.text)
    DMA1_Channel2_IRQHandler                 0x080002ef   Thumb Code     0  startup_stm32f373xc.o(.text)
    DMA1_Channel3_IRQHandler                 0x080002ef   Thumb Code     0  startup_stm32f373xc.o(.text)
    DMA1_Channel4_IRQHandler                 0x080002ef   Thumb Code     0  startup_stm32f373xc.o(.text)
    DMA1_Channel5_IRQHandler                 0x080002ef   Thumb Code     0  startup_stm32f373xc.o(.text)
    DMA1_Channel6_IRQHandler                 0x080002ef   Thumb Code     0  startup_stm32f373xc.o(.text)
    DMA1_Channel7_IRQHandler                 0x080002ef   Thumb Code     0  startup_stm32f373xc.o(.text)
    DMA2_Channel1_IRQHandler                 0x080002ef   Thumb Code     0  startup_stm32f373xc.o(.text)
    DMA2_Channel2_IRQHandler                 0x080002ef   Thumb Code     0  startup_stm32f373xc.o(.text)
    DMA2_Channel4_IRQHandler                 0x080002ef   Thumb Code     0  startup_stm32f373xc.o(.text)
    DMA2_Channel5_IRQHandler                 0x080002ef   Thumb Code     0  startup_stm32f373xc.o(.text)
    EXTI0_IRQHandler                         0x080002ef   Thumb Code     0  startup_stm32f373xc.o(.text)
    EXTI1_IRQHandler                         0x080002ef   Thumb Code     0  startup_stm32f373xc.o(.text)
    EXTI2_TSC_IRQHandler                     0x080002ef   Thumb Code     0  startup_stm32f373xc.o(.text)
    EXTI3_IRQHandler                         0x080002ef   Thumb Code     0  startup_stm32f373xc.o(.text)
    EXTI4_IRQHandler                         0x080002ef   Thumb Code     0  startup_stm32f373xc.o(.text)
    EXTI9_5_IRQHandler                       0x080002ef   Thumb Code     0  startup_stm32f373xc.o(.text)
    FLASH_IRQHandler                         0x080002ef   Thumb Code     0  startup_stm32f373xc.o(.text)
    FPU_IRQHandler                           0x080002ef   Thumb Code     0  startup_stm32f373xc.o(.text)
    I2C1_ER_IRQHandler                       0x080002ef   Thumb Code     0  startup_stm32f373xc.o(.text)
    I2C1_EV_IRQHandler                       0x080002ef   Thumb Code     0  startup_stm32f373xc.o(.text)
    I2C2_ER_IRQHandler                       0x080002ef   Thumb Code     0  startup_stm32f373xc.o(.text)
    I2C2_EV_IRQHandler                       0x080002ef   Thumb Code     0  startup_stm32f373xc.o(.text)
    PVD_IRQHandler                           0x080002ef   Thumb Code     0  startup_stm32f373xc.o(.text)
    RCC_IRQHandler                           0x080002ef   Thumb Code     0  startup_stm32f373xc.o(.text)
    RTC_Alarm_IRQHandler                     0x080002ef   Thumb Code     0  startup_stm32f373xc.o(.text)
    RTC_WKUP_IRQHandler                      0x080002ef   Thumb Code     0  startup_stm32f373xc.o(.text)
    SDADC1_IRQHandler                        0x080002ef   Thumb Code     0  startup_stm32f373xc.o(.text)
    SDADC2_IRQHandler                        0x080002ef   Thumb Code     0  startup_stm32f373xc.o(.text)
    SDADC3_IRQHandler                        0x080002ef   Thumb Code     0  startup_stm32f373xc.o(.text)
    SPI1_IRQHandler                          0x080002ef   Thumb Code     0  startup_stm32f373xc.o(.text)
    SPI2_IRQHandler                          0x080002ef   Thumb Code     0  startup_stm32f373xc.o(.text)
    SPI3_IRQHandler                          0x080002ef   Thumb Code     0  startup_stm32f373xc.o(.text)
    TAMP_STAMP_IRQHandler                    0x080002ef   Thumb Code     0  startup_stm32f373xc.o(.text)
    TIM12_IRQHandler                         0x080002ef   Thumb Code     0  startup_stm32f373xc.o(.text)
    TIM13_IRQHandler                         0x080002ef   Thumb Code     0  startup_stm32f373xc.o(.text)
    TIM14_IRQHandler                         0x080002ef   Thumb Code     0  startup_stm32f373xc.o(.text)
    TIM15_IRQHandler                         0x080002ef   Thumb Code     0  startup_stm32f373xc.o(.text)
    TIM16_IRQHandler                         0x080002ef   Thumb Code     0  startup_stm32f373xc.o(.text)
    TIM17_IRQHandler                         0x080002ef   Thumb Code     0  startup_stm32f373xc.o(.text)
    TIM18_DAC2_IRQHandler                    0x080002ef   Thumb Code     0  startup_stm32f373xc.o(.text)
    TIM19_IRQHandler                         0x080002ef   Thumb Code     0  startup_stm32f373xc.o(.text)
    TIM2_IRQHandler                          0x080002ef   Thumb Code     0  startup_stm32f373xc.o(.text)
    TIM4_IRQHandler                          0x080002ef   Thumb Code     0  startup_stm32f373xc.o(.text)
    TIM5_IRQHandler                          0x080002ef   Thumb Code     0  startup_stm32f373xc.o(.text)
    TIM6_DAC1_IRQHandler                     0x080002ef   Thumb Code     0  startup_stm32f373xc.o(.text)
    TIM7_IRQHandler                          0x080002ef   Thumb Code     0  startup_stm32f373xc.o(.text)
    USART1_IRQHandler                        0x080002ef   Thumb Code     0  startup_stm32f373xc.o(.text)
    USART2_IRQHandler                        0x080002ef   Thumb Code     0  startup_stm32f373xc.o(.text)
    USART3_IRQHandler                        0x080002ef   Thumb Code     0  startup_stm32f373xc.o(.text)
    USBWakeUp_IRQHandler                     0x080002ef   Thumb Code     0  startup_stm32f373xc.o(.text)
    USB_HP_IRQHandler                        0x080002ef   Thumb Code     0  startup_stm32f373xc.o(.text)
    USB_LP_IRQHandler                        0x080002ef   Thumb Code     0  startup_stm32f373xc.o(.text)
    WWDG_IRQHandler                          0x080002ef   Thumb Code     0  startup_stm32f373xc.o(.text)
    __user_initial_stackheap                 0x080002f1   Thumb Code     0  startup_stm32f373xc.o(.text)
    __aeabi_uldivmod                         0x08000315   Thumb Code     0  lludivv7m.o(.text)
    _ll_udiv                                 0x08000315   Thumb Code   238  lludivv7m.o(.text)
    __c89vsnprintf                           0x08000405   Thumb Code    48  c89vsnprintf.o(.text)
    __aeabi_memclr                           0x08000439   Thumb Code     0  rt_memclr.o(.text)
    __rt_memclr                              0x08000439   Thumb Code    68  rt_memclr.o(.text)
    _memset                                  0x0800043d   Thumb Code     0  rt_memclr.o(.text)
    __use_two_region_memory                  0x0800047d   Thumb Code     2  heapauxi.o(.text)
    __rt_heap_escrow$2region                 0x0800047f   Thumb Code     2  heapauxi.o(.text)
    __rt_heap_expand$2region                 0x08000481   Thumb Code     2  heapauxi.o(.text)
    __read_errno                             0x08000483   Thumb Code    10  _rserrno.o(.text)
    __set_errno                              0x0800048d   Thumb Code    12  _rserrno.o(.text)
    _printf_pre_padding                      0x08000499   Thumb Code    44  _printf_pad.o(.text)
    _printf_post_padding                     0x080004c5   Thumb Code    34  _printf_pad.o(.text)
    _printf_truncate_signed                  0x080004e7   Thumb Code    18  _printf_truncate.o(.text)
    _printf_truncate_unsigned                0x080004f9   Thumb Code    18  _printf_truncate.o(.text)
    _printf_str                              0x0800050b   Thumb Code    82  _printf_str.o(.text)
    _printf_int_dec                          0x0800055d   Thumb Code   104  _printf_dec.o(.text)
    _printf_charcount                        0x080005d5   Thumb Code    40  _printf_charcount.o(.text)
    _printf_char_common                      0x08000607   Thumb Code    32  _printf_char_common.o(.text)
    _sputc                                   0x0800062d   Thumb Code    10  _sputc.o(.text)
    _snputc                                  0x08000637   Thumb Code    16  _snputc.o(.text)
    _printf_wctomb                           0x08000649   Thumb Code   182  _printf_wctomb.o(.text)
    _printf_longlong_dec                     0x08000705   Thumb Code   108  _printf_longlong_dec.o(.text)
    _printf_longlong_oct                     0x08000781   Thumb Code    66  _printf_oct_int_ll.o(.text)
    _printf_int_oct                          0x080007c3   Thumb Code    24  _printf_oct_int_ll.o(.text)
    _printf_ll_oct                           0x080007db   Thumb Code    12  _printf_oct_int_ll.o(.text)
    _printf_longlong_hex                     0x080007f1   Thumb Code    86  _printf_hex_int_ll_ptr.o(.text)
    _printf_int_hex                          0x08000847   Thumb Code    28  _printf_hex_int_ll_ptr.o(.text)
    _printf_ll_hex                           0x08000863   Thumb Code    12  _printf_hex_int_ll_ptr.o(.text)
    _printf_hex_ptr                          0x0800086f   Thumb Code    18  _printf_hex_int_ll_ptr.o(.text)
    __printf                                 0x08000885   Thumb Code   388  __printf_flags_ss_wp.o(.text)
    __aeabi_memclr4                          0x08000a0d   Thumb Code     0  rt_memclr_w.o(.text)
    __aeabi_memclr8                          0x08000a0d   Thumb Code     0  rt_memclr_w.o(.text)
    __rt_memclr_w                            0x08000a0d   Thumb Code    78  rt_memclr_w.o(.text)
    _memset_w                                0x08000a11   Thumb Code     0  rt_memclr_w.o(.text)
    __aeabi_errno_addr                       0x08000a5d   Thumb Code     8  rt_errno_addr_intlibspace.o(.text)
    __errno$intlibspace                      0x08000a5d   Thumb Code     0  rt_errno_addr_intlibspace.o(.text)
    __rt_errno_addr$intlibspace              0x08000a5d   Thumb Code     0  rt_errno_addr_intlibspace.o(.text)
    _ll_udiv10                               0x08000a65   Thumb Code   138  lludiv10.o(.text)
    _printf_int_common                       0x08000aef   Thumb Code   178  _printf_intcommon.o(.text)
    __lib_sel_fp_printf                      0x08000ba1   Thumb Code     2  _printf_fp_dec.o(.text)
    _printf_fp_dec_real                      0x08000d4f   Thumb Code   620  _printf_fp_dec.o(.text)
    _printf_cs_common                        0x08000fbb   Thumb Code    20  _printf_char.o(.text)
    _printf_char                             0x08000fcf   Thumb Code    16  _printf_char.o(.text)
    _printf_string                           0x08000fdf   Thumb Code     8  _printf_char.o(.text)
    _printf_lcs_common                       0x08000fe7   Thumb Code    20  _printf_wchar.o(.text)
    _printf_wchar                            0x08000ffb   Thumb Code    16  _printf_wchar.o(.text)
    _printf_wstring                          0x0800100b   Thumb Code     8  _printf_wchar.o(.text)
    _wcrtomb                                 0x08001013   Thumb Code    64  _wcrtomb.o(.text)
    __user_libspace                          0x08001055   Thumb Code     8  libspace.o(.text)
    __user_perproc_libspace                  0x08001055   Thumb Code     0  libspace.o(.text)
    __user_perthread_libspace                0x08001055   Thumb Code     0  libspace.o(.text)
    __user_setup_stackheap                   0x0800105d   Thumb Code    74  sys_stackheap_outer.o(.text)
    __rt_ctype_table                         0x080010a9   Thumb Code    16  rt_ctype_table.o(.text)
    __rt_locale                              0x080010b9   Thumb Code     8  rt_locale_intlibspace.o(.text)
    _printf_fp_infnan                        0x080010c1   Thumb Code   112  _printf_fp_infnan.o(.text)
    _btod_etento                             0x08001141   Thumb Code   216  bigflt0.o(.text)
    exit                                     0x0800121d   Thumb Code    18  exit.o(.text)
    strcmp                                   0x08001231   Thumb Code   128  strcmpv7m.o(.text)
    _sys_exit                                0x080012b1   Thumb Code     8  sys_exit.o(.text)
    __I$use$semihosting                      0x080012bd   Thumb Code     0  use_no_semi.o(.text)
    __use_no_semihosting_swi                 0x080012bd   Thumb Code     2  use_no_semi.o(.text)
    __semihosting_library_function           0x080012bf   Thumb Code     0  indicate_semi.o(.text)
    _btod_d2e                                0x080012bf   Thumb Code    62  btod.o(CL$$btod_d2e)
    _d2e_denorm_low                          0x080012fd   Thumb Code    70  btod.o(CL$$btod_d2e_denorm_low)
    _d2e_norm_op1                            0x08001343   Thumb Code    96  btod.o(CL$$btod_d2e_norm_op1)
    __btod_div_common                        0x080013a3   Thumb Code   696  btod.o(CL$$btod_div_common)
    _e2e                                     0x080016db   Thumb Code   198  btod.o(CL$$btod_e2e)
    _btod_ediv                               0x080017a1   Thumb Code    40  btod.o(CL$$btod_ediv)
    _btod_emul                               0x080017c9   Thumb Code    40  btod.o(CL$$btod_emul)
    __btod_mult_common                       0x080017f1   Thumb Code   580  btod.o(CL$$btod_mult_common)
    DMA2_Channel3_IRQHandler                 0x08001a35   Thumb Code   138  sdadc.o(i.DMA2_Channel3_IRQHandler)
    EXTI15_10_IRQHandler                     0x08001add   Thumb Code   262  interrupt.o(i.EXTI15_10_IRQHandler)
    SystemInit                               0x08001c11   Thumb Code   104  system_stm32f3xx.o(i.SystemInit)
    TIM3_IRQHandler                          0x08001c8d   Thumb Code   286  sdadc.o(i.TIM3_IRQHandler)
    SDADC_init()                             0x08001de5   Thumb Code   410  sdadc.o(i._Z10SDADC_initv)
    at24c_init(unsigned char)                0x08001fa9   Thumb Code    14  at24c.o(i._Z10at24c_inith)
    drawScreen()                             0x08001fbd   Thumb Code   140  draw.o(i._Z10drawScreenv)
    uart_print(char*)                        0x08002065   Thumb Code    22  uart.o(i._Z10uart_printPc)
    SDADC_start()                            0x0800207d   Thumb Code    54  sdadc.o(i._Z11SDADC_startv)
    _delay_init()                            0x080020bd   Thumb Code    14  delay.o(i._Z11_delay_initv)
    i2c_request(unsigned char)               0x080020d1   Thumb Code    72  i2c.o(i._Z11i2c_requesth)
    uart_printf(char*, ...)                  0x08002121   Thumb Code    46  uart.o(i._Z11uart_printfPcz)
    i2c_transmit()                           0x08002159   Thumb Code    82  i2c.o(i._Z12i2c_transmitv)
    componentTest()                          0x080021b9   Thumb Code  1474  ctest.o(i._Z13componentTestv)
    _count_us_stop()                         0x0800277d   Thumb Code    22  delay.o(i._Z14_count_us_stopv)
    drawContScreen()                         0x08002799   Thumb Code   412  draw.o(i._Z14drawContScreenv)
    drawCurrScreen()                         0x08002975   Thumb Code   356  draw.o(i._Z14drawCurrScreenv)
    drawFreqScreen()                         0x08002b4d   Thumb Code   292  draw.o(i._Z14drawFreqScreenv)
    drawVoltScreen()                         0x08002ca9   Thumb Code   478  draw.o(i._Z14drawVoltScreenv)
    i2c_readBuffer(unsigned char)            0x08002f19   Thumb Code     8  i2c.o(i._Z14i2c_readBufferh)
    _count_us_start()                        0x08002f25   Thumb Code    48  delay.o(i._Z15_count_us_startv)
    adc1_getReading(unsigned char, unsigned char) 0x08002f59   Thumb Code    70  adc.o(i._Z15adc1_getReadinghh)
    at24c_read_byte(unsigned char)           0x08002fa5   Thumb Code    44  at24c.o(i._Z15at24c_read_byteh)
    at24c_read_page(unsigned char)           0x08002fd5   Thumb Code    62  at24c.o(i._Z15at24c_read_pageh)
    drawPowerScreen()                        0x0800301d   Thumb Code   710  draw.o(i._Z15drawPowerScreenv)
    i2c_writeBuffer(unsigned char)           0x080033e1   Thumb Code    18  i2c.o(i._Z15i2c_writeBufferh)
    setCurrentRange()                        0x080033fd   Thumb Code    24  interrupt.o(i._Z15setCurrentRangev)
    setVoltageRange()                        0x0800341d   Thumb Code   182  interrupt.o(i._Z15setVoltageRangev)
    drawSplashScreen()                       0x080034fd   Thumb Code   286  draw.o(i._Z16drawSplashScreenv)
    drawCompTestScreen()                     0x08003735   Thumb Code   524  draw.o(i._Z18drawCompTestScreenv)
    eeprom_read_floats(unsigned char, float&, float&) 0x08003a25   Thumb Code    56  at24c.o(i._Z18eeprom_read_floatshRfS_)
    i2c_setSlaveAddress(unsigned char)       0x08003a5d   Thumb Code    10  i2c.o(i._Z19i2c_setSlaveAddressh)
    i2c_init()                               0x08003a6d   Thumb Code    90  i2c.o(i._Z8i2c_initv)
    init_BKP()                               0x08003ad9   Thumb Code   106  init.o(i._Z8init_BKPv)
    init_RCC()                               0x08003b5d   Thumb Code    64  init.o(i._Z8init_RCCv)
    _delay_ms(unsigned short)                0x08003bad   Thumb Code    90  delay.o(i._Z9_delay_mst)
    _delay_us(unsigned short)                0x08003c0d   Thumb Code    76  delay.o(i._Z9_delay_ust)
    adc1_init()                              0x08003c5d   Thumb Code   106  adc.o(i._Z9adc1_initv)
    init_EXTI()                              0x08003cd9   Thumb Code   108  init.o(i._Z9init_EXTIv)
    init_GPIO()                              0x08003d55   Thumb Code   176  init.o(i._Z9init_GPIOv)
    init_TIM2()                              0x08003e11   Thumb Code    32  init.o(i._Z9init_TIM2v)
    init_TIM3()                              0x08003e35   Thumb Code   102  init.o(i._Z9init_TIM3v)
    uart_char(char)                          0x08003ea5   Thumb Code    22  uart.o(i._Z9uart_charc)
    uart_init()                              0x08003ec1   Thumb Code    78  uart.o(i._Z9uart_initv)
    LCD_5110::clearDisplay()                 0x08003f19   Thumb Code    26  5110.o(i._ZN8LCD_511012clearDisplayEv)
    LCD_5110::drawFillRect(short, short, short, short, bool) 0x08003f41   Thumb Code    50  5110.o(i._ZN8LCD_511012drawFillRectEssssb)
    LCD_5110::begin(unsigned char, unsigned char) 0x08003f75   Thumb Code   248  5110.o(i._ZN8LCD_51105beginEhh)
    LCD_5110::print(char*)                   0x08004081   Thumb Code    52  5110.o(i._ZN8LCD_51105printEPc)
    LCD_5110::printf(char*, ...)             0x080040c9   Thumb Code    46  5110.o(i._ZN8LCD_51106printfEPcz)
    LCD_5110::command(unsigned char)         0x080040f9   Thumb Code    24  5110.o(i._ZN8LCD_51107commandEh)
    LCD_5110::display()                      0x08004115   Thumb Code    86  5110.o(i._ZN8LCD_51107displayEv)
    LCD_5110::printxy(char*, unsigned char, unsigned char) 0x08004175   Thumb Code    28  5110.o(i._ZN8LCD_51107printxyEPchh)
    LCD_5110::setFont(const GFXfont*)        0x08004199   Thumb Code    42  5110.o(i._ZN8LCD_51107setFontEPK7GFXfont)
    LCD_5110::drawChar(short, short, unsigned char, bool, bool, unsigned char) 0x080041cd   Thumb Code   248  5110.o(i._ZN8LCD_51108drawCharEsshbbh)
    LCD_5110::drawLine(short, short, short, short, bool) 0x080042cd   Thumb Code   214  5110.o(i._ZN8LCD_51108drawLineEssssb)
    LCD_5110::spiWrite(unsigned char)        0x080043a5   Thumb Code    32  5110.o(i._ZN8LCD_51108spiWriteEh)
    LCD_5110::drawPixel(short, short, unsigned short) 0x080043c9   Thumb Code   194  5110.o(i._ZN8LCD_51109drawPixelEsst)
    LCD_5110::setCursor(unsigned char, unsigned char) 0x08004491   Thumb Code    10  5110.o(i._ZN8LCD_51109setCursorEhh)
    std::sqrt(float)                         0x080044a5   Thumb Code    24  sdadc.o(i._ZSt4sqrtf)
    __ARM_fpclassify                         0x080044bd   Thumb Code    48  fpclassify.o(i.__ARM_fpclassify)
    __hardfp_sqrtf                           0x080044ed   Thumb Code    58  sqrtf.o(i.__hardfp_sqrtf)
    _is_digit                                0x08004527   Thumb Code    14  __printf_wp.o(i._is_digit)
    main                                     0x08004535   Thumb Code    62  main.o(i.main)
    _get_lc_numeric                          0x08004579   Thumb Code    44  lc_numeric_c.o(locale$$code)
    _get_lc_ctype                            0x080045a5   Thumb Code    44  lc_ctype_c.o(locale$$code)
    __fpl_dretinf                            0x080045d1   Thumb Code    12  dretinf.o(x$fpl$dretinf)
    __aeabi_f2d                              0x080045dd   Thumb Code     0  f2d.o(x$fpl$f2d)
    _f2d                                     0x080045dd   Thumb Code    86  f2d.o(x$fpl$f2d)
    __aeabi_ul2f                             0x08004633   Thumb Code     0  ffltll_clz.o(x$fpl$ffltll)
    _ll_uto_f                                0x08004633   Thumb Code     6  ffltll_clz.o(x$fpl$ffltll)
    __aeabi_l2f                              0x08004639   Thumb Code     0  ffltll_clz.o(x$fpl$ffltll)
    _ll_sto_f                                0x08004639   Thumb Code    90  ffltll_clz.o(x$fpl$ffltll)
    __fpl_fnaninf                            0x08004693   Thumb Code   140  fnaninf.o(x$fpl$fnaninf)
    _fp_init                                 0x0800471f   Thumb Code    10  fpinit.o(x$fpl$fpinit)
    __fplib_config_fpu_vfp                   0x08004727   Thumb Code     0  fpinit.o(x$fpl$fpinit)
    __fplib_config_pureend_doubles           0x08004727   Thumb Code     0  fpinit.o(x$fpl$fpinit)
    _printf_fp_dec                           0x08004729   Thumb Code     4  printf1.o(x$fpl$printf1)
    __I$use$fp                               0x0800472c   Number         0  usenofp.o(x$fpl$usenofp)
    Region$$Table$$Base                      0x08006304   Number         0  anon$$obj.o(Region$$Table)
    Region$$Table$$Limit                     0x08006324   Number         0  anon$$obj.o(Region$$Table)
    __ctype                                  0x0800634d   Data           0  lc_ctype_c.o(locale$$data)
    sdadc_V_avg                              0x20000000   Data           8  sdadc.o(.data)
    sdadc_I_avg                              0x20000008   Data           8  sdadc.o(.data)
    sdadc_V_rms                              0x20000010   Data           8  sdadc.o(.data)
    sdadc_I_rms                              0x20000018   Data           8  sdadc.o(.data)
    sdadc_samples                            0x20000020   Data           2  sdadc.o(.data)
    sdadc_result_V_avg                       0x20000024   Data           4  sdadc.o(.data)
    sdadc_result_V_rms                       0x20000028   Data           4  sdadc.o(.data)
    sdadc_result_I_avg                       0x2000002c   Data           4  sdadc.o(.data)
    sdadc_result_I_rms                       0x20000030   Data           4  sdadc.o(.data)
    sdadc_result_samples                     0x20000034   Data           2  sdadc.o(.data)
    frequency                                0x20000038   Data           8  sdadc.o(.data)
    gfxFont                                  0x20000040   Data           4  5110.o(.data)
    cursor_x                                 0x20000044   Data           1  5110.o(.data)
    cursor_y                                 0x20000045   Data           1  5110.o(.data)
    textSize                                 0x20000046   Data           1  5110.o(.data)
    textColor                                0x20000047   Data           1  5110.o(.data)
    backgroundColor                          0x20000048   Data           1  5110.o(.data)
    lcd                                      0x2000004c   Data           1  draw.o(.data)
    mode                                     0x20000080   Data           1  draw.o(.data)
    screen_update                            0x20000081   Data           1  draw.o(.data)
    aquisition                               0x20000082   Data           1  draw.o(.data)
    hold                                     0x20000083   Data           1  draw.o(.data)
    rangeI                                   0x20000084   Data           1  draw.o(.data)
    rangeV                                   0x20000085   Data           1  draw.o(.data)
    gainI                                    0x20000088   Data           8  draw.o(.data)
    offsetI                                  0x20000090   Data           8  draw.o(.data)
    TXPos                                    0x20000098   Data           1  uart.o(.data)
    TX                                       0x20000099   Data           1  uart.o(.data)
    eeprom_address                           0x2000009a   Data           1  at24c.o(.data)
    TXpos                                    0x200000a3   Data           1  i2c.o(.data)
    param                                    0x200000a4   Data           4  ctest.o(.data)
    cathode                                  0x200000a8   Data           1  ctest.o(.data)
    anode                                    0x200000a9   Data           1  ctest.o(.data)
    partDetected                             0x200000aa   Data           1  ctest.o(.data)
    SDADC_data                               0x200000ac   Data        4000  sdadc.o(.bss)
    pcd8544_buffer                           0x2000104c   Data         504  5110.o(.bss)
    gainV                                    0x20001244   Data          16  draw.o(.bss)
    offsetV                                  0x20001254   Data          16  draw.o(.bss)
    bufferTX                                 0x20001264   Data         128  uart.o(.bss)
    TXbuffer                                 0x200012e4   Data          12  i2c.o(.bss)
    RXbuffer                                 0x200012f0   Data          12  i2c.o(.bss)
    __libspace_start                         0x200012fc   Data          96  libspace.o(.bss)
    __temporary_stack_top$libspace           0x2000135c   Data           0  libspace.o(.bss)



==============================================================================

Memory Map of the image

  Image Entry point : 0x08000189

  Load Region LR_IROM1 (Base: 0x08000000, Size: 0x000064fc, Max: 0x00040000, ABSOLUTE)

    Execution Region ER_IROM1 (Base: 0x08000000, Size: 0x00006450, Max: 0x00040000, ABSOLUTE)

    Base Addr    Size         Type   Attr      Idx    E Section Name        Object

    0x08000000   0x00000188   Data   RO          842    RESET               startup_stm32f373xc.o
    0x08000188   0x00000008   Code   RO          913  * !!!main             c_w.l(__main.o)
    0x08000190   0x00000034   Code   RO         1266    !!!scatter          c_w.l(__scatter.o)
    0x080001c4   0x0000001a   Code   RO         1268    !!handler_copy      c_w.l(__scatter_copy.o)
    0x080001de   0x00000002   PAD
    0x080001e0   0x0000001c   Code   RO         1270    !!handler_zi        c_w.l(__scatter_zi.o)
    0x080001fc   0x00000000   Code   RO         1021    .ARM.Collect$$_printf_percent$$00000000  c_w.l(_printf_percent.o)
    0x080001fc   0x00000006   Code   RO         1010    .ARM.Collect$$_printf_percent$$00000001  c_w.l(_printf_n.o)
    0x08000202   0x00000006   Code   RO         1012    .ARM.Collect$$_printf_percent$$00000002  c_w.l(_printf_p.o)
    0x08000208   0x00000006   Code   RO         1017    .ARM.Collect$$_printf_percent$$00000003  c_w.l(_printf_f.o)
    0x0800020e   0x00000006   Code   RO         1018    .ARM.Collect$$_printf_percent$$00000004  c_w.l(_printf_e.o)
    0x08000214   0x00000006   Code   RO         1019    .ARM.Collect$$_printf_percent$$00000005  c_w.l(_printf_g.o)
    0x0800021a   0x00000006   Code   RO         1020    .ARM.Collect$$_printf_percent$$00000006  c_w.l(_printf_a.o)
    0x08000220   0x0000000a   Code   RO         1025    .ARM.Collect$$_printf_percent$$00000007  c_w.l(_printf_ll.o)
    0x0800022a   0x00000006   Code   RO         1014    .ARM.Collect$$_printf_percent$$00000008  c_w.l(_printf_i.o)
    0x08000230   0x00000006   Code   RO         1015    .ARM.Collect$$_printf_percent$$00000009  c_w.l(_printf_d.o)
    0x08000236   0x00000006   Code   RO         1016    .ARM.Collect$$_printf_percent$$0000000A  c_w.l(_printf_u.o)
    0x0800023c   0x00000006   Code   RO         1013    .ARM.Collect$$_printf_percent$$0000000B  c_w.l(_printf_o.o)
    0x08000242   0x00000006   Code   RO         1011    .ARM.Collect$$_printf_percent$$0000000C  c_w.l(_printf_x.o)
    0x08000248   0x00000006   Code   RO         1022    .ARM.Collect$$_printf_percent$$0000000D  c_w.l(_printf_lli.o)
    0x0800024e   0x00000006   Code   RO         1023    .ARM.Collect$$_printf_percent$$0000000E  c_w.l(_printf_lld.o)
    0x08000254   0x00000006   Code   RO         1024    .ARM.Collect$$_printf_percent$$0000000F  c_w.l(_printf_llu.o)
    0x0800025a   0x00000006   Code   RO         1029    .ARM.Collect$$_printf_percent$$00000010  c_w.l(_printf_llo.o)
    0x08000260   0x00000006   Code   RO         1030    .ARM.Collect$$_printf_percent$$00000011  c_w.l(_printf_llx.o)
    0x08000266   0x0000000a   Code   RO         1026    .ARM.Collect$$_printf_percent$$00000012  c_w.l(_printf_l.o)
    0x08000270   0x00000006   Code   RO         1008    .ARM.Collect$$_printf_percent$$00000013  c_w.l(_printf_c.o)
    0x08000276   0x00000006   Code   RO         1009    .ARM.Collect$$_printf_percent$$00000014  c_w.l(_printf_s.o)
    0x0800027c   0x00000006   Code   RO         1027    .ARM.Collect$$_printf_percent$$00000015  c_w.l(_printf_lc.o)
    0x08000282   0x00000006   Code   RO         1028    .ARM.Collect$$_printf_percent$$00000016  c_w.l(_printf_ls.o)
    0x08000288   0x00000004   Code   RO         1074    .ARM.Collect$$_printf_percent$$00000017  c_w.l(_printf_percent_end.o)
    0x0800028c   0x00000002   Code   RO         1130    .ARM.Collect$$libinit$$00000000  c_w.l(libinit.o)
    0x0800028e   0x00000004   Code   RO         1148    .ARM.Collect$$libinit$$00000001  c_w.l(libinit2.o)
    0x08000292   0x00000000   Code   RO         1151    .ARM.Collect$$libinit$$00000004  c_w.l(libinit2.o)
    0x08000292   0x00000000   Code   RO         1154    .ARM.Collect$$libinit$$0000000A  c_w.l(libinit2.o)
    0x08000292   0x00000000   Code   RO         1156    .ARM.Collect$$libinit$$0000000C  c_w.l(libinit2.o)
    0x08000292   0x00000000   Code   RO         1158    .ARM.Collect$$libinit$$0000000E  c_w.l(libinit2.o)
    0x08000292   0x00000006   Code   RO         1159    .ARM.Collect$$libinit$$0000000F  c_w.l(libinit2.o)
    0x08000298   0x00000000   Code   RO         1161    .ARM.Collect$$libinit$$00000011  c_w.l(libinit2.o)
    0x08000298   0x0000000c   Code   RO         1162    .ARM.Collect$$libinit$$00000012  c_w.l(libinit2.o)
    0x080002a4   0x00000000   Code   RO         1163    .ARM.Collect$$libinit$$00000013  c_w.l(libinit2.o)
    0x080002a4   0x00000000   Code   RO         1165    .ARM.Collect$$libinit$$00000015  c_w.l(libinit2.o)
    0x080002a4   0x0000000a   Code   RO         1166    .ARM.Collect$$libinit$$00000016  c_w.l(libinit2.o)
    0x080002ae   0x00000000   Code   RO         1167    .ARM.Collect$$libinit$$00000017  c_w.l(libinit2.o)
    0x080002ae   0x00000000   Code   RO         1169    .ARM.Collect$$libinit$$00000019  c_w.l(libinit2.o)
    0x080002ae   0x00000000   Code   RO         1171    .ARM.Collect$$libinit$$0000001B  c_w.l(libinit2.o)
    0x080002ae   0x00000000   Code   RO         1173    .ARM.Collect$$libinit$$0000001D  c_w.l(libinit2.o)
    0x080002ae   0x00000000   Code   RO         1175    .ARM.Collect$$libinit$$0000001F  c_w.l(libinit2.o)
    0x080002ae   0x00000000   Code   RO         1177    .ARM.Collect$$libinit$$00000021  c_w.l(libinit2.o)
    0x080002ae   0x00000000   Code   RO         1179    .ARM.Collect$$libinit$$00000023  c_w.l(libinit2.o)
    0x080002ae   0x00000000   Code   RO         1181    .ARM.Collect$$libinit$$00000025  c_w.l(libinit2.o)
    0x080002ae   0x00000000   Code   RO         1185    .ARM.Collect$$libinit$$0000002C  c_w.l(libinit2.o)
    0x080002ae   0x00000000   Code   RO         1187    .ARM.Collect$$libinit$$0000002E  c_w.l(libinit2.o)
    0x080002ae   0x00000000   Code   RO         1189    .ARM.Collect$$libinit$$00000030  c_w.l(libinit2.o)
    0x080002ae   0x00000000   Code   RO         1191    .ARM.Collect$$libinit$$00000032  c_w.l(libinit2.o)
    0x080002ae   0x00000002   Code   RO         1192    .ARM.Collect$$libinit$$00000033  c_w.l(libinit2.o)
    0x080002b0   0x00000002   Code   RO         1223    .ARM.Collect$$libshutdown$$00000000  c_w.l(libshutdown.o)
    0x080002b2   0x00000000   Code   RO         1249    .ARM.Collect$$libshutdown$$00000002  c_w.l(libshutdown2.o)
    0x080002b2   0x00000000   Code   RO         1251    .ARM.Collect$$libshutdown$$00000004  c_w.l(libshutdown2.o)
    0x080002b2   0x00000000   Code   RO         1254    .ARM.Collect$$libshutdown$$00000007  c_w.l(libshutdown2.o)
    0x080002b2   0x00000000   Code   RO         1257    .ARM.Collect$$libshutdown$$0000000A  c_w.l(libshutdown2.o)
    0x080002b2   0x00000000   Code   RO         1259    .ARM.Collect$$libshutdown$$0000000C  c_w.l(libshutdown2.o)
    0x080002b2   0x00000000   Code   RO         1262    .ARM.Collect$$libshutdown$$0000000F  c_w.l(libshutdown2.o)
    0x080002b2   0x00000002   Code   RO         1263    .ARM.Collect$$libshutdown$$00000010  c_w.l(libshutdown2.o)
    0x080002b4   0x00000000   Code   RO          931    .ARM.Collect$$rtentry$$00000000  c_w.l(__rtentry.o)
    0x080002b4   0x00000000   Code   RO         1041    .ARM.Collect$$rtentry$$00000002  c_w.l(__rtentry2.o)
    0x080002b4   0x00000006   Code   RO         1053    .ARM.Collect$$rtentry$$00000004  c_w.l(__rtentry4.o)
    0x080002ba   0x00000000   Code   RO         1043    .ARM.Collect$$rtentry$$00000009  c_w.l(__rtentry2.o)
    0x080002ba   0x00000004   Code   RO         1044    .ARM.Collect$$rtentry$$0000000A  c_w.l(__rtentry2.o)
    0x080002be   0x00000000   Code   RO         1046    .ARM.Collect$$rtentry$$0000000C  c_w.l(__rtentry2.o)
    0x080002be   0x00000008   Code   RO         1047    .ARM.Collect$$rtentry$$0000000D  c_w.l(__rtentry2.o)
    0x080002c6   0x00000002   Code   RO         1135    .ARM.Collect$$rtexit$$00000000  c_w.l(rtexit.o)
    0x080002c8   0x00000000   Code   RO         1196    .ARM.Collect$$rtexit$$00000002  c_w.l(rtexit2.o)
    0x080002c8   0x00000004   Code   RO         1197    .ARM.Collect$$rtexit$$00000003  c_w.l(rtexit2.o)
    0x080002cc   0x00000006   Code   RO         1198    .ARM.Collect$$rtexit$$00000004  c_w.l(rtexit2.o)
    0x080002d2   0x00000002   PAD
    0x080002d4   0x00000040   Code   RO          843    .text               startup_stm32f373xc.o
    0x08000314   0x000000ee   Code   RO          905    .text               c_w.l(lludivv7m.o)
    0x08000402   0x00000002   PAD
    0x08000404   0x00000034   Code   RO          907    .text               c_w.l(c89vsnprintf.o)
    0x08000438   0x00000044   Code   RO          909    .text               c_w.l(rt_memclr.o)
    0x0800047c   0x00000006   Code   RO          911    .text               c_w.l(heapauxi.o)
    0x08000482   0x00000016   Code   RO          936    .text               c_w.l(_rserrno.o)
    0x08000498   0x0000004e   Code   RO          940    .text               c_w.l(_printf_pad.o)
    0x080004e6   0x00000024   Code   RO          942    .text               c_w.l(_printf_truncate.o)
    0x0800050a   0x00000052   Code   RO          944    .text               c_w.l(_printf_str.o)
    0x0800055c   0x00000078   Code   RO          946    .text               c_w.l(_printf_dec.o)
    0x080005d4   0x00000028   Code   RO          948    .text               c_w.l(_printf_charcount.o)
    0x080005fc   0x00000030   Code   RO          950    .text               c_w.l(_printf_char_common.o)
    0x0800062c   0x0000000a   Code   RO          952    .text               c_w.l(_sputc.o)
    0x08000636   0x00000010   Code   RO          954    .text               c_w.l(_snputc.o)
    0x08000646   0x00000002   PAD
    0x08000648   0x000000bc   Code   RO          956    .text               c_w.l(_printf_wctomb.o)
    0x08000704   0x0000007c   Code   RO          959    .text               c_w.l(_printf_longlong_dec.o)
    0x08000780   0x00000070   Code   RO          965    .text               c_w.l(_printf_oct_int_ll.o)
    0x080007f0   0x00000094   Code   RO          985    .text               c_w.l(_printf_hex_int_ll_ptr.o)
    0x08000884   0x00000188   Code   RO         1005    .text               c_w.l(__printf_flags_ss_wp.o)
    0x08000a0c   0x0000004e   Code   RO         1031    .text               c_w.l(rt_memclr_w.o)
    0x08000a5a   0x00000002   PAD
    0x08000a5c   0x00000008   Code   RO         1060    .text               c_w.l(rt_errno_addr_intlibspace.o)
    0x08000a64   0x0000008a   Code   RO         1062    .text               c_w.l(lludiv10.o)
    0x08000aee   0x000000b2   Code   RO         1064    .text               c_w.l(_printf_intcommon.o)
    0x08000ba0   0x0000041a   Code   RO         1066    .text               c_w.l(_printf_fp_dec.o)
    0x08000fba   0x0000002c   Code   RO         1070    .text               c_w.l(_printf_char.o)
    0x08000fe6   0x0000002c   Code   RO         1072    .text               c_w.l(_printf_wchar.o)
    0x08001012   0x00000040   Code   RO         1075    .text               c_w.l(_wcrtomb.o)
    0x08001052   0x00000002   PAD
    0x08001054   0x00000008   Code   RO         1077    .text               c_w.l(libspace.o)
    0x0800105c   0x0000004a   Code   RO         1080    .text               c_w.l(sys_stackheap_outer.o)
    0x080010a6   0x00000002   PAD
    0x080010a8   0x00000010   Code   RO         1082    .text               c_w.l(rt_ctype_table.o)
    0x080010b8   0x00000008   Code   RO         1087    .text               c_w.l(rt_locale_intlibspace.o)
    0x080010c0   0x00000080   Code   RO         1089    .text               c_w.l(_printf_fp_infnan.o)
    0x08001140   0x000000dc   Code   RO         1091    .text               c_w.l(bigflt0.o)
    0x0800121c   0x00000012   Code   RO         1119    .text               c_w.l(exit.o)
    0x0800122e   0x00000002   PAD
    0x08001230   0x00000080   Code   RO         1146    .text               c_w.l(strcmpv7m.o)
    0x080012b0   0x0000000c   Code   RO         1193    .text               c_w.l(sys_exit.o)
    0x080012bc   0x00000002   Code   RO         1212    .text               c_w.l(use_no_semi.o)
    0x080012be   0x00000000   Code   RO         1214    .text               c_w.l(indicate_semi.o)
    0x080012be   0x0000003e   Code   RO         1094    CL$$btod_d2e        c_w.l(btod.o)
    0x080012fc   0x00000046   Code   RO         1096    CL$$btod_d2e_denorm_low  c_w.l(btod.o)
    0x08001342   0x00000060   Code   RO         1095    CL$$btod_d2e_norm_op1  c_w.l(btod.o)
    0x080013a2   0x00000338   Code   RO         1104    CL$$btod_div_common  c_w.l(btod.o)
    0x080016da   0x000000c6   Code   RO         1101    CL$$btod_e2e        c_w.l(btod.o)
    0x080017a0   0x00000028   Code   RO         1098    CL$$btod_ediv       c_w.l(btod.o)
    0x080017c8   0x00000028   Code   RO         1097    CL$$btod_emul       c_w.l(btod.o)
    0x080017f0   0x00000244   Code   RO         1103    CL$$btod_mult_common  c_w.l(btod.o)
    0x08001a34   0x000000a8   Code   RO          193    i.DMA2_Channel3_IRQHandler  sdadc.o
    0x08001adc   0x00000134   Code   RO          150    i.EXTI15_10_IRQHandler  interrupt.o
    0x08001c10   0x0000007c   Code   RO          851    i.SystemInit        system_stm32f3xx.o
    0x08001c8c   0x00000158   Code   RO          194    i.TIM3_IRQHandler   sdadc.o
    0x08001de4   0x000001c4   Code   RO          195    i._Z10SDADC_initv   sdadc.o
    0x08001fa8   0x00000014   Code   RO          678    i._Z10at24c_inith   at24c.o
    0x08001fbc   0x000000a8   Code   RO          469    i._Z10drawScreenv   draw.o
    0x08002064   0x00000016   Code   RO          625    i._Z10uart_printPc  uart.o
    0x0800207a   0x00000002   PAD
    0x0800207c   0x00000040   Code   RO          196    i._Z11SDADC_startv  sdadc.o
    0x080020bc   0x00000014   Code   RO          572    i._Z11_delay_initv  delay.o
    0x080020d0   0x00000050   Code   RO          751    i._Z11i2c_requesth  i2c.o
    0x08002120   0x00000038   Code   RO          626    i._Z11uart_printfPcz  uart.o
    0x08002158   0x00000060   Code   RO          752    i._Z12i2c_transmitv  i2c.o
    0x080021b8   0x000005c2   Code   RO          815    i._Z13componentTestv  ctest.o
    0x0800277a   0x00000002   PAD
    0x0800277c   0x0000001c   Code   RO          573    i._Z14_count_us_stopv  delay.o
    0x08002798   0x000001dc   Code   RO          470    i._Z14drawContScreenv  draw.o
    0x08002974   0x000001d8   Code   RO          471    i._Z14drawCurrScreenv  draw.o
    0x08002b4c   0x0000015c   Code   RO          472    i._Z14drawFreqScreenv  draw.o
    0x08002ca8   0x00000270   Code   RO          473    i._Z14drawVoltScreenv  draw.o
    0x08002f18   0x0000000c   Code   RO          753    i._Z14i2c_readBufferh  i2c.o
    0x08002f24   0x00000034   Code   RO          574    i._Z15_count_us_startv  delay.o
    0x08002f58   0x0000004c   Code   RO          261    i._Z15adc1_getReadinghh  adc.o
    0x08002fa4   0x00000030   Code   RO          679    i._Z15at24c_read_byteh  at24c.o
    0x08002fd4   0x00000048   Code   RO          680    i._Z15at24c_read_pageh  at24c.o
    0x0800301c   0x000003c4   Code   RO          474    i._Z15drawPowerScreenv  draw.o
    0x080033e0   0x0000001c   Code   RO          754    i._Z15i2c_writeBufferh  i2c.o
    0x080033fc   0x00000020   Code   RO          151    i._Z15setCurrentRangev  interrupt.o
    0x0800341c   0x000000c4   Code   RO          152    i._Z15setVoltageRangev  interrupt.o
    0x080034e0   0x0000001a   Code   RO           73    i._Z16__NVIC_EnableIRQ9IRQn_Type  init.o
    0x080034fa   0x00000002   PAD
    0x080034fc   0x00000210   Code   RO          475    i._Z16drawSplashScreenv  draw.o
    0x0800370c   0x00000028   Code   RO           74    i._Z18__NVIC_SetPriority9IRQn_Typej  init.o
    0x08003734   0x000002f0   Code   RO          476    i._Z18drawCompTestScreenv  draw.o
    0x08003a24   0x00000038   Code   RO          683    i._Z18eeprom_read_floatshRfS_  at24c.o
    0x08003a5c   0x00000010   Code   RO          755    i._Z19i2c_setSlaveAddressh  i2c.o
    0x08003a6c   0x0000006c   Code   RO          756    i._Z8i2c_initv      i2c.o
    0x08003ad8   0x00000084   Code   RO           75    i._Z8init_BKPv      init.o
    0x08003b5c   0x00000050   Code   RO           76    i._Z8init_RCCv      init.o
    0x08003bac   0x00000060   Code   RO          575    i._Z9_delay_mst     delay.o
    0x08003c0c   0x00000050   Code   RO          576    i._Z9_delay_ust     delay.o
    0x08003c5c   0x0000007c   Code   RO          262    i._Z9adc1_initv     adc.o
    0x08003cd8   0x0000007c   Code   RO           77    i._Z9init_EXTIv     init.o
    0x08003d54   0x000000bc   Code   RO           78    i._Z9init_GPIOv     init.o
    0x08003e10   0x00000024   Code   RO           79    i._Z9init_TIM2v     init.o
    0x08003e34   0x00000070   Code   RO           80    i._Z9init_TIM3v     init.o
    0x08003ea4   0x0000001c   Code   RO          627    i._Z9uart_charc     uart.o
    0x08003ec0   0x00000058   Code   RO          628    i._Z9uart_initv     uart.o
    0x08003f18   0x00000028   Code   RO          299    i._ZN8LCD_511012clearDisplayEv  5110.o
    0x08003f40   0x00000032   Code   RO          300    i._ZN8LCD_511012drawFillRectEssssb  5110.o
    0x08003f72   0x00000002   PAD
    0x08003f74   0x0000010c   Code   RO          304    i._ZN8LCD_51105beginEhh  5110.o
    0x08004080   0x00000048   Code   RO          305    i._ZN8LCD_51105printEPc  5110.o
    0x080040c8   0x0000002e   Code   RO          306    i._ZN8LCD_51106printfEPcz  5110.o
    0x080040f6   0x00000002   PAD
    0x080040f8   0x0000001c   Code   RO          307    i._ZN8LCD_51107commandEh  5110.o
    0x08004114   0x00000060   Code   RO          308    i._ZN8LCD_51107displayEv  5110.o
    0x08004174   0x00000024   Code   RO          309    i._ZN8LCD_51107printxyEPchh  5110.o
    0x08004198   0x00000034   Code   RO          310    i._ZN8LCD_51107setFontEPK7GFXfont  5110.o
    0x080041cc   0x00000100   Code   RO          311    i._ZN8LCD_51108drawCharEsshbbh  5110.o
    0x080042cc   0x000000d6   Code   RO          312    i._ZN8LCD_51108drawLineEssssb  5110.o
    0x080043a2   0x00000002   PAD
    0x080043a4   0x00000024   Code   RO          315    i._ZN8LCD_51108spiWriteEh  5110.o
    0x080043c8   0x000000c8   Code   RO          316    i._ZN8LCD_51109drawPixelEsst  5110.o
    0x08004490   0x00000014   Code   RO          317    i._ZN8LCD_51109setCursorEhh  5110.o
    0x080044a4   0x00000018   Code   RO          237    i._ZSt4sqrtf        sdadc.o
    0x080044bc   0x00000030   Code   RO         1133    i.__ARM_fpclassify  m_wm.l(fpclassify.o)
    0x080044ec   0x0000003a   Code   RO          919    i.__hardfp_sqrtf    m_wm.l(sqrtf.o)
    0x08004526   0x0000000e   Code   RO          998    i._is_digit         c_w.l(__printf_wp.o)
    0x08004534   0x00000044   Code   RO            4    i.main              main.o
    0x08004578   0x0000002c   Code   RO         1117    locale$$code        c_w.l(lc_numeric_c.o)
    0x080045a4   0x0000002c   Code   RO         1140    locale$$code        c_w.l(lc_ctype_c.o)
    0x080045d0   0x0000000c   Code   RO         1033    x$fpl$dretinf       fz_wm.l(dretinf.o)
    0x080045dc   0x00000056   Code   RO          915    x$fpl$f2d           fz_wm.l(f2d.o)
    0x08004632   0x00000060   Code   RO          917    x$fpl$ffltll        fz_wm.l(ffltll_clz.o)
    0x08004692   0x0000008c   Code   RO         1035    x$fpl$fnaninf       fz_wm.l(fnaninf.o)
    0x0800471e   0x0000000a   Code   RO         1208    x$fpl$fpinit        fz_wm.l(fpinit.o)
    0x08004728   0x00000004   Code   RO         1037    x$fpl$printf1       fz_wm.l(printf1.o)
    0x0800472c   0x00000000   Code   RO         1039    x$fpl$usenofp       fz_wm.l(usenofp.o)
    0x0800472c   0x00001a9c   Data   RO          486    .constdata          draw.o
    0x080061c8   0x00000008   Data   RO          957    .constdata          c_w.l(_printf_wctomb.o)
    0x080061d0   0x00000028   Data   RO          986    .constdata          c_w.l(_printf_hex_int_ll_ptr.o)
    0x080061f8   0x00000011   Data   RO         1006    .constdata          c_w.l(__printf_flags_ss_wp.o)
    0x08006209   0x00000003   PAD
    0x0800620c   0x00000094   Data   RO         1092    .constdata          c_w.l(bigflt0.o)
    0x080062a0   0x00000061   Data   RO          487    .conststring        draw.o
    0x08006301   0x00000003   PAD
    0x08006304   0x00000020   Data   RO         1264    Region$$Table       anon$$obj.o
    0x08006324   0x0000001c   Data   RO         1116    locale$$data        c_w.l(lc_numeric_c.o)
    0x08006340   0x00000110   Data   RO         1139    locale$$data        c_w.l(lc_ctype_c.o)


    Execution Region RW_IRAM1 (Base: 0x20000000, Size: 0x00001960, Max: 0x00008000, ABSOLUTE)

    Base Addr    Size         Type   Attr      Idx    E Section Name        Object

    0x20000000   0x00000040   Data   RW          202    .data               sdadc.o
    0x20000040   0x00000009   Data   RW          341    .data               5110.o
    0x20000049   0x00000003   PAD
    0x2000004c   0x0000004c   Data   RW          488    .data               draw.o
    0x20000098   0x00000002   Data   RW          634    .data               uart.o
    0x2000009a   0x00000009   Data   RW          692    .data               at24c.o
    0x200000a3   0x00000001   Data   RW          764    .data               i2c.o
    0x200000a4   0x00000007   Data   RW          817    .data               ctest.o
    0x200000ab   0x00000001   PAD
    0x200000ac   0x00000fa0   Zero   RW          201    .bss                sdadc.o
    0x2000104c   0x000001f8   Zero   RW          340    .bss                5110.o
    0x20001244   0x00000020   Zero   RW          485    .bss                draw.o
    0x20001264   0x00000080   Zero   RW          633    .bss                uart.o
    0x200012e4   0x00000018   Zero   RW          763    .bss                i2c.o
    0x200012fc   0x00000060   Zero   RW         1078    .bss                c_w.l(libspace.o)
    0x2000135c   0x00000004   PAD
    0x20001360   0x00000200   Zero   RW          841    HEAP                startup_stm32f373xc.o
    0x20001560   0x00000400   Zero   RW          840    STACK               startup_stm32f373xc.o


==============================================================================

Image component sizes


      Code (inc. data)   RO Data    RW Data    ZI Data      Debug   Object Name

      1414        114          0          9        504      13014   5110.o
       200         24          0          0          0       1134   adc.o
       196         20          0          9          0       3007   at24c.o
      1474        446          0          7          0       1599   ctest.o
       276         26          0          0          0       2313   delay.o
      4332       1140       6909         76         32      10814   draw.o
       340         60          0          1         24       3575   i2c.o
       738         92          0          0          0      33353   init.o
       536         68          0          0          0       1639   interrupt.o
        68          6          0          0          0     188675   main.o
      1052        140          0         64       4000      34337   sdadc.o
        64         26        392          0       1536        860   startup_stm32f373xc.o
       124         20          0          0          0       1977   system_stm32f3xx.o
       194         26          0          2        128       2683   uart.o

    ----------------------------------------------------------------------
     11020       2208       7336        172       6224     298980   Object Totals
         0          0         32          0          0          0   (incl. Generated)
        12          0          3          4          0          0   (incl. Padding)

    ----------------------------------------------------------------------

      Code (inc. data)   RO Data    RW Data    ZI Data      Debug   Library Member Name

         8          0          0          0          0         68   __main.o
       392          4         17          0          0         92   __printf_flags_ss_wp.o
        14          0          0          0          0         68   __printf_wp.o
         0          0          0          0          0          0   __rtentry.o
        12          0          0          0          0          0   __rtentry2.o
         6          0          0          0          0          0   __rtentry4.o
        52          8          0          0          0          0   __scatter.o
        26          0          0          0          0          0   __scatter_copy.o
        28          0          0          0          0          0   __scatter_zi.o
         6          0          0          0          0          0   _printf_a.o
         6          0          0          0          0          0   _printf_c.o
        44          0          0          0          0        108   _printf_char.o
        48          6          0          0          0         96   _printf_char_common.o
        40          0          0          0          0         68   _printf_charcount.o
         6          0          0          0          0          0   _printf_d.o
       120         16          0          0          0         92   _printf_dec.o
         6          0          0          0          0          0   _printf_e.o
         6          0          0          0          0          0   _printf_f.o
      1050          0          0          0          0        216   _printf_fp_dec.o
       128         16          0          0          0         84   _printf_fp_infnan.o
         6          0          0          0          0          0   _printf_g.o
       148          4         40          0          0        160   _printf_hex_int_ll_ptr.o
         6          0          0          0          0          0   _printf_i.o
       178          0          0          0          0         88   _printf_intcommon.o
        10          0          0          0          0          0   _printf_l.o
         6          0          0          0          0          0   _printf_lc.o
        10          0          0          0          0          0   _printf_ll.o
         6          0          0          0          0          0   _printf_lld.o
         6          0          0          0          0          0   _printf_lli.o
         6          0          0          0          0          0   _printf_llo.o
         6          0          0          0          0          0   _printf_llu.o
         6          0          0          0          0          0   _printf_llx.o
       124         16          0          0          0         92   _printf_longlong_dec.o
         6          0          0          0          0          0   _printf_ls.o
         6          0          0          0          0          0   _printf_n.o
         6          0          0          0          0          0   _printf_o.o
       112         10          0          0          0        124   _printf_oct_int_ll.o
         6          0          0          0          0          0   _printf_p.o
        78          0          0          0          0        108   _printf_pad.o
         0          0          0          0          0          0   _printf_percent.o
         4          0          0          0          0          0   _printf_percent_end.o
         6          0          0          0          0          0   _printf_s.o
        82          0          0          0          0         80   _printf_str.o
        36          0          0          0          0         84   _printf_truncate.o
         6          0          0          0          0          0   _printf_u.o
        44          0          0          0          0        108   _printf_wchar.o
       188          6          8          0          0         92   _printf_wctomb.o
         6          0          0          0          0          0   _printf_x.o
        22          0          0          0          0        100   _rserrno.o
        16          0          0          0          0         68   _snputc.o
        10          0          0          0          0         68   _sputc.o
        64          0          0          0          0         92   _wcrtomb.o
       220          4        148          0          0         96   bigflt0.o
      1910        128          0          0          0        672   btod.o
        52          4          0          0          0         80   c89vsnprintf.o
        18          0          0          0          0         80   exit.o
         6          0          0          0          0        152   heapauxi.o
         0          0          0          0          0          0   indicate_semi.o
        44         10        272          0          0         76   lc_ctype_c.o
        44         10         28          0          0         76   lc_numeric_c.o
         2          0          0          0          0          0   libinit.o
        34          0          0          0          0          0   libinit2.o
         2          0          0          0          0          0   libshutdown.o
         2          0          0          0          0          0   libshutdown2.o
         8          4          0          0         96         68   libspace.o
       138          0          0          0          0         80   lludiv10.o
       238          0          0          0          0        100   lludivv7m.o
        16          4          0          0          0         76   rt_ctype_table.o
         8          4          0          0          0         68   rt_errno_addr_intlibspace.o
         8          4          0          0          0         68   rt_locale_intlibspace.o
        68          0          0          0          0         68   rt_memclr.o
        78          0          0          0          0         80   rt_memclr_w.o
         2          0          0          0          0          0   rtexit.o
        10          0          0          0          0          0   rtexit2.o
       128          0          0          0          0         68   strcmpv7m.o
        12          4          0          0          0         68   sys_exit.o
        74          0          0          0          0         80   sys_stackheap_outer.o
         2          0          0          0          0         68   use_no_semi.o
        12          0          0          0          0        116   dretinf.o
        86          4          0          0          0        132   f2d.o
        96          0          0          0          0        132   ffltll_clz.o
       140          4          0          0          0        132   fnaninf.o
        10          0          0          0          0        116   fpinit.o
         4          0          0          0          0        116   printf1.o
         0          0          0          0          0          0   usenofp.o
        48          0          0          0          0        124   fpclassify.o
        58          0          0          0          0        136   sqrtf.o

    ----------------------------------------------------------------------
      6808        270        516          0        100       5284   Library Totals
        16          0          3          0          4          0   (incl. Padding)

    ----------------------------------------------------------------------

      Code (inc. data)   RO Data    RW Data    ZI Data      Debug   Library Name

      6338        262        513          0         96       4280   c_w.l
       348          8          0          0          0        744   fz_wm.l
       106          0          0          0          0        260   m_wm.l

    ----------------------------------------------------------------------
      6808        270        516          0        100       5284   Library Totals

    ----------------------------------------------------------------------

==============================================================================


      Code (inc. data)   RO Data    RW Data    ZI Data      Debug   

     17828       2478       7852        172       6324     295424   Grand Totals
     17828       2478       7852        172       6324     295424   ELF Image Totals
     17828       2478       7852        172          0          0   ROM Totals

==============================================================================

    Total RO  Size (Code + RO Data)                25680 (  25.08kB)
    Total RW  Size (RW Data + ZI Data)              6496 (   6.34kB)
    Total ROM Size (Code + RO Data + RW Data)      25852 (  25.25kB)

==============================================================================

