Component: ARM Compiler 5.06 update 4 (build 422) Tool: armlink [4d35d2]

==============================================================================

Section Cross References

    main.o(i.main) refers to init.o(i._Z8init_rccv) for init_rcc()
    main.o(i.main) refers to init.o(i._Z9init_gpiov) for init_gpio()
    main.o(i.main) refers to delay.o(i._Z11_delay_initv) for _delay_init()
    main.o(i.main) refers to adc.o(i._Z9adc1_initv) for adc1_init()
    main.o(i.main) refers to adc.o(i._Z9adc2_initv) for adc2_init()
    main.o(i.main) refers to init.o(i._Z11init_timer2v) for init_timer2()
    main.o(i.main) refers to init.o(i._Z8init_rtcv) for init_rtc()
    main.o(i.main) refers to interrupt.o(i._Z15setVoltageRangev) for setVoltageRange()
    main.o(i.main) refers to draw.o(i._Z16drawSplashScreenv) for drawSplashScreen()
    main.o(i.main) refers to delay.o(i._Z9_delay_mst) for _delay_ms(unsigned short)
    main.o(i.main) refers to init.o(i._Z9init_extiv) for init_exti()
    main.o(i.main) refers to adc.o(i._Z10adc1_startv) for adc1_start()
    main.o(i.main) refers to draw.o(i._Z10drawScreenv) for drawScreen()
    main.o(.ARM.exidx) refers to main.o(i.main) for i.main
    init.o(i._Z11init_timer2v) refers to init.o(i._Z16NVIC_SetPriority4IRQnj) for NVIC_SetPriority(IRQn, unsigned)
    init.o(i._Z11init_timer2v) refers to init.o(i._Z14NVIC_EnableIRQ4IRQn) for NVIC_EnableIRQ(IRQn)
    init.o(i._Z8init_rtcv) refers to draw.o(.data) for mode
    init.o(i._Z9init_extiv) refers to init.o(i._Z16NVIC_SetPriority4IRQnj) for NVIC_SetPriority(IRQn, unsigned)
    init.o(i._Z9init_extiv) refers to init.o(i._Z14NVIC_EnableIRQ4IRQn) for NVIC_EnableIRQ(IRQn)
    init.o(.ARM.exidx) refers to init.o(i._Z16NVIC_SetPriority4IRQnj) for i._Z16NVIC_SetPriority4IRQnj
    init.o(.ARM.exidx) refers to init.o(i._Z8init_rccv) for i._Z8init_rccv
    init.o(.ARM.exidx) refers to init.o(i._Z9init_gpiov) for i._Z9init_gpiov
    init.o(.ARM.exidx) refers to init.o(i._Z9init_extiv) for i._Z9init_extiv
    init.o(.ARM.exidx) refers to init.o(i._Z8init_rtcv) for i._Z8init_rtcv
    init.o(.ARM.exidx) refers to init.o(i._Z11init_timer2v) for i._Z11init_timer2v
    init.o(.ARM.exidx) refers to init.o(i._Z14NVIC_EnableIRQ4IRQn) for i._Z14NVIC_EnableIRQ4IRQn
    delay.o(.ARM.exidx) refers to delay.o(i._Z9_delay_mst) for i._Z9_delay_mst
    delay.o(.ARM.exidx) refers to delay.o(i._Z9_delay_ust) for i._Z9_delay_ust
    delay.o(.ARM.exidx) refers to delay.o(i._Z11_delay_initv) for i._Z11_delay_initv
    delay.o(.ARM.exidx) refers to delay.o(i._Z15_count_us_startv) for i._Z15_count_us_startv
    delay.o(.ARM.exidx) refers to delay.o(i._Z14_count_us_stopv) for i._Z14_count_us_stopv
    interrupt.o(i.EXTI15_10_IRQHandler) refers to interrupt.o(i._Z15setVoltageRangev) for setVoltageRange()
    interrupt.o(i.EXTI15_10_IRQHandler) refers to draw.o(.data) for aquisition
    interrupt.o(i.EXTI1_IRQHandler) refers to draw.o(.data) for hold
    interrupt.o(i.EXTI9_5_IRQHandler) refers to draw.o(.data) for mode
    interrupt.o(i._Z15setVoltageRangev) refers to draw.o(.data) for rangeV
    interrupt.o(.ARM.exidx) refers to interrupt.o(i.EXTI1_IRQHandler) for i.EXTI1_IRQHandler
    interrupt.o(.ARM.exidx) refers to interrupt.o(i.EXTI9_5_IRQHandler) for i.EXTI9_5_IRQHandler
    interrupt.o(.ARM.exidx) refers to interrupt.o(i._Z15setVoltageRangev) for i._Z15setVoltageRangev
    interrupt.o(.ARM.exidx) refers to interrupt.o(i.EXTI15_10_IRQHandler) for i.EXTI15_10_IRQHandler
    ctest.o(i._Z8testPinshh) refers to uart.o(i._Z10uart_printPc) for uart_print(char*)
    ctest.o(i._Z8testPinshh) refers to delay.o(i._Z9_delay_mst) for _delay_ms(unsigned short)
    ctest.o(i._Z8testPinshh) refers to delay.o(i._Z9_delay_ust) for _delay_us(unsigned short)
    ctest.o(i._Z8testPinshh) refers to adc.o(i._Z15adc2_getReadinghh) for adc2_getReading(unsigned char, unsigned char)
    ctest.o(i._Z8testPinshh) refers to uart.o(i._Z11uart_printfPcz) for uart_printf(char*, ...)
    ctest.o(i._Z8testPinshh) refers to ctest.o(.data) for partDetected
    ctest.o(i._Z8testPinshh) refers to delay.o(i._Z15_count_us_startv) for _count_us_start()
    ctest.o(i._Z8testPinshh) refers to delay.o(i._Z14_count_us_stopv) for _count_us_stop()
    ctest.o(i._Z8testPinshh) refers to dflt_clz.o(x$fpl$dfltu) for __aeabi_ui2d
    ctest.o(i._Z8testPinshh) refers to ddiv.o(x$fpl$ddiv) for __aeabi_ddiv
    ctest.o(i._Z8testPinshh) refers to d2f.o(x$fpl$d2f) for __aeabi_d2f
    ctest.o(i._Z8testPinshh) refers to f2d.o(x$fpl$f2d) for __aeabi_f2d
    ctest.o(i._Z8testPinshh) refers to dmul.o(x$fpl$dmul) for __aeabi_dmul
    ctest.o(i._Z8testPinshh) refers to faddsub_clz.o(x$fpl$fsub) for __aeabi_fsub
    ctest.o(i._Z8testPinshh) refers to fmul.o(x$fpl$fmul) for __aeabi_fmul
    ctest.o(i._Z8testPinshh) refers to fdiv.o(x$fpl$fdiv) for __aeabi_fdiv
    ctest.o(i._Z8testPinshh) refers to adc_interrupt.o(.data) for adc1_result_vsup
[...]
    .ARM.Collect$$rtexit$$00000004           0x0800022c   Section        6  rtexit2.o(.ARM.Collect$$rtexit$$00000004)
    .text                                    0x08000234   Section       64  startup_stm32f10x_md.o(.text)
    .text                                    0x08000274   Section      238  lludivv7m.o(.text)
    .text                                    0x08000364   Section        0  c89vsnprintf.o(.text)
    .text                                    0x08000398   Section       68  rt_memclr.o(.text)
    .text                                    0x080003dc   Section        0  heapauxi.o(.text)
    .text                                    0x080003e2   Section        0  _rserrno.o(.text)
    .text                                    0x080003f8   Section        0  _printf_pad.o(.text)
    .text                                    0x08000446   Section        0  _printf_truncate.o(.text)
    .text                                    0x0800046a   Section        0  _printf_str.o(.text)
    .text                                    0x080004bc   Section        0  _printf_dec.o(.text)
    .text                                    0x08000534   Section        0  _printf_charcount.o(.text)
    .text                                    0x0800055c   Section        0  _printf_char_common.o(.text)
    _printf_input_char                       0x0800055d   Thumb Code    10  _printf_char_common.o(.text)
    .text                                    0x0800058c   Section        0  _sputc.o(.text)
    .text                                    0x08000596   Section        0  _snputc.o(.text)
    .text                                    0x080005a8   Section        0  _printf_wctomb.o(.text)
    .text                                    0x08000664   Section        0  _printf_longlong_dec.o(.text)
    .text                                    0x080006e0   Section        0  _printf_oct_int_ll.o(.text)
    _printf_longlong_oct_internal            0x080006e1   Thumb Code     0  _printf_oct_int_ll.o(.text)
    .text                                    0x08000750   Section        0  _printf_hex_int_ll_ptr.o(.text)
    _printf_hex_common                       0x08000751   Thumb Code     0  _printf_hex_int_ll_ptr.o(.text)
    .text                                    0x080007e4   Section        0  __printf_flags_ss_wp.o(.text)
    .text                                    0x0800096c   Section       78  rt_memclr_w.o(.text)
    .text                                    0x080009bc   Section        8  rt_errno_addr_intlibspace.o(.text)
    .text                                    0x080009c4   Section      138  lludiv10.o(.text)
    .text                                    0x08000a4e   Section        0  _printf_intcommon.o(.text)
    .text                                    0x08000b00   Section        0  _printf_fp_dec.o(.text)
    _fp_digits                               0x08000b03   Thumb Code   428  _printf_fp_dec.o(.text)
    .text                                    0x08000f1a   Section        0  _printf_char.o(.text)
    .text                                    0x08000f46   Section        0  _printf_wchar.o(.text)
    .text                                    0x08000f72   Section        0  _wcrtomb.o(.text)
    .text                                    0x08000fb4   Section        8  libspace.o(.text)
    .text                                    0x08000fbc   Section       74  sys_stackheap_outer.o(.text)
    .text                                    0x08001008   Section       16  rt_ctype_table.o(.text)
    .text                                    0x08001018   Section        8  rt_locale_intlibspace.o(.text)
    .text                                    0x08001020   Section        0  _printf_fp_infnan.o(.text)
    .text                                    0x080010a0   Section        0  bigflt0.o(.text)
    .text                                    0x0800117c   Section        0  exit.o(.text)
    .text                                    0x08001190   Section      128  strcmpv7m.o(.text)
    .text                                    0x08001210   Section        0  sys_exit.o(.text)
    .text                                    0x0800121c   Section        2  use_no_semi.o(.text)
    .text                                    0x0800121e   Section        0  indicate_semi.o(.text)
    CL$$btod_d2e                             0x0800121e   Section       62  btod.o(CL$$btod_d2e)
    CL$$btod_d2e_denorm_low                  0x0800125c   Section       70  btod.o(CL$$btod_d2e_denorm_low)
    CL$$btod_d2e_norm_op1                    0x080012a2   Section       96  btod.o(CL$$btod_d2e_norm_op1)
    CL$$btod_div_common                      0x08001302   Section      824  btod.o(CL$$btod_div_common)
    CL$$btod_e2e                             0x0800163a   Section      198  btod.o(CL$$btod_e2e)
    CL$$btod_ediv                            0x08001700   Section       40  btod.o(CL$$btod_ediv)
    CL$$btod_emul                            0x08001728   Section       40  btod.o(CL$$btod_emul)
    CL$$btod_mult_common                     0x08001750   Section      580  btod.o(CL$$btod_mult_common)
    i.DMA1_Channel1_IRQHandler               0x08001994   Section        0  adc_interrupt.o(i.DMA1_Channel1_IRQHandler)
    i.EXTI15_10_IRQHandler                   0x08001aac   Section        0  interrupt.o(i.EXTI15_10_IRQHandler)
    i.EXTI1_IRQHandler                       0x08001be0   Section        0  interrupt.o(i.EXTI1_IRQHandler)
    i.EXTI9_5_IRQHandler                     0x08001c30   Section        0  interrupt.o(i.EXTI9_5_IRQHandler)
    i.SetSysClock                            0x08001c8c   Section        0  system_stm32f10x.o(i.SetSysClock)
    SetSysClock                              0x08001c8d   Thumb Code     8  system_stm32f10x.o(i.SetSysClock)
    i.SetSysClockTo72                        0x08001c94   Section        0  system_stm32f10x.o(i.SetSysClockTo72)
    SetSysClockTo72                          0x08001c95   Thumb Code   214  system_stm32f10x.o(i.SetSysClockTo72)
    i.SystemInit                             0x08001d74   Section        0  system_stm32f10x.o(i.SystemInit)
    i.TIM2_IRQHandler                        0x08001dd4   Section        0  adc_interrupt.o(i.TIM2_IRQHandler)
    i.USART1_IRQHandler                      0x08002090   Section        0  uart.o(i.USART1_IRQHandler)
    i._Z10adc1_startv                        0x080020e0   Section        0  adc.o(i._Z10adc1_startv)
    i._Z10drawScreenv                        0x08002150   Section        0  draw.o(i._Z10drawScreenv)
    i._Z10uart_printPc                       0x080021f4   Section        0  uart.o(i._Z10uart_printPc)
    i._Z11_delay_initv                       0x08002258   Section        0  delay.o(i._Z11_delay_initv)
    i._Z11init_timer2v                       0x0800226c   Section        0  init.o(i._Z11init_timer2v)
    i._Z11uart_printfPcz                     0x080022c4   Section        0  uart.o(i._Z11uart_printfPcz)
    i._Z14NVIC_EnableIRQ4IRQn                0x08002318   Section        0  init.o(i._Z14NVIC_EnableIRQ4IRQn)
    NVIC_EnableIRQ(IRQn)                     0x08002319   Thumb Code    26  init.o(i._Z14NVIC_EnableIRQ4IRQn)
    i._Z14_count_us_stopv                    0x08002334   Section        0  delay.o(i._Z14_count_us_stopv)
    i._Z14drawContScreenv                    0x0800234c   Section        0  draw.o(i._Z14drawContScreenv)
    i._Z14drawCurrScreenv                    0x080025e4   Section        0  draw.o(i._Z14drawCurrScreenv)
    i._Z14drawVoltScreenv                    0x080027f4   Section        0  draw.o(i._Z14drawVoltScreenv)
    i._Z15_count_us_startv                   0x08002a60   Section        0  delay.o(i._Z15_count_us_startv)
    i._Z15adc2_getReadinghh                  0x08002a94   Section        0  adc.o(i._Z15adc2_getReadinghh)
    i._Z15drawAboutScreenv                   0x08002b10   Section        0  draw.o(i._Z15drawAboutScreenv)
    i._Z15drawPowerScreenv                   0x08002bc4   Section        0  draw.o(i._Z15drawPowerScreenv)
    i._Z15setVoltageRangev                   0x08002e10   Section        0  interrupt.o(i._Z15setVoltageRangev)
    i._Z16NVIC_SetPriority4IRQnj             0x08002e78   Section        0  init.o(i._Z16NVIC_SetPriority4IRQnj)
    NVIC_SetPriority(IRQn, unsigned)         0x08002e79   Thumb Code    32  init.o(i._Z16NVIC_SetPriority4IRQnj)
    i._Z16drawSplashScreenv                  0x08002ea0   Section        0  draw.o(i._Z16drawSplashScreenv)
    i._Z18drawCompTestScreenv                0x08002f58   Section        0  draw.o(i._Z18drawCompTestScreenv)
    i._Z8init_rccv                           0x0800327c   Section        0  init.o(i._Z8init_rccv)
    i._Z8init_rtcv                           0x080032b8   Section        0  init.o(i._Z8init_rtcv)
    i._Z8testPinshh                          0x0800330c   Section        0  ctest.o(i._Z8testPinshh)
    i._Z9_delay_mst                          0x08003e8c   Section        0  delay.o(i._Z9_delay_mst)
    i._Z9_delay_ust                          0x08003eec   Section        0  delay.o(i._Z9_delay_ust)
    i._Z9adc1_initv                          0x08003f3c   Section        0  adc.o(i._Z9adc1_initv)
    i._Z9adc2_initv                          0x0800405c   Section        0  adc.o(i._Z9adc2_initv)
    i._Z9init_extiv                          0x080040cc   Section        0  init.o(i._Z9init_extiv)
    i._Z9init_gpiov                          0x080041e8   Section        0  init.o(i._Z9init_gpiov)
    i._Z9uart_initv                          0x0800425c   Section        0  uart.o(i._Z9uart_initv)
    i._ZN8LCD_511012clearDisplayEv           0x080042fc   Section        0  5110.o(i._ZN8LCD_511012clearDisplayEv)
    i._ZN8LCD_511012drawFillRectEssssb       0x08004324   Section        0  5110.o(i._ZN8LCD_511012drawFillRectEssssb)
    i._ZN8LCD_51105beginEhh                  0x08004358   Section        0  5110.o(i._ZN8LCD_51105beginEhh)
    i._ZN8LCD_51105printEPc                  0x08004454   Section        0  5110.o(i._ZN8LCD_51105printEPc)
    i._ZN8LCD_51106printfEPcz                0x0800449c   Section        0  5110.o(i._ZN8LCD_51106printfEPcz)
    i._ZN8LCD_51107commandEh                 0x080044cc   Section        0  5110.o(i._ZN8LCD_51107commandEh)
    i._ZN8LCD_51107displayEv                 0x080044e8   Section        0  5110.o(i._ZN8LCD_51107displayEv)
    i._ZN8LCD_51107printxyEPchh              0x08004548   Section        0  5110.o(i._ZN8LCD_51107printxyEPchh)
    i._ZN8LCD_51107setFontEPK7GFXfont        0x0800456c   Section        0  5110.o(i._ZN8LCD_51107setFontEPK7GFXfont)
    i._ZN8LCD_51108drawCharEsshbbh           0x080045a0   Section        0  5110.o(i._ZN8LCD_51108drawCharEsshbbh)
    i._ZN8LCD_51108drawLineEssssb            0x080046a0   Section        0  5110.o(i._ZN8LCD_51108drawLineEssssb)
    i._ZN8LCD_51108spiWriteEh                0x08004778   Section        0  5110.o(i._ZN8LCD_51108spiWriteEh)
    i._ZN8LCD_51109drawPixelEsst             0x0800479c   Section        0  5110.o(i._ZN8LCD_51109drawPixelEsst)
    i._ZN8LCD_51109setCursorEhh              0x08004864   Section        0  5110.o(i._ZN8LCD_51109setCursorEhh)
    i._ZSt4sqrtf                             0x08004878   Section        0  adc_interrupt.o(i._ZSt4sqrtf)
    i.__ARM_fpclassify                       0x08004884   Section        0  fpclassify.o(i.__ARM_fpclassify)
    i._is_digit                              0x080048ac   Section        0  __printf_wp.o(i._is_digit)
    i.main                                   0x080048bc   Section        0  main.o(i.main)
    i.sqrtf                                  0x0800491c   Section        0  sqrtf.o(i.sqrtf)
    locale$$code                             0x08004948   Section       44  lc_numeric_c.o(locale$$code)
    locale$$code                             0x08004974   Section       44  lc_ctype_c.o(locale$$code)
    x$fpl$d2f                                0x080049a0   Section       98  d2f.o(x$fpl$d2f)
    x$fpl$dadd                               0x08004a04   Section      336  daddsub_clz.o(x$fpl$dadd)
    _dadd1                                   0x08004a15   Thumb Code     0  daddsub_clz.o(x$fpl$dadd)
    x$fpl$dcmpinf                            0x08004b54   Section       24  dcmpi.o(x$fpl$dcmpinf)
    x$fpl$ddiv                               0x08004b6c   Section      688  ddiv.o(x$fpl$ddiv)
    ddiv_entry                               0x08004b73   Thumb Code     0  ddiv.o(x$fpl$ddiv)
    x$fpl$dflt                               0x08004e1c   Section       46  dflt_clz.o(x$fpl$dflt)
    x$fpl$dfltu                              0x08004e4a   Section       38  dflt_clz.o(x$fpl$dfltu)
    x$fpl$dleqf                              0x08004e70   Section      120  dleqf.o(x$fpl$dleqf)
    x$fpl$dmul                               0x08004ee8   Section      340  dmul.o(x$fpl$dmul)
    x$fpl$dnaninf                            0x0800503c   Section      156  dnaninf.o(x$fpl$dnaninf)
    x$fpl$dretinf                            0x080050d8   Section       12  dretinf.o(x$fpl$dretinf)
    x$fpl$drleqf                             0x080050e4   Section      108  drleqf.o(x$fpl$drleqf)
    x$fpl$drsb                               0x08005150   Section       22  daddsub_clz.o(x$fpl$drsb)
    x$fpl$dsub                               0x08005168   Section      468  daddsub_clz.o(x$fpl$dsub)
    _dsub1                                   0x08005179   Thumb Code     0  daddsub_clz.o(x$fpl$dsub)
    x$fpl$f2d                                0x0800533c   Section       86  f2d.o(x$fpl$f2d)
    x$fpl$fadd                               0x08005394   Section      196  faddsub_clz.o(x$fpl$fadd)
    _fadd1                                   0x080053a3   Thumb Code     0  faddsub_clz.o(x$fpl$fadd)
    x$fpl$fcmpinf                            0x08005458   Section       24  fcmpi.o(x$fpl$fcmpinf)
    x$fpl$fdiv                               0x08005470   Section      388  fdiv.o(x$fpl$fdiv)
    _fdiv1                                   0x08005471   Thumb Code     0  fdiv.o(x$fpl$fdiv)
    x$fpl$ffltll                             0x080055f4   Section       96  ffltll_clz.o(x$fpl$ffltll)
    x$fpl$ffltu                              0x08005654   Section       38  fflt_clz.o(x$fpl$ffltu)
    x$fpl$fleqf                              0x0800567c   Section      104  fleqf.o(x$fpl$fleqf)
    x$fpl$fmul                               0x080056e4   Section      258  fmul.o(x$fpl$fmul)
    x$fpl$fnaninf                            0x080057e6   Section      140  fnaninf.o(x$fpl$fnaninf)
    x$fpl$fretinf                            0x08005872   Section       10  fretinf.o(x$fpl$fretinf)
    x$fpl$frleqf                             0x0800587c   Section       98  frleqf.o(x$fpl$frleqf)
    x$fpl$fsqrt                              0x080058e0   Section      272  fsqrt.o(x$fpl$fsqrt)
    x$fpl$fsub                               0x080059f0   Section      234  faddsub_clz.o(x$fpl$fsub)
    _fsub1                                   0x080059ff   Thumb Code     0  faddsub_clz.o(x$fpl$fsub)
    x$fpl$printf1                            0x08005ada   Section        4  printf1.o(x$fpl$printf1)
    x$fpl$usenofp                            0x08005ade   Section        0  usenofp.o(x$fpl$usenofp)
    .constdata                               0x08005ae0   Section     6812  draw.o(.constdata)
    Lato_Medium_9Bitmaps                     0x08005ae0   Data         356  draw.o(.constdata)
    Lato_Medium_9Glyphs                      0x08005c44   Data         752  draw.o(.constdata)
    Lato_Medium_9                            0x08005f34   Data          12  draw.o(.constdata)
    Lato_Heavy_16Bitmaps                     0x08005f40   Data        1011  draw.o(.constdata)
    Lato_Heavy_16Glyphs                      0x08006334   Data         752  draw.o(.constdata)
    Lato_Heavy_16                            0x08006624   Data          12  draw.o(.constdata)
    Lato_Heavy_28Bitmaps                     0x08006630   Data        3149  draw.o(.constdata)
    Lato_Heavy_28Glyphs                      0x0800727e   Data         752  draw.o(.constdata)
    Lato_Heavy_28                            0x08007570   Data          12  draw.o(.constdata)
    .constdata                               0x0800757c   Section       16  adc_interrupt.o(.constdata)
    voltageGain                              0x0800757c   Data          16  adc_interrupt.o(.constdata)
    .constdata                               0x0800758c   Section        8  _printf_wctomb.o(.constdata)
    initial_mbstate                          0x0800758c   Data           8  _printf_wctomb.o(.constdata)
    .constdata                               0x08007594   Section       40  _printf_hex_int_ll_ptr.o(.constdata)
    uc_hextab                                0x08007594   Data          20  _printf_hex_int_ll_ptr.o(.constdata)
    lc_hextab                                0x080075a8   Data          20  _printf_hex_int_ll_ptr.o(.constdata)
    .constdata                               0x080075bc   Section       17  __printf_flags_ss_wp.o(.constdata)
    maptable                                 0x080075bc   Data          17  __printf_flags_ss_wp.o(.constdata)
    .constdata                               0x080075d0   Section      148  bigflt0.o(.constdata)
    tenpwrs_x                                0x080075d0   Data          60  bigflt0.o(.constdata)
    tenpwrs_i                                0x0800760c   Data          64  bigflt0.o(.constdata)
    .conststring                             0x08007664   Section       81  draw.o(.conststring)
    locale$$data                             0x080076d8   Section       28  lc_numeric_c.o(locale$$data)
    __lcnum_c_name                           0x080076dc   Data           2  lc_numeric_c.o(locale$$data)
    __lcnum_c_start                          0x080076e4   Data           0  lc_numeric_c.o(locale$$data)
    __lcnum_c_point                          0x080076f0   Data           0  lc_numeric_c.o(locale$$data)
    __lcnum_c_thousands                      0x080076f2   Data           0  lc_numeric_c.o(locale$$data)
    __lcnum_c_grouping                       0x080076f3   Data           0  lc_numeric_c.o(locale$$data)
    locale$$data                             0x080076f4   Section      272  lc_ctype_c.o(locale$$data)
    __lcnum_c_end                            0x080076f4   Data           0  lc_numeric_c.o(locale$$data)
    __lcctype_c_name                         0x080076f8   Data           2  lc_ctype_c.o(locale$$data)
    __lcctype_c_start                        0x08007700   Data           0  lc_ctype_c.o(locale$$data)
    __lcctype_c_end                          0x08007804   Data           0  lc_ctype_c.o(locale$$data)
    .data                                    0x20000000   Section        7  ctest.o(.data)
    .data                                    0x20000007   Section        2  uart.o(.data)
    .data                                    0x2000000c   Section        9  5110.o(.data)
    .data                                    0x20000018   Section       58  draw.o(.data)
    intro_line1                              0x2000001c   Data          24  draw.o(.data)
    intro_line2                              0x20000034   Data          24  draw.o(.data)
    .data                                    0x20000058   Section       66  adc_interrupt.o(.data)
    .bss                                     0x2000009c   Section      128  uart.o(.bss)
    .bss                                     0x2000011c   Section      504  5110.o(.bss)
    .bss                                     0x20000314   Section       24  adc.o(.bss)
    .bss                                     0x2000032c   Section       96  libspace.o(.bss)
    HEAP                                     0x20000390   Section      512  startup_stm32f10x_md.o(HEAP)
    Heap_Mem                                 0x20000390   Data         512  startup_stm32f10x_md.o(HEAP)
    STACK                                    0x20000590   Section     1024  startup_stm32f10x_md.o(STACK)
    Stack_Mem                                0x20000590   Data        1024  startup_stm32f10x_md.o(STACK)
    __initial_sp                             0x20000990   Data           0  startup_stm32f10x_md.o(STACK)

    Global Symbols

    Symbol Name                              Value     Ov Type        Size  Object(Section)

    BuildAttributes$$THM_ISAv4$P$D$K$B$S$PE$A:L22UL41UL21$X:L11$S22US41US21$IEEE1$IW$USESV6$~STKCKD$USESV7$~SHL$OTIME$ROPI$IEEEJ$EBA8$UX$STANDARDLIB$REQ8$PRES8$EABIv2 0x00000000   Number         0  anon$$obj.o ABSOLUTE
    __ARM_use_no_argv                        0x00000000   Number         0  main.o ABSOLUTE
    _printf_flags                            0x00000000   Number         0  printf_stubs.o ABSOLUTE
    _printf_return_value                     0x00000000   Number         0  printf_stubs.o ABSOLUTE
    _printf_sizespec                         0x00000000   Number         0  printf_stubs.o ABSOLUTE
    _printf_widthprec                        0x00000000   Number         0  printf_stubs.o ABSOLUTE
    __ARM_exceptions_init                     - Undefined Weak Reference
    __alloca_initialize                       - Undefined Weak Reference
    __arm_preinit_                            - Undefined Weak Reference
    __cpp_initialize__aeabi_                  - Undefined Weak Reference
    __cxa_finalize                            - Undefined Weak Reference
    __sigvec_lookup                           - Undefined Weak Reference
    _atexit_init                              - Undefined Weak Reference
    _call_atexit_fns                          - Undefined Weak Reference
    _clock_init                               - Undefined Weak Reference
    _fp_trap_init                             - Undefined Weak Reference
    _fp_trap_shutdown                         - Undefined Weak Reference
    _get_lc_collate                           - Undefined Weak Reference
    _get_lc_monetary                          - Undefined Weak Reference
    _get_lc_time                              - Undefined Weak Reference
    _getenv_init                              - Undefined Weak Reference
    _handle_redirection                       - Undefined Weak Reference
    _init_alloc                               - Undefined Weak Reference
    _init_user_alloc                          - Undefined Weak Reference
    _initio                                   - Undefined Weak Reference
    _printf_fp_hex                            - Undefined Weak Reference
    _printf_mbtowc                            - Undefined Weak Reference
    _printf_wc                                - Undefined Weak Reference
    _rand_init                                - Undefined Weak Reference
    _signal_finish                            - Undefined Weak Reference
    _signal_init                              - Undefined Weak Reference
    _terminate_alloc                          - Undefined Weak Reference
    _terminate_user_alloc                     - Undefined Weak Reference
    _terminateio                              - Undefined Weak Reference
    __Vectors_Size                           0x000000ec   Number         0  startup_stm32f10x_md.o ABSOLUTE
    __Vectors                                0x08000000   Data           4  startup_stm32f10x_md.o(RESET)
    __Vectors_End                            0x080000ec   Data           0  startup_stm32f10x_md.o(RESET)
    __main                                   0x080000ed   Thumb Code     8  __main.o(!!!main)
    __scatterload                            0x080000f5   Thumb Code     0  __scatter.o(!!!scatter)
    __scatterload_rt2                        0x080000f5   Thumb Code    44  __scatter.o(!!!scatter)
    __scatterload_rt2_thumb_only             0x080000f5   Thumb Code     0  __scatter.o(!!!scatter)
    __scatterload_null                       0x08000103   Thumb Code     0  __scatter.o(!!!scatter)
    __scatterload_copy                       0x08000129   Thumb Code    26  __scatter_copy.o(!!handler_copy)
    __scatterload_zeroinit                   0x08000145   Thumb Code    28  __scatter_zi.o(!!handler_zi)
    _printf_n                                0x08000161   Thumb Code     0  _printf_n.o(.ARM.Collect$$_printf_percent$$00000001)
    _printf_percent                          0x08000161   Thumb Code     0  _printf_percent.o(.ARM.Collect$$_printf_percent$$00000000)
    _printf_p                                0x08000167   Thumb Code     0  _printf_p.o(.ARM.Collect$$_printf_percent$$00000002)
    _printf_f                                0x0800016d   Thumb Code     0  _printf_f.o(.ARM.Collect$$_printf_percent$$00000003)
    _printf_e                                0x08000173   Thumb Code     0  _printf_e.o(.ARM.Collect$$_printf_percent$$00000004)
    _printf_g                                0x08000179   Thumb Code     0  _printf_g.o(.ARM.Collect$$_printf_percent$$00000005)
    _printf_a                                0x0800017f   Thumb Code     0  _printf_a.o(.ARM.Collect$$_printf_percent$$00000006)
    _printf_ll                               0x08000185   Thumb Code     0  _printf_ll.o(.ARM.Collect$$_printf_percent$$00000007)
    _printf_i                                0x0800018f   Thumb Code     0  _printf_i.o(.ARM.Collect$$_printf_percent$$00000008)
    _printf_d                                0x08000195   Thumb Code     0  _printf_d.o(.ARM.Collect$$_printf_percent$$00000009)
    _printf_u                                0x0800019b   Thumb Code     0  _printf_u.o(.ARM.Collect$$_printf_percent$$0000000A)
    _printf_o                                0x080001a1   Thumb Code     0  _printf_o.o(.ARM.Collect$$_printf_percent$$0000000B)
    _printf_x                                0x080001a7   Thumb Code     0  _printf_x.o(.ARM.Collect$$_printf_percent$$0000000C)
    _printf_lli                              0x080001ad   Thumb Code     0  _printf_lli.o(.ARM.Collect$$_printf_percent$$0000000D)
    _printf_lld                              0x080001b3   Thumb Code     0  _printf_lld.o(.ARM.Collect$$_printf_percent$$0000000E)
    _printf_llu                              0x080001b9   Thumb Code     0  _printf_llu.o(.ARM.Collect$$_printf_percent$$0000000F)
    _printf_llo                              0x080001bf   Thumb Code     0  _printf_llo.o(.ARM.Collect$$_printf_percent$$00000010)
    _printf_llx                              0x080001c5   Thumb Code     0  _printf_llx.o(.ARM.Collect$$_printf_percent$$00000011)
    _printf_l                                0x080001cb   Thumb Code     0  _printf_l.o(.ARM.Collect$$_printf_percent$$00000012)
    _printf_c                                0x080001d5   Thumb Code     0  _printf_c.o(.ARM.Collect$$_printf_percent$$00000013)
    _printf_s                                0x080001db   Thumb Code     0  _printf_s.o(.ARM.Collect$$_printf_percent$$00000014)
    _printf_lc                               0x080001e1   Thumb Code     0  _printf_lc.o(.ARM.Collect$$_printf_percent$$00000015)
    _printf_ls                               0x080001e7   Thumb Code     0  _printf_ls.o(.ARM.Collect$$_printf_percent$$00000016)
    _printf_percent_end                      0x080001ed   Thumb Code     0  _printf_percent_end.o(.ARM.Collect$$_printf_percent$$00000017)
    __rt_lib_init                            0x080001f1   Thumb Code     0  libinit.o(.ARM.Collect$$libinit$$00000000)
    __rt_lib_init_fp_1                       0x080001f3   Thumb Code     0  libinit2.o(.ARM.Collect$$libinit$$00000002)
    __rt_lib_init_heap_1                     0x080001f3   Thumb Code     0  libinit2.o(.ARM.Collect$$libinit$$0000000A)
    __rt_lib_init_lc_common                  0x080001f3   Thumb Code     0  libinit2.o(.ARM.Collect$$libinit$$0000000F)
    __rt_lib_init_preinit_1                  0x080001f3   Thumb Code     0  libinit2.o(.ARM.Collect$$libinit$$00000004)
    __rt_lib_init_rand_1                     0x080001f3   Thumb Code     0  libinit2.o(.ARM.Collect$$libinit$$0000000E)
    __rt_lib_init_user_alloc_1               0x080001f3   Thumb Code     0  libinit2.o(.ARM.Collect$$libinit$$0000000C)
    __rt_lib_init_lc_collate_1               0x080001f9   Thumb Code     0  libinit2.o(.ARM.Collect$$libinit$$00000011)
    __rt_lib_init_lc_ctype_2                 0x080001f9   Thumb Code     0  libinit2.o(.ARM.Collect$$libinit$$00000012)
    __rt_lib_init_lc_ctype_1                 0x08000205   Thumb Code     0  libinit2.o(.ARM.Collect$$libinit$$00000013)
    __rt_lib_init_lc_monetary_1              0x08000205   Thumb Code     0  libinit2.o(.ARM.Collect$$libinit$$00000015)
    __rt_lib_init_lc_numeric_2               0x08000205   Thumb Code     0  libinit2.o(.ARM.Collect$$libinit$$00000016)
    __rt_lib_init_alloca_1                   0x0800020f   Thumb Code     0  libinit2.o(.ARM.Collect$$libinit$$0000002E)
    __rt_lib_init_argv_1                     0x0800020f   Thumb Code     0  libinit2.o(.ARM.Collect$$libinit$$0000002C)
    __rt_lib_init_atexit_1                   0x0800020f   Thumb Code     0  libinit2.o(.ARM.Collect$$libinit$$0000001B)
    __rt_lib_init_clock_1                    0x0800020f   Thumb Code     0  libinit2.o(.ARM.Collect$$libinit$$00000021)
    __rt_lib_init_cpp_1                      0x0800020f   Thumb Code     0  libinit2.o(.ARM.Collect$$libinit$$00000032)
    __rt_lib_init_exceptions_1               0x0800020f   Thumb Code     0  libinit2.o(.ARM.Collect$$libinit$$00000030)
    __rt_lib_init_fp_trap_1                  0x0800020f   Thumb Code     0  libinit2.o(.ARM.Collect$$libinit$$0000001F)
    __rt_lib_init_getenv_1                   0x0800020f   Thumb Code     0  libinit2.o(.ARM.Collect$$libinit$$00000023)
    __rt_lib_init_lc_numeric_1               0x0800020f   Thumb Code     0  libinit2.o(.ARM.Collect$$libinit$$00000017)
    __rt_lib_init_lc_time_1                  0x0800020f   Thumb Code     0  libinit2.o(.ARM.Collect$$libinit$$00000019)
    __rt_lib_init_return                     0x0800020f   Thumb Code     0  libinit2.o(.ARM.Collect$$libinit$$00000033)
    __rt_lib_init_signal_1                   0x0800020f   Thumb Code     0  libinit2.o(.ARM.Collect$$libinit$$0000001D)
    __rt_lib_init_stdio_1                    0x0800020f   Thumb Code     0  libinit2.o(.ARM.Collect$$libinit$$00000025)
    __rt_lib_shutdown                        0x08000211   Thumb Code     0  libshutdown.o(.ARM.Collect$$libshutdown$$00000000)
    __rt_lib_shutdown_cpp_1                  0x08000213   Thumb Code     0  libshutdown2.o(.ARM.Collect$$libshutdown$$00000002)
    __rt_lib_shutdown_fp_trap_1              0x08000213   Thumb Code     0  libshutdown2.o(.ARM.Collect$$libshutdown$$00000007)
    __rt_lib_shutdown_heap_1                 0x08000213   Thumb Code     0  libshutdown2.o(.ARM.Collect$$libshutdown$$0000000F)
    __rt_lib_shutdown_return                 0x08000213   Thumb Code     0  libshutdown2.o(.ARM.Collect$$libshutdown$$00000010)
    __rt_lib_shutdown_signal_1               0x08000213   Thumb Code     0  libshutdown2.o(.ARM.Collect$$libshutdown$$0000000A)
    __rt_lib_shutdown_stdio_1                0x08000213   Thumb Code     0  libshutdown2.o(.ARM.Collect$$libshutdown$$00000004)
    __rt_lib_shutdown_user_alloc_1           0x08000213   Thumb Code     0  libshutdown2.o(.ARM.Collect$$libshutdown$$0000000C)
    __rt_entry                               0x08000215   Thumb Code     0  __rtentry.o(.ARM.Collect$$rtentry$$00000000)
    __rt_entry_presh_1                       0x08000215   Thumb Code     0  __rtentry2.o(.ARM.Collect$$rtentry$$00000002)
    __rt_entry_sh                            0x08000215   Thumb Code     0  __rtentry4.o(.ARM.Collect$$rtentry$$00000004)
    __rt_entry_li                            0x0800021b   Thumb Code     0  __rtentry2.o(.ARM.Collect$$rtentry$$0000000A)
    __rt_entry_postsh_1                      0x0800021b   Thumb Code     0  __rtentry2.o(.ARM.Collect$$rtentry$$00000009)
    __rt_entry_main                          0x0800021f   Thumb Code     0  __rtentry2.o(.ARM.Collect$$rtentry$$0000000D)
    __rt_entry_postli_1                      0x0800021f   Thumb Code     0  __rtentry2.o(.ARM.Collect$$rtentry$$0000000C)
    __rt_exit                                0x08000227   Thumb Code     0  rtexit.o(.ARM.Collect$$rtexit$$00000000)
    __rt_exit_ls                             0x08000229   Thumb Code     0  rtexit2.o(.ARM.Collect$$rtexit$$00000003)
    __rt_exit_prels_1                        0x08000229   Thumb Code     0  rtexit2.o(.ARM.Collect$$rtexit$$00000002)
    __rt_exit_exit                           0x0800022d   Thumb Code     0  rtexit2.o(.ARM.Collect$$rtexit$$00000004)
    Reset_Handler                            0x08000235   Thumb Code     8  startup_stm32f10x_md.o(.text)
    NMI_Handler                              0x0800023d   Thumb Code     2  startup_stm32f10x_md.o(.text)
    HardFault_Handler                        0x0800023f   Thumb Code     2  startup_stm32f10x_md.o(.text)
    MemManage_Handler                        0x08000241   Thumb Code     2  startup_stm32f10x_md.o(.text)
    BusFault_Handler                         0x08000243   Thumb Code     2  startup_stm32f10x_md.o(.text)
    UsageFault_Handler                       0x08000245   Thumb Code     2  startup_stm32f10x_md.o(.text)
    SVC_Handler                              0x08000247   Thumb Code     2  startup_stm32f10x_md.o(.text)
    DebugMon_Handler                         0x08000249   Thumb Code     2  startup_stm32f10x_md.o(.text)
    PendSV_Handler                           0x0800024b   Thumb Code     2  startup_stm32f10x_md.o(.text)
    SysTick_Handler                          0x0800024d   Thumb Code     2  startup_stm32f10x_md.o(.text)
    ADC1_2_IRQHandler                        0x0800024f   Thumb Code     0  startup_stm32f10x_md.o(.text)
    CAN1_RX1_IRQHandler                      0x0800024f   Thumb Code     0  startup_stm32f10x_md.o(.text)
    CAN1_SCE_IRQHandler                      0x0800024f   Thumb Code     0  startup_stm32f10x_md.o(.text)
    DMA1_Channel2_IRQHandler                 0x0800024f   Thumb Code     0  startup_stm32f10x_md.o(.text)
    DMA1_Channel3_IRQHandler                 0x0800024f   Thumb Code     0  startup_stm32f10x_md.o(.text)
    DMA1_Channel4_IRQHandler                 0x0800024f   Thumb Code     0  startup_stm32f10x_md.o(.text)
    DMA1_Channel5_IRQHandler                 0x0800024f   Thumb Code     0  startup_stm32f10x_md.o(.text)
    DMA1_Channel6_IRQHandler                 0x0800024f   Thumb Code     0  startup_stm32f10x_md.o(.text)
    DMA1_Channel7_IRQHandler                 0x0800024f   Thumb Code     0  startup_stm32f10x_md.o(.text)
    EXTI0_IRQHandler                         0x0800024f   Thumb Code     0  startup_stm32f10x_md.o(.text)
    EXTI2_IRQHandler                         0x0800024f   Thumb Code     0  startup_stm32f10x_md.o(.text)
    EXTI3_IRQHandler                         0x0800024f   Thumb Code     0  startup_stm32f10x_md.o(.text)
    EXTI4_IRQHandler                         0x0800024f   Thumb Code     0  startup_stm32f10x_md.o(.text)
    FLASH_IRQHandler                         0x0800024f   Thumb Code     0  startup_stm32f10x_md.o(.text)
    I2C1_ER_IRQHandler                       0x0800024f   Thumb Code     0  startup_stm32f10x_md.o(.text)
    I2C1_EV_IRQHandler                       0x0800024f   Thumb Code     0  startup_stm32f10x_md.o(.text)
    I2C2_ER_IRQHandler                       0x0800024f   Thumb Code     0  startup_stm32f10x_md.o(.text)
    I2C2_EV_IRQHandler                       0x0800024f   Thumb Code     0  startup_stm32f10x_md.o(.text)
    PVD_IRQHandler                           0x0800024f   Thumb Code     0  startup_stm32f10x_md.o(.text)
    RCC_IRQHandler                           0x0800024f   Thumb Code     0  startup_stm32f10x_md.o(.text)
    RTCAlarm_IRQHandler                      0x0800024f   Thumb Code     0  startup_stm32f10x_md.o(.text)
    RTC_IRQHandler                           0x0800024f   Thumb Code     0  startup_stm32f10x_md.o(.text)
    SPI1_IRQHandler                          0x0800024f   Thumb Code     0  startup_stm32f10x_md.o(.text)
    SPI2_IRQHandler                          0x0800024f   Thumb Code     0  startup_stm32f10x_md.o(.text)
    TAMPER_IRQHandler                        0x0800024f   Thumb Code     0  startup_stm32f10x_md.o(.text)
    TIM1_BRK_IRQHandler                      0x0800024f   Thumb Code     0  startup_stm32f10x_md.o(.text)
    TIM1_CC_IRQHandler                       0x0800024f   Thumb Code     0  startup_stm32f10x_md.o(.text)
    TIM1_TRG_COM_IRQHandler                  0x0800024f   Thumb Code     0  startup_stm32f10x_md.o(.text)
    TIM1_UP_IRQHandler                       0x0800024f   Thumb Code     0  startup_stm32f10x_md.o(.text)
    TIM3_IRQHandler                          0x0800024f   Thumb Code     0  startup_stm32f10x_md.o(.text)
    TIM4_IRQHandler                          0x0800024f   Thumb Code     0  startup_stm32f10x_md.o(.text)
    USART2_IRQHandler                        0x0800024f   Thumb Code     0  startup_stm32f10x_md.o(.text)
    USART3_IRQHandler                        0x0800024f   Thumb Code     0  startup_stm32f10x_md.o(.text)
    USBWakeUp_IRQHandler                     0x0800024f   Thumb Code     0  startup_stm32f10x_md.o(.text)
    USB_HP_CAN1_TX_IRQHandler                0x0800024f   Thumb Code     0  startup_stm32f10x_md.o(.text)
    USB_LP_CAN1_RX0_IRQHandler               0x0800024f   Thumb Code     0  startup_stm32f10x_md.o(.text)
    WWDG_IRQHandler                          0x0800024f   Thumb Code     0  startup_stm32f10x_md.o(.text)
    __user_initial_stackheap                 0x08000251   Thumb Code     0  startup_stm32f10x_md.o(.text)
    __aeabi_uldivmod                         0x08000275   Thumb Code     0  lludivv7m.o(.text)
    _ll_udiv                                 0x08000275   Thumb Code   238  lludivv7m.o(.text)
    __c89vsnprintf                           0x08000365   Thumb Code    48  c89vsnprintf.o(.text)
    __aeabi_memclr                           0x08000399   Thumb Code     0  rt_memclr.o(.text)
    __rt_memclr                              0x08000399   Thumb Code    68  rt_memclr.o(.text)
    _memset                                  0x0800039d   Thumb Code     0  rt_memclr.o(.text)
    __use_two_region_memory                  0x080003dd   Thumb Code     2  heapauxi.o(.text)
    __rt_heap_escrow$2region                 0x080003df   Thumb Code     2  heapauxi.o(.text)
    __rt_heap_expand$2region                 0x080003e1   Thumb Code     2  heapauxi.o(.text)
    __read_errno                             0x080003e3   Thumb Code    10  _rserrno.o(.text)
    __set_errno                              0x080003ed   Thumb Code    12  _rserrno.o(.text)
    _printf_pre_padding                      0x080003f9   Thumb Code    44  _printf_pad.o(.text)
    _printf_post_padding                     0x08000425   Thumb Code    34  _printf_pad.o(.text)
    _printf_truncate_signed                  0x08000447   Thumb Code    18  _printf_truncate.o(.text)
    _printf_truncate_unsigned                0x08000459   Thumb Code    18  _printf_truncate.o(.text)
    _printf_str                              0x0800046b   Thumb Code    82  _printf_str.o(.text)
    _printf_int_dec                          0x080004bd   Thumb Code   104  _printf_dec.o(.text)
    _printf_charcount                        0x08000535   Thumb Code    40  _printf_charcount.o(.text)
    _printf_char_common                      0x08000567   Thumb Code    32  _printf_char_common.o(.text)
    _sputc                                   0x0800058d   Thumb Code    10  _sputc.o(.text)
    _snputc                                  0x08000597   Thumb Code    16  _snputc.o(.text)
    _printf_wctomb                           0x080005a9   Thumb Code   182  _printf_wctomb.o(.text)
    _printf_longlong_dec                     0x08000665   Thumb Code   108  _printf_longlong_dec.o(.text)
    _printf_longlong_oct                     0x080006e1   Thumb Code    66  _printf_oct_int_ll.o(.text)
    _printf_int_oct                          0x08000723   Thumb Code    24  _printf_oct_int_ll.o(.text)
    _printf_ll_oct                           0x0800073b   Thumb Code    12  _printf_oct_int_ll.o(.text)
    _printf_longlong_hex                     0x08000751   Thumb Code    86  _printf_hex_int_ll_ptr.o(.text)
    _printf_int_hex                          0x080007a7   Thumb Code    28  _printf_hex_int_ll_ptr.o(.text)
    _printf_ll_hex                           0x080007c3   Thumb Code    12  _printf_hex_int_ll_ptr.o(.text)
    _printf_hex_ptr                          0x080007cf   Thumb Code    18  _printf_hex_int_ll_ptr.o(.text)
    __printf                                 0x080007e5   Thumb Code   388  __printf_flags_ss_wp.o(.text)
    __aeabi_memclr4                          0x0800096d   Thumb Code     0  rt_memclr_w.o(.text)
    __aeabi_memclr8                          0x0800096d   Thumb Code     0  rt_memclr_w.o(.text)
    __rt_memclr_w                            0x0800096d   Thumb Code    78  rt_memclr_w.o(.text)
    _memset_w                                0x08000971   Thumb Code     0  rt_memclr_w.o(.text)
    __aeabi_errno_addr                       0x080009bd   Thumb Code     8  rt_errno_addr_intlibspace.o(.text)
    __errno$intlibspace                      0x080009bd   Thumb Code     0  rt_errno_addr_intlibspace.o(.text)
    __rt_errno_addr$intlibspace              0x080009bd   Thumb Code     0  rt_errno_addr_intlibspace.o(.text)
    _ll_udiv10                               0x080009c5   Thumb Code   138  lludiv10.o(.text)
    _printf_int_common                       0x08000a4f   Thumb Code   178  _printf_intcommon.o(.text)
    __lib_sel_fp_printf                      0x08000b01   Thumb Code     2  _printf_fp_dec.o(.text)
    _printf_fp_dec_real                      0x08000caf   Thumb Code   620  _printf_fp_dec.o(.text)
    _printf_cs_common                        0x08000f1b   Thumb Code    20  _printf_char.o(.text)
    _printf_char                             0x08000f2f   Thumb Code    16  _printf_char.o(.text)
    _printf_string                           0x08000f3f   Thumb Code     8  _printf_char.o(.text)
    _printf_lcs_common                       0x08000f47   Thumb Code    20  _printf_wchar.o(.text)
    _printf_wchar                            0x08000f5b   Thumb Code    16  _printf_wchar.o(.text)
    _printf_wstring                          0x08000f6b   Thumb Code     8  _printf_wchar.o(.text)
    _wcrtomb                                 0x08000f73   Thumb Code    64  _wcrtomb.o(.text)
    __user_libspace                          0x08000fb5   Thumb Code     8  libspace.o(.text)
    __user_perproc_libspace                  0x08000fb5   Thumb Code     0  libspace.o(.text)
    __user_perthread_libspace                0x08000fb5   Thumb Code     0  libspace.o(.text)
    __user_setup_stackheap                   0x08000fbd   Thumb Code    74  sys_stackheap_outer.o(.text)
    __rt_ctype_table                         0x08001009   Thumb Code    16  rt_ctype_table.o(.text)
    __rt_locale                              0x08001019   Thumb Code     8  rt_locale_intlibspace.o(.text)
    _printf_fp_infnan                        0x08001021   Thumb Code   112  _printf_fp_infnan.o(.text)
    _btod_etento                             0x080010a1   Thumb Code   216  bigflt0.o(.text)
    exit                                     0x0800117d   Thumb Code    18  exit.o(.text)
    strcmp                                   0x08001191   Thumb Code   128  strcmpv7m.o(.text)
    _sys_exit                                0x08001211   Thumb Code     8  sys_exit.o(.text)
    __I$use$semihosting                      0x0800121d   Thumb Code     0  use_no_semi.o(.text)
    __use_no_semihosting_swi                 0x0800121d   Thumb Code     2  use_no_semi.o(.text)
    __semihosting_library_function           0x0800121f   Thumb Code     0  indicate_semi.o(.text)
    _btod_d2e                                0x0800121f   Thumb Code    62  btod.o(CL$$btod_d2e)
    _d2e_denorm_low                          0x0800125d   Thumb Code    70  btod.o(CL$$btod_d2e_denorm_low)
    _d2e_norm_op1                            0x080012a3   Thumb Code    96  btod.o(CL$$btod_d2e_norm_op1)
    __btod_div_common                        0x08001303   Thumb Code   696  btod.o(CL$$btod_div_common)
    _e2e                                     0x0800163b   Thumb Code   198  btod.o(CL$$btod_e2e)
    _btod_ediv                               0x08001701   Thumb Code    40  btod.o(CL$$btod_ediv)
    _btod_emul                               0x08001729   Thumb Code    40  btod.o(CL$$btod_emul)
    __btod_mult_common                       0x08001751   Thumb Code   580  btod.o(CL$$btod_mult_common)
    DMA1_Channel1_IRQHandler                 0x08001995   Thumb Code   248  adc_interrupt.o(i.DMA1_Channel1_IRQHandler)
    EXTI15_10_IRQHandler                     0x08001aad   Thumb Code   276  interrupt.o(i.EXTI15_10_IRQHandler)
    EXTI1_IRQHandler                         0x08001be1   Thumb Code    60  interrupt.o(i.EXTI1_IRQHandler)
    EXTI9_5_IRQHandler                       0x08001c31   Thumb Code    66  interrupt.o(i.EXTI9_5_IRQHandler)
    SystemInit                               0x08001d75   Thumb Code    78  system_stm32f10x.o(i.SystemInit)
    TIM2_IRQHandler                          0x08001dd5   Thumb Code   614  adc_interrupt.o(i.TIM2_IRQHandler)
    USART1_IRQHandler                        0x08002091   Thumb Code    64  uart.o(i.USART1_IRQHandler)
    adc1_start()                             0x080020e1   Thumb Code   104  adc.o(i._Z10adc1_startv)
    drawScreen()                             0x08002151   Thumb Code   140  draw.o(i._Z10drawScreenv)
    uart_print(char*)                        0x080021f5   Thumb Code    82  uart.o(i._Z10uart_printPc)
    _delay_init()                            0x08002259   Thumb Code    14  delay.o(i._Z11_delay_initv)
    init_timer2()                            0x0800226d   Thumb Code    84  init.o(i._Z11init_timer2v)
    uart_printf(char*, ...)                  0x080022c5   Thumb Code    68  uart.o(i._Z11uart_printfPcz)
    _count_us_stop()                         0x08002335   Thumb Code    20  delay.o(i._Z14_count_us_stopv)
    drawContScreen()                         0x0800234d   Thumb Code   582  draw.o(i._Z14drawContScreenv)
    drawCurrScreen()                         0x080025e5   Thumb Code   394  draw.o(i._Z14drawCurrScreenv)
    drawVoltScreen()                         0x080027f5   Thumb Code   480  draw.o(i._Z14drawVoltScreenv)
    _count_us_start()                        0x08002a61   Thumb Code    48  delay.o(i._Z15_count_us_startv)
    adc2_getReading(unsigned char, unsigned char) 0x08002a95   Thumb Code   118  adc.o(i._Z15adc2_getReadinghh)
    drawAboutScreen()                        0x08002b11   Thumb Code   112  draw.o(i._Z15drawAboutScreenv)
    drawPowerScreen()                        0x08002bc5   Thumb Code   434  draw.o(i._Z15drawPowerScreenv)
    setVoltageRange()                        0x08002e11   Thumb Code    90  interrupt.o(i._Z15setVoltageRangev)
    drawSplashScreen()                       0x08002ea1   Thumb Code    94  draw.o(i._Z16drawSplashScreenv)
    drawCompTestScreen()                     0x08002f59   Thumb Code   574  draw.o(i._Z18drawCompTestScreenv)
    init_rcc()                               0x0800327d   Thumb Code    46  init.o(i._Z8init_rccv)
    init_rtc()                               0x080032b9   Thumb Code    62  init.o(i._Z8init_rtcv)
    testPins(unsigned char, unsigned char)   0x0800330d   Thumb Code  2796  ctest.o(i._Z8testPinshh)
    _delay_ms(unsigned short)                0x08003e8d   Thumb Code    90  delay.o(i._Z9_delay_mst)
    _delay_us(unsigned short)                0x08003eed   Thumb Code    76  delay.o(i._Z9_delay_ust)
    adc1_init()                              0x08003f3d   Thumb Code   246  adc.o(i._Z9adc1_initv)
    adc2_init()                              0x0800405d   Thumb Code    90  adc.o(i._Z9adc2_initv)
    init_exti()                              0x080040cd   Thumb Code   268  init.o(i._Z9init_extiv)
    init_gpio()                              0x080041e9   Thumb Code    98  init.o(i._Z9init_gpiov)
    uart_init()                              0x0800425d   Thumb Code   136  uart.o(i._Z9uart_initv)
    LCD_5110::clearDisplay()                 0x080042fd   Thumb Code    26  5110.o(i._ZN8LCD_511012clearDisplayEv)
    LCD_5110::drawFillRect(short, short, short, short, bool) 0x08004325   Thumb Code    50  5110.o(i._ZN8LCD_511012drawFillRectEssssb)
    LCD_5110::begin(unsigned char, unsigned char) 0x08004359   Thumb Code   218  5110.o(i._ZN8LCD_51105beginEhh)
    LCD_5110::print(char*)                   0x08004455   Thumb Code    52  5110.o(i._ZN8LCD_51105printEPc)
    LCD_5110::printf(char*, ...)             0x0800449d   Thumb Code    46  5110.o(i._ZN8LCD_51106printfEPcz)
    LCD_5110::command(unsigned char)         0x080044cd   Thumb Code    24  5110.o(i._ZN8LCD_51107commandEh)
    LCD_5110::display()                      0x080044e9   Thumb Code    88  5110.o(i._ZN8LCD_51107displayEv)
    LCD_5110::printxy(char*, unsigned char, unsigned char) 0x08004549   Thumb Code    28  5110.o(i._ZN8LCD_51107printxyEPchh)
    LCD_5110::setFont(const GFXfont*)        0x0800456d   Thumb Code    42  5110.o(i._ZN8LCD_51107setFontEPK7GFXfont)
    LCD_5110::drawChar(short, short, unsigned char, bool, bool, unsigned char) 0x080045a1   Thumb Code   248  5110.o(i._ZN8LCD_51108drawCharEsshbbh)
    LCD_5110::drawLine(short, short, short, short, bool) 0x080046a1   Thumb Code   214  5110.o(i._ZN8LCD_51108drawLineEssssb)
    LCD_5110::spiWrite(unsigned char)        0x08004779   Thumb Code    32  5110.o(i._ZN8LCD_51108spiWriteEh)
    LCD_5110::drawPixel(short, short, unsigned short) 0x0800479d   Thumb Code   194  5110.o(i._ZN8LCD_51109drawPixelEsst)
    LCD_5110::setCursor(unsigned char, unsigned char) 0x08004865   Thumb Code    10  5110.o(i._ZN8LCD_51109setCursorEhh)
    std::sqrt(float)                         0x08004879   Thumb Code    12  adc_interrupt.o(i._ZSt4sqrtf)
    __ARM_fpclassify                         0x08004885   Thumb Code    40  fpclassify.o(i.__ARM_fpclassify)
    _is_digit                                0x080048ad   Thumb Code    14  __printf_wp.o(i._is_digit)
    main                                     0x080048bd   Thumb Code    90  main.o(i.main)
    sqrtf                                    0x0800491d   Thumb Code    44  sqrtf.o(i.sqrtf)
    _get_lc_numeric                          0x08004949   Thumb Code    44  lc_numeric_c.o(locale$$code)
    _get_lc_ctype                            0x08004975   Thumb Code    44  lc_ctype_c.o(locale$$code)
    __aeabi_d2f                              0x080049a1   Thumb Code     0  d2f.o(x$fpl$d2f)
    _d2f                                     0x080049a1   Thumb Code    98  d2f.o(x$fpl$d2f)
    __aeabi_dadd                             0x08004a05   Thumb Code     0  daddsub_clz.o(x$fpl$dadd)
    _dadd                                    0x08004a05   Thumb Code   332  daddsub_clz.o(x$fpl$dadd)
    __fpl_dcmp_Inf                           0x08004b55   Thumb Code    24  dcmpi.o(x$fpl$dcmpinf)
    __aeabi_ddiv                             0x08004b6d   Thumb Code     0  ddiv.o(x$fpl$ddiv)
    _ddiv                                    0x08004b6d   Thumb Code   552  ddiv.o(x$fpl$ddiv)
    __aeabi_i2d                              0x08004e1d   Thumb Code     0  dflt_clz.o(x$fpl$dflt)
    _dflt                                    0x08004e1d   Thumb Code    46  dflt_clz.o(x$fpl$dflt)
    __aeabi_ui2d                             0x08004e4b   Thumb Code     0  dflt_clz.o(x$fpl$dfltu)
    _dfltu                                   0x08004e4b   Thumb Code    38  dflt_clz.o(x$fpl$dfltu)
    __aeabi_cdcmple                          0x08004e71   Thumb Code     0  dleqf.o(x$fpl$dleqf)
    _dcmple                                  0x08004e71   Thumb Code   120  dleqf.o(x$fpl$dleqf)
    __fpl_dcmple_InfNaN                      0x08004ed3   Thumb Code     0  dleqf.o(x$fpl$dleqf)
    __aeabi_dmul                             0x08004ee9   Thumb Code     0  dmul.o(x$fpl$dmul)
    _dmul                                    0x08004ee9   Thumb Code   332  dmul.o(x$fpl$dmul)
    __fpl_dnaninf                            0x0800503d   Thumb Code   156  dnaninf.o(x$fpl$dnaninf)
    __fpl_dretinf                            0x080050d9   Thumb Code    12  dretinf.o(x$fpl$dretinf)
    __aeabi_cdrcmple                         0x080050e5   Thumb Code     0  drleqf.o(x$fpl$drleqf)
    _drcmple                                 0x080050e5   Thumb Code   108  drleqf.o(x$fpl$drleqf)
    __aeabi_drsub                            0x08005151   Thumb Code     0  daddsub_clz.o(x$fpl$drsb)
    _drsb                                    0x08005151   Thumb Code    22  daddsub_clz.o(x$fpl$drsb)
    __aeabi_dsub                             0x08005169   Thumb Code     0  daddsub_clz.o(x$fpl$dsub)
    _dsub                                    0x08005169   Thumb Code   464  daddsub_clz.o(x$fpl$dsub)
    __aeabi_f2d                              0x0800533d   Thumb Code     0  f2d.o(x$fpl$f2d)
    _f2d                                     0x0800533d   Thumb Code    86  f2d.o(x$fpl$f2d)
    __aeabi_fadd                             0x08005395   Thumb Code     0  faddsub_clz.o(x$fpl$fadd)
    _fadd                                    0x08005395   Thumb Code   196  faddsub_clz.o(x$fpl$fadd)
    __fpl_fcmp_Inf                           0x08005459   Thumb Code    24  fcmpi.o(x$fpl$fcmpinf)
    __aeabi_fdiv                             0x08005471   Thumb Code     0  fdiv.o(x$fpl$fdiv)
    _fdiv                                    0x08005471   Thumb Code   384  fdiv.o(x$fpl$fdiv)
    __aeabi_ul2f                             0x080055f5   Thumb Code     0  ffltll_clz.o(x$fpl$ffltll)
    _ll_uto_f                                0x080055f5   Thumb Code     6  ffltll_clz.o(x$fpl$ffltll)
    __aeabi_l2f                              0x080055fb   Thumb Code     0  ffltll_clz.o(x$fpl$ffltll)
    _ll_sto_f                                0x080055fb   Thumb Code    90  ffltll_clz.o(x$fpl$ffltll)
    __aeabi_ui2f                             0x08005655   Thumb Code     0  fflt_clz.o(x$fpl$ffltu)
    _ffltu                                   0x08005655   Thumb Code    38  fflt_clz.o(x$fpl$ffltu)
    __aeabi_cfcmple                          0x0800567d   Thumb Code     0  fleqf.o(x$fpl$fleqf)
    _fcmple                                  0x0800567d   Thumb Code   104  fleqf.o(x$fpl$fleqf)
    __fpl_fcmple_InfNaN                      0x080056cf   Thumb Code     0  fleqf.o(x$fpl$fleqf)
    __aeabi_fmul                             0x080056e5   Thumb Code     0  fmul.o(x$fpl$fmul)
    _fmul                                    0x080056e5   Thumb Code   258  fmul.o(x$fpl$fmul)
    __fpl_fnaninf                            0x080057e7   Thumb Code   140  fnaninf.o(x$fpl$fnaninf)
    __fpl_fretinf                            0x08005873   Thumb Code    10  fretinf.o(x$fpl$fretinf)
    __aeabi_cfrcmple                         0x0800587d   Thumb Code     0  frleqf.o(x$fpl$frleqf)
    _frcmple                                 0x0800587d   Thumb Code    98  frleqf.o(x$fpl$frleqf)
    _fsqrt                                   0x080058e1   Thumb Code   272  fsqrt.o(x$fpl$fsqrt)
    __aeabi_fsub                             0x080059f1   Thumb Code     0  faddsub_clz.o(x$fpl$fsub)
    _fsub                                    0x080059f1   Thumb Code   234  faddsub_clz.o(x$fpl$fsub)
    _printf_fp_dec                           0x08005adb   Thumb Code     4  printf1.o(x$fpl$printf1)
    __I$use$fp                               0x08005ade   Number         0  usenofp.o(x$fpl$usenofp)
    Region$$Table$$Base                      0x080076b8   Number         0  anon$$obj.o(Region$$Table)
    Region$$Table$$Limit                     0x080076d8   Number         0  anon$$obj.o(Region$$Table)
    __ctype                                  0x08007701   Data           0  lc_ctype_c.o(locale$$data)
    param                                    0x20000000   Data           4  ctest.o(.data)
    cathode                                  0x20000004   Data           1  ctest.o(.data)
    anode                                    0x20000005   Data           1  ctest.o(.data)
    partDetected                             0x20000006   Data           1  ctest.o(.data)
    TXPos                                    0x20000007   Data           1  uart.o(.data)
    TX                                       0x20000008   Data           1  uart.o(.data)
    gfxFont                                  0x2000000c   Data           4  5110.o(.data)
    cursor_x                                 0x20000010   Data           1  5110.o(.data)
    cursor_y                                 0x20000011   Data           1  5110.o(.data)
    textSize                                 0x20000012   Data           1  5110.o(.data)
    textColor                                0x20000013   Data           1  5110.o(.data)
    backgroundColor                          0x20000014   Data           1  5110.o(.data)
    lcd                                      0x20000018   Data           1  draw.o(.data)
    mode                                     0x2000004c   Data           1  draw.o(.data)
    screen_update                            0x2000004d   Data           1  draw.o(.data)
    aquisition                               0x2000004e   Data           1  draw.o(.data)
    hold                                     0x2000004f   Data           1  draw.o(.data)
    rangeI                                   0x20000050   Data           1  draw.o(.data)
    rangeV                                   0x20000051   Data           1  draw.o(.data)
    adc1_V_avg                               0x20000058   Data           8  adc_interrupt.o(.data)
    adc1_I_avg                               0x20000060   Data           8  adc_interrupt.o(.data)
    adc1_V_rms                               0x20000068   Data           8  adc_interrupt.o(.data)
    adc1_I_rms                               0x20000070   Data           8  adc_interrupt.o(.data)
    adc1_vsup_avg                            0x20000078   Data           8  adc_interrupt.o(.data)
    adc1_samples                             0x20000080   Data           2  adc_interrupt.o(.data)
    adc1_result_vsup                         0x20000084   Data           4  adc_interrupt.o(.data)
    adc1_result_V_avg                        0x20000088   Data           4  adc_interrupt.o(.data)
    adc1_result_V_rms                        0x2000008c   Data           4  adc_interrupt.o(.data)
    adc1_result_I_avg                        0x20000090   Data           4  adc_interrupt.o(.data)
    adc1_result_I_rms                        0x20000094   Data           4  adc_interrupt.o(.data)
    adc1_result_samples                      0x20000098   Data           2  adc_interrupt.o(.data)
    bufferTX                                 0x2000009c   Data         128  uart.o(.bss)
    pcd8544_buffer                           0x2000011c   Data         504  5110.o(.bss)
    adc_data                                 0x20000314   Data          24  adc.o(.bss)
    __libspace_start                         0x2000032c   Data          96  libspace.o(.bss)
    __temporary_stack_top$libspace           0x2000038c   Data           0  libspace.o(.bss)



==============================================================================

Memory Map of the image

  Image Entry point : 0x080000ed

  Load Region LR_IROM1 (Base: 0x08000000, Size: 0x000078a0, Max: 0x00010000, ABSOLUTE)

    Execution Region ER_IROM1 (Base: 0x08000000, Size: 0x00007804, Max: 0x00010000, ABSOLUTE)

    Base Addr    Size         Type   Attr      Idx    E Section Name        Object

    0x08000000   0x000000ec   Data   RO          714    RESET               startup_stm32f10x_md.o
    0x080000ec   0x00000008   Code   RO          795  * !!!main             c_w.l(__main.o)
    0x080000f4   0x00000034   Code   RO         1200    !!!scatter          c_w.l(__scatter.o)
    0x08000128   0x0000001a   Code   RO         1202    !!handler_copy      c_w.l(__scatter_copy.o)
    0x08000142   0x00000002   PAD
    0x08000144   0x0000001c   Code   RO         1204    !!handler_zi        c_w.l(__scatter_zi.o)
    0x08000160   0x00000000   Code   RO          945    .ARM.Collect$$_printf_percent$$00000000  c_w.l(_printf_percent.o)
    0x08000160   0x00000006   Code   RO          934    .ARM.Collect$$_printf_percent$$00000001  c_w.l(_printf_n.o)
    0x08000166   0x00000006   Code   RO          936    .ARM.Collect$$_printf_percent$$00000002  c_w.l(_printf_p.o)
    0x0800016c   0x00000006   Code   RO          941    .ARM.Collect$$_printf_percent$$00000003  c_w.l(_printf_f.o)
    0x08000172   0x00000006   Code   RO          942    .ARM.Collect$$_printf_percent$$00000004  c_w.l(_printf_e.o)
    0x08000178   0x00000006   Code   RO          943    .ARM.Collect$$_printf_percent$$00000005  c_w.l(_printf_g.o)
    0x0800017e   0x00000006   Code   RO          944    .ARM.Collect$$_printf_percent$$00000006  c_w.l(_printf_a.o)
    0x08000184   0x0000000a   Code   RO          949    .ARM.Collect$$_printf_percent$$00000007  c_w.l(_printf_ll.o)
    0x0800018e   0x00000006   Code   RO          938    .ARM.Collect$$_printf_percent$$00000008  c_w.l(_printf_i.o)
    0x08000194   0x00000006   Code   RO          939    .ARM.Collect$$_printf_percent$$00000009  c_w.l(_printf_d.o)
    0x0800019a   0x00000006   Code   RO          940    .ARM.Collect$$_printf_percent$$0000000A  c_w.l(_printf_u.o)
    0x080001a0   0x00000006   Code   RO          937    .ARM.Collect$$_printf_percent$$0000000B  c_w.l(_printf_o.o)
    0x080001a6   0x00000006   Code   RO          935    .ARM.Collect$$_printf_percent$$0000000C  c_w.l(_printf_x.o)
    0x080001ac   0x00000006   Code   RO          946    .ARM.Collect$$_printf_percent$$0000000D  c_w.l(_printf_lli.o)
    0x080001b2   0x00000006   Code   RO          947    .ARM.Collect$$_printf_percent$$0000000E  c_w.l(_printf_lld.o)
    0x080001b8   0x00000006   Code   RO          948    .ARM.Collect$$_printf_percent$$0000000F  c_w.l(_printf_llu.o)
    0x080001be   0x00000006   Code   RO          953    .ARM.Collect$$_printf_percent$$00000010  c_w.l(_printf_llo.o)
    0x080001c4   0x00000006   Code   RO          954    .ARM.Collect$$_printf_percent$$00000011  c_w.l(_printf_llx.o)
    0x080001ca   0x0000000a   Code   RO          950    .ARM.Collect$$_printf_percent$$00000012  c_w.l(_printf_l.o)
    0x080001d4   0x00000006   Code   RO          932    .ARM.Collect$$_printf_percent$$00000013  c_w.l(_printf_c.o)
    0x080001da   0x00000006   Code   RO          933    .ARM.Collect$$_printf_percent$$00000014  c_w.l(_printf_s.o)
    0x080001e0   0x00000006   Code   RO          951    .ARM.Collect$$_printf_percent$$00000015  c_w.l(_printf_lc.o)
    0x080001e6   0x00000006   Code   RO          952    .ARM.Collect$$_printf_percent$$00000016  c_w.l(_printf_ls.o)
    0x080001ec   0x00000004   Code   RO         1008    .ARM.Collect$$_printf_percent$$00000017  c_w.l(_printf_percent_end.o)
    0x080001f0   0x00000002   Code   RO         1064    .ARM.Collect$$libinit$$00000000  c_w.l(libinit.o)
    0x080001f2   0x00000000   Code   RO         1083    .ARM.Collect$$libinit$$00000002  c_w.l(libinit2.o)
    0x080001f2   0x00000000   Code   RO         1085    .ARM.Collect$$libinit$$00000004  c_w.l(libinit2.o)
    0x080001f2   0x00000000   Code   RO         1088    .ARM.Collect$$libinit$$0000000A  c_w.l(libinit2.o)
    0x080001f2   0x00000000   Code   RO         1090    .ARM.Collect$$libinit$$0000000C  c_w.l(libinit2.o)
    0x080001f2   0x00000000   Code   RO         1092    .ARM.Collect$$libinit$$0000000E  c_w.l(libinit2.o)
    0x080001f2   0x00000006   Code   RO         1093    .ARM.Collect$$libinit$$0000000F  c_w.l(libinit2.o)
    0x080001f8   0x00000000   Code   RO         1095    .ARM.Collect$$libinit$$00000011  c_w.l(libinit2.o)
    0x080001f8   0x0000000c   Code   RO         1096    .ARM.Collect$$libinit$$00000012  c_w.l(libinit2.o)
    0x08000204   0x00000000   Code   RO         1097    .ARM.Collect$$libinit$$00000013  c_w.l(libinit2.o)
    0x08000204   0x00000000   Code   RO         1099    .ARM.Collect$$libinit$$00000015  c_w.l(libinit2.o)
    0x08000204   0x0000000a   Code   RO         1100    .ARM.Collect$$libinit$$00000016  c_w.l(libinit2.o)
    0x0800020e   0x00000000   Code   RO         1101    .ARM.Collect$$libinit$$00000017  c_w.l(libinit2.o)
    0x0800020e   0x00000000   Code   RO         1103    .ARM.Collect$$libinit$$00000019  c_w.l(libinit2.o)
    0x0800020e   0x00000000   Code   RO         1105    .ARM.Collect$$libinit$$0000001B  c_w.l(libinit2.o)
    0x0800020e   0x00000000   Code   RO         1107    .ARM.Collect$$libinit$$0000001D  c_w.l(libinit2.o)
    0x0800020e   0x00000000   Code   RO         1109    .ARM.Collect$$libinit$$0000001F  c_w.l(libinit2.o)
    0x0800020e   0x00000000   Code   RO         1111    .ARM.Collect$$libinit$$00000021  c_w.l(libinit2.o)
    0x0800020e   0x00000000   Code   RO         1113    .ARM.Collect$$libinit$$00000023  c_w.l(libinit2.o)
    0x0800020e   0x00000000   Code   RO         1115    .ARM.Collect$$libinit$$00000025  c_w.l(libinit2.o)
    0x0800020e   0x00000000   Code   RO         1119    .ARM.Collect$$libinit$$0000002C  c_w.l(libinit2.o)
    0x0800020e   0x00000000   Code   RO         1121    .ARM.Collect$$libinit$$0000002E  c_w.l(libinit2.o)
    0x0800020e   0x00000000   Code   RO         1123    .ARM.Collect$$libinit$$00000030  c_w.l(libinit2.o)
    0x0800020e   0x00000000   Code   RO         1125    .ARM.Collect$$libinit$$00000032  c_w.l(libinit2.o)
    0x0800020e   0x00000002   Code   RO         1126    .ARM.Collect$$libinit$$00000033  c_w.l(libinit2.o)
    0x08000210   0x00000002   Code   RO         1157    .ARM.Collect$$libshutdown$$00000000  c_w.l(libshutdown.o)
    0x08000212   0x00000000   Code   RO         1183    .ARM.Collect$$libshutdown$$00000002  c_w.l(libshutdown2.o)
    0x08000212   0x00000000   Code   RO         1185    .ARM.Collect$$libshutdown$$00000004  c_w.l(libshutdown2.o)
    0x08000212   0x00000000   Code   RO         1188    .ARM.Collect$$libshutdown$$00000007  c_w.l(libshutdown2.o)
    0x08000212   0x00000000   Code   RO         1191    .ARM.Collect$$libshutdown$$0000000A  c_w.l(libshutdown2.o)
    0x08000212   0x00000000   Code   RO         1193    .ARM.Collect$$libshutdown$$0000000C  c_w.l(libshutdown2.o)
    0x08000212   0x00000000   Code   RO         1196    .ARM.Collect$$libshutdown$$0000000F  c_w.l(libshutdown2.o)
    0x08000212   0x00000002   Code   RO         1197    .ARM.Collect$$libshutdown$$00000010  c_w.l(libshutdown2.o)
    0x08000214   0x00000000   Code   RO          855    .ARM.Collect$$rtentry$$00000000  c_w.l(__rtentry.o)
    0x08000214   0x00000000   Code   RO          975    .ARM.Collect$$rtentry$$00000002  c_w.l(__rtentry2.o)
    0x08000214   0x00000006   Code   RO          987    .ARM.Collect$$rtentry$$00000004  c_w.l(__rtentry4.o)
    0x0800021a   0x00000000   Code   RO          977    .ARM.Collect$$rtentry$$00000009  c_w.l(__rtentry2.o)
    0x0800021a   0x00000004   Code   RO          978    .ARM.Collect$$rtentry$$0000000A  c_w.l(__rtentry2.o)
    0x0800021e   0x00000000   Code   RO          980    .ARM.Collect$$rtentry$$0000000C  c_w.l(__rtentry2.o)
    0x0800021e   0x00000008   Code   RO          981    .ARM.Collect$$rtentry$$0000000D  c_w.l(__rtentry2.o)
    0x08000226   0x00000002   Code   RO         1069    .ARM.Collect$$rtexit$$00000000  c_w.l(rtexit.o)
    0x08000228   0x00000000   Code   RO         1130    .ARM.Collect$$rtexit$$00000002  c_w.l(rtexit2.o)
    0x08000228   0x00000004   Code   RO         1131    .ARM.Collect$$rtexit$$00000003  c_w.l(rtexit2.o)
    0x0800022c   0x00000006   Code   RO         1132    .ARM.Collect$$rtexit$$00000004  c_w.l(rtexit2.o)
    0x08000232   0x00000002   PAD
    0x08000234   0x00000040   Code   RO          715    .text               startup_stm32f10x_md.o
    0x08000274   0x000000ee   Code   RO          787    .text               c_w.l(lludivv7m.o)
    0x08000362   0x00000002   PAD
    0x08000364   0x00000034   Code   RO          789    .text               c_w.l(c89vsnprintf.o)
    0x08000398   0x00000044   Code   RO          791    .text               c_w.l(rt_memclr.o)
    0x080003dc   0x00000006   Code   RO          793    .text               c_w.l(heapauxi.o)
    0x080003e2   0x00000016   Code   RO          860    .text               c_w.l(_rserrno.o)
    0x080003f8   0x0000004e   Code   RO          864    .text               c_w.l(_printf_pad.o)
    0x08000446   0x00000024   Code   RO          866    .text               c_w.l(_printf_truncate.o)
    0x0800046a   0x00000052   Code   RO          868    .text               c_w.l(_printf_str.o)
    0x080004bc   0x00000078   Code   RO          870    .text               c_w.l(_printf_dec.o)
    0x08000534   0x00000028   Code   RO          872    .text               c_w.l(_printf_charcount.o)
    0x0800055c   0x00000030   Code   RO          874    .text               c_w.l(_printf_char_common.o)
    0x0800058c   0x0000000a   Code   RO          876    .text               c_w.l(_sputc.o)
    0x08000596   0x00000010   Code   RO          878    .text               c_w.l(_snputc.o)
    0x080005a6   0x00000002   PAD
    0x080005a8   0x000000bc   Code   RO          880    .text               c_w.l(_printf_wctomb.o)
    0x08000664   0x0000007c   Code   RO          883    .text               c_w.l(_printf_longlong_dec.o)
    0x080006e0   0x00000070   Code   RO          889    .text               c_w.l(_printf_oct_int_ll.o)
    0x08000750   0x00000094   Code   RO          909    .text               c_w.l(_printf_hex_int_ll_ptr.o)
    0x080007e4   0x00000188   Code   RO          929    .text               c_w.l(__printf_flags_ss_wp.o)
    0x0800096c   0x0000004e   Code   RO          955    .text               c_w.l(rt_memclr_w.o)
    0x080009ba   0x00000002   PAD
    0x080009bc   0x00000008   Code   RO          994    .text               c_w.l(rt_errno_addr_intlibspace.o)
    0x080009c4   0x0000008a   Code   RO          996    .text               c_w.l(lludiv10.o)
    0x08000a4e   0x000000b2   Code   RO          998    .text               c_w.l(_printf_intcommon.o)
    0x08000b00   0x0000041a   Code   RO         1000    .text               c_w.l(_printf_fp_dec.o)
    0x08000f1a   0x0000002c   Code   RO         1004    .text               c_w.l(_printf_char.o)
    0x08000f46   0x0000002c   Code   RO         1006    .text               c_w.l(_printf_wchar.o)
    0x08000f72   0x00000040   Code   RO         1009    .text               c_w.l(_wcrtomb.o)
    0x08000fb2   0x00000002   PAD
    0x08000fb4   0x00000008   Code   RO         1011    .text               c_w.l(libspace.o)
    0x08000fbc   0x0000004a   Code   RO         1014    .text               c_w.l(sys_stackheap_outer.o)
    0x08001006   0x00000002   PAD
    0x08001008   0x00000010   Code   RO         1016    .text               c_w.l(rt_ctype_table.o)
    0x08001018   0x00000008   Code   RO         1021    .text               c_w.l(rt_locale_intlibspace.o)
    0x08001020   0x00000080   Code   RO         1023    .text               c_w.l(_printf_fp_infnan.o)
    0x080010a0   0x000000dc   Code   RO         1025    .text               c_w.l(bigflt0.o)
    0x0800117c   0x00000012   Code   RO         1053    .text               c_w.l(exit.o)
    0x0800118e   0x00000002   PAD
    0x08001190   0x00000080   Code   RO         1080    .text               c_w.l(strcmpv7m.o)
    0x08001210   0x0000000c   Code   RO         1127    .text               c_w.l(sys_exit.o)
    0x0800121c   0x00000002   Code   RO         1146    .text               c_w.l(use_no_semi.o)
    0x0800121e   0x00000000   Code   RO         1148    .text               c_w.l(indicate_semi.o)
    0x0800121e   0x0000003e   Code   RO         1028    CL$$btod_d2e        c_w.l(btod.o)
    0x0800125c   0x00000046   Code   RO         1030    CL$$btod_d2e_denorm_low  c_w.l(btod.o)
    0x080012a2   0x00000060   Code   RO         1029    CL$$btod_d2e_norm_op1  c_w.l(btod.o)
    0x08001302   0x00000338   Code   RO         1038    CL$$btod_div_common  c_w.l(btod.o)
    0x0800163a   0x000000c6   Code   RO         1035    CL$$btod_e2e        c_w.l(btod.o)
    0x08001700   0x00000028   Code   RO         1032    CL$$btod_ediv       c_w.l(btod.o)
    0x08001728   0x00000028   Code   RO         1031    CL$$btod_emul       c_w.l(btod.o)
    0x08001750   0x00000244   Code   RO         1037    CL$$btod_mult_common  c_w.l(btod.o)
    0x08001994   0x00000118   Code   RO          665    i.DMA1_Channel1_IRQHandler  adc_interrupt.o
    0x08001aac   0x00000134   Code   RO          200    i.EXTI15_10_IRQHandler  interrupt.o
    0x08001be0   0x00000050   Code   RO          201    i.EXTI1_IRQHandler  interrupt.o
    0x08001c30   0x0000005c   Code   RO          202    i.EXTI9_5_IRQHandler  interrupt.o
    0x08001c8c   0x00000008   Code   RO          722    i.SetSysClock       system_stm32f10x.o
    0x08001c94   0x000000e0   Code   RO          723    i.SetSysClockTo72   system_stm32f10x.o
    0x08001d74   0x00000060   Code   RO          725    i.SystemInit        system_stm32f10x.o
    0x08001dd4   0x000002bc   Code   RO          666    i.TIM2_IRQHandler   adc_interrupt.o
    0x08002090   0x00000050   Code   RO          289    i.USART1_IRQHandler  uart.o
    0x080020e0   0x00000070   Code   RO          605    i._Z10adc1_startv   adc.o
    0x08002150   0x000000a4   Code   RO          519    i._Z10drawScreenv   draw.o
    0x080021f4   0x00000064   Code   RO          290    i._Z10uart_printPc  uart.o
    0x08002258   0x00000014   Code   RO          147    i._Z11_delay_initv  delay.o
    0x0800226c   0x00000058   Code   RO           77    i._Z11init_timer2v  init.o
    0x080022c4   0x00000054   Code   RO          291    i._Z11uart_printfPcz  uart.o
    0x08002318   0x0000001a   Code   RO           78    i._Z14NVIC_EnableIRQ4IRQn  init.o
    0x08002332   0x00000002   PAD
    0x08002334   0x00000018   Code   RO          148    i._Z14_count_us_stopv  delay.o
    0x0800234c   0x00000298   Code   RO          520    i._Z14drawContScreenv  draw.o
    0x080025e4   0x00000210   Code   RO          521    i._Z14drawCurrScreenv  draw.o
    0x080027f4   0x0000026c   Code   RO          522    i._Z14drawVoltScreenv  draw.o
    0x08002a60   0x00000034   Code   RO          149    i._Z15_count_us_startv  delay.o
    0x08002a94   0x0000007c   Code   RO          606    i._Z15adc2_getReadinghh  adc.o
    0x08002b10   0x000000b4   Code   RO          523    i._Z15drawAboutScreenv  draw.o
    0x08002bc4   0x0000024c   Code   RO          524    i._Z15drawPowerScreenv  draw.o
    0x08002e10   0x00000068   Code   RO          203    i._Z15setVoltageRangev  interrupt.o
    0x08002e78   0x00000028   Code   RO           79    i._Z16NVIC_SetPriority4IRQnj  init.o
    0x08002ea0   0x000000b8   Code   RO          525    i._Z16drawSplashScreenv  draw.o
    0x08002f58   0x00000324   Code   RO          526    i._Z18drawCompTestScreenv  draw.o
    0x0800327c   0x0000003c   Code   RO           80    i._Z8init_rccv      init.o
    0x080032b8   0x00000054   Code   RO           81    i._Z8init_rtcv      init.o
    0x0800330c   0x00000b80   Code   RO          247    i._Z8testPinshh     ctest.o
    0x08003e8c   0x00000060   Code   RO          150    i._Z9_delay_mst     delay.o
    0x08003eec   0x00000050   Code   RO          151    i._Z9_delay_ust     delay.o
    0x08003f3c   0x00000120   Code   RO          607    i._Z9adc1_initv     adc.o
    0x0800405c   0x00000070   Code   RO          609    i._Z9adc2_initv     adc.o
    0x080040cc   0x0000011c   Code   RO           82    i._Z9init_extiv     init.o
    0x080041e8   0x00000074   Code   RO           83    i._Z9init_gpiov     init.o
    0x0800425c   0x000000a0   Code   RO          292    i._Z9uart_initv     uart.o
    0x080042fc   0x00000028   Code   RO          352    i._ZN8LCD_511012clearDisplayEv  5110.o
    0x08004324   0x00000032   Code   RO          353    i._ZN8LCD_511012drawFillRectEssssb  5110.o
    0x08004356   0x00000002   PAD
    0x08004358   0x000000fc   Code   RO          357    i._ZN8LCD_51105beginEhh  5110.o
    0x08004454   0x00000048   Code   RO          358    i._ZN8LCD_51105printEPc  5110.o
    0x0800449c   0x0000002e   Code   RO          359    i._ZN8LCD_51106printfEPcz  5110.o
    0x080044ca   0x00000002   PAD
    0x080044cc   0x0000001c   Code   RO          360    i._ZN8LCD_51107commandEh  5110.o
    0x080044e8   0x00000060   Code   RO          361    i._ZN8LCD_51107displayEv  5110.o
    0x08004548   0x00000024   Code   RO          362    i._ZN8LCD_51107printxyEPchh  5110.o
    0x0800456c   0x00000034   Code   RO          363    i._ZN8LCD_51107setFontEPK7GFXfont  5110.o
    0x080045a0   0x00000100   Code   RO          364    i._ZN8LCD_51108drawCharEsshbbh  5110.o
    0x080046a0   0x000000d6   Code   RO          365    i._ZN8LCD_51108drawLineEssssb  5110.o
    0x08004776   0x00000002   PAD
    0x08004778   0x00000024   Code   RO          368    i._ZN8LCD_51108spiWriteEh  5110.o
    0x0800479c   0x000000c8   Code   RO          369    i._ZN8LCD_51109drawPixelEsst  5110.o
    0x08004864   0x00000014   Code   RO          370    i._ZN8LCD_51109setCursorEhh  5110.o
    0x08004878   0x0000000c   Code   RO          695    i._ZSt4sqrtf        adc_interrupt.o
    0x08004884   0x00000028   Code   RO         1067    i.__ARM_fpclassify  m_ws.l(fpclassify.o)
    0x080048ac   0x0000000e   Code   RO          922    i._is_digit         c_w.l(__printf_wp.o)
    0x080048ba   0x00000002   PAD
    0x080048bc   0x00000060   Code   RO            4    i.main              main.o
    0x0800491c   0x0000002c   Code   RO          848    i.sqrtf             m_ws.l(sqrtf.o)
    0x08004948   0x0000002c   Code   RO         1051    locale$$code        c_w.l(lc_numeric_c.o)
    0x08004974   0x0000002c   Code   RO         1074    locale$$code        c_w.l(lc_ctype_c.o)
    0x080049a0   0x00000062   Code   RO          797    x$fpl$d2f           fz_ws.l(d2f.o)
    0x08004a02   0x00000002   PAD
    0x08004a04   0x00000150   Code   RO          799    x$fpl$dadd          fz_ws.l(daddsub_clz.o)
    0x08004b54   0x00000018   Code   RO          957    x$fpl$dcmpinf       fz_ws.l(dcmpi.o)
    0x08004b6c   0x000002b0   Code   RO          806    x$fpl$ddiv          fz_ws.l(ddiv.o)
    0x08004e1c   0x0000002e   Code   RO          810    x$fpl$dflt          fz_ws.l(dflt_clz.o)
    0x08004e4a   0x00000026   Code   RO          809    x$fpl$dfltu         fz_ws.l(dflt_clz.o)
    0x08004e70   0x00000078   Code   RO          815    x$fpl$dleqf         fz_ws.l(dleqf.o)
    0x08004ee8   0x00000154   Code   RO          817    x$fpl$dmul          fz_ws.l(dmul.o)
    0x0800503c   0x0000009c   Code   RO          959    x$fpl$dnaninf       fz_ws.l(dnaninf.o)
    0x080050d8   0x0000000c   Code   RO          961    x$fpl$dretinf       fz_ws.l(dretinf.o)
    0x080050e4   0x0000006c   Code   RO          819    x$fpl$drleqf        fz_ws.l(drleqf.o)
    0x08005150   0x00000016   Code   RO          800    x$fpl$drsb          fz_ws.l(daddsub_clz.o)
    0x08005166   0x00000002   PAD
    0x08005168   0x000001d4   Code   RO          801    x$fpl$dsub          fz_ws.l(daddsub_clz.o)
    0x0800533c   0x00000056   Code   RO          821    x$fpl$f2d           fz_ws.l(f2d.o)
    0x08005392   0x00000002   PAD
    0x08005394   0x000000c4   Code   RO          823    x$fpl$fadd          fz_ws.l(faddsub_clz.o)
    0x08005458   0x00000018   Code   RO          963    x$fpl$fcmpinf       fz_ws.l(fcmpi.o)
    0x08005470   0x00000184   Code   RO          830    x$fpl$fdiv          fz_ws.l(fdiv.o)
    0x080055f4   0x00000060   Code   RO          839    x$fpl$ffltll        fz_ws.l(ffltll_clz.o)
    0x08005654   0x00000026   Code   RO          833    x$fpl$ffltu         fz_ws.l(fflt_clz.o)
    0x0800567a   0x00000002   PAD
    0x0800567c   0x00000068   Code   RO          841    x$fpl$fleqf         fz_ws.l(fleqf.o)
    0x080056e4   0x00000102   Code   RO          843    x$fpl$fmul          fz_ws.l(fmul.o)
    0x080057e6   0x0000008c   Code   RO          965    x$fpl$fnaninf       fz_ws.l(fnaninf.o)
    0x08005872   0x0000000a   Code   RO          967    x$fpl$fretinf       fz_ws.l(fretinf.o)
    0x0800587c   0x00000062   Code   RO          845    x$fpl$frleqf        fz_ws.l(frleqf.o)
    0x080058de   0x00000002   PAD
    0x080058e0   0x00000110   Code   RO          969    x$fpl$fsqrt         fz_ws.l(fsqrt.o)
    0x080059f0   0x000000ea   Code   RO          825    x$fpl$fsub          fz_ws.l(faddsub_clz.o)
    0x08005ada   0x00000004   Code   RO          971    x$fpl$printf1       fz_ws.l(printf1.o)
    0x08005ade   0x00000000   Code   RO          973    x$fpl$usenofp       fz_ws.l(usenofp.o)
    0x08005ade   0x00000002   PAD
    0x08005ae0   0x00001a9c   Data   RO          535    .constdata          draw.o
    0x0800757c   0x00000010   Data   RO          669    .constdata          adc_interrupt.o
    0x0800758c   0x00000008   Data   RO          881    .constdata          c_w.l(_printf_wctomb.o)
    0x08007594   0x00000028   Data   RO          910    .constdata          c_w.l(_printf_hex_int_ll_ptr.o)
    0x080075bc   0x00000011   Data   RO          930    .constdata          c_w.l(__printf_flags_ss_wp.o)
    0x080075cd   0x00000003   PAD
    0x080075d0   0x00000094   Data   RO         1026    .constdata          c_w.l(bigflt0.o)
    0x08007664   0x00000051   Data   RO          536    .conststring        draw.o
    0x080076b5   0x00000003   PAD
    0x080076b8   0x00000020   Data   RO         1198    Region$$Table       anon$$obj.o
    0x080076d8   0x0000001c   Data   RO         1050    locale$$data        c_w.l(lc_numeric_c.o)
    0x080076f4   0x00000110   Data   RO         1073    locale$$data        c_w.l(lc_ctype_c.o)


    Execution Region RW_IRAM1 (Base: 0x20000000, Size: 0x00000990, Max: 0x00005000, ABSOLUTE)

    Base Addr    Size         Type   Attr      Idx    E Section Name        Object

    0x20000000   0x00000007   Data   RW          249    .data               ctest.o
    0x20000007   0x00000002   Data   RW          298    .data               uart.o
    0x20000009   0x00000003   PAD
    0x2000000c   0x00000009   Data   RW          394    .data               5110.o
    0x20000015   0x00000003   PAD
    0x20000018   0x0000003a   Data   RW          537    .data               draw.o
    0x20000052   0x00000006   PAD
    0x20000058   0x00000042   Data   RW          670    .data               adc_interrupt.o
    0x2000009a   0x00000002   PAD
    0x2000009c   0x00000080   Zero   RW          297    .bss                uart.o
    0x2000011c   0x000001f8   Zero   RW          393    .bss                5110.o
    0x20000314   0x00000018   Zero   RW          615    .bss                adc.o
    0x2000032c   0x00000060   Zero   RW         1012    .bss                c_w.l(libspace.o)
    0x2000038c   0x00000004   PAD
    0x20000390   0x00000200   Zero   RW          713    HEAP                startup_stm32f10x_md.o
    0x20000590   0x00000400   Zero   RW          712    STACK               startup_stm32f10x_md.o


==============================================================================

Image component sizes


      Code (inc. data)   RO Data    RW Data    ZI Data      Debug   Object Name

      1398        126          0          9        504      11738   5110.o
       636         78          0          0         24      27105   adc.o
       992        118         16         66          0       3460   adc_interrupt.o
      2944        294          0          7          0       2876   ctest.o
       272         24          0          0          0       2073   delay.o
      3732        928       6893         58          0       9167   draw.o
       698         82          0          0          0      27263   init.o
       584         92          0          0          0       1901   interrupt.o
        96          6          0          0          0     206623   main.o
        64         26        236          0       1536        816   startup_stm32f10x_md.o
       328         28          0          0          0       6481   system_stm32f10x.o
       424         74          0          2        128      27690   uart.o

    ----------------------------------------------------------------------
     12176       1876       7180        156       2192     327193   Object Totals
         0          0         32          0          0          0   (incl. Generated)
         8          0          3         14          0          0   (incl. Padding)

    ----------------------------------------------------------------------

      Code (inc. data)   RO Data    RW Data    ZI Data      Debug   Library Member Name

         8          0          0          0          0         68   __main.o
       392          4         17          0          0         92   __printf_flags_ss_wp.o
        14          0          0          0          0         68   __printf_wp.o
         0          0          0          0          0          0   __rtentry.o
        12          0          0          0          0          0   __rtentry2.o
         6          0          0          0          0          0   __rtentry4.o
        52          8          0          0          0          0   __scatter.o
        26          0          0          0          0          0   __scatter_copy.o
        28          0          0          0          0          0   __scatter_zi.o
         6          0          0          0          0          0   _printf_a.o
         6          0          0          0          0          0   _printf_c.o
        44          0          0          0          0        108   _printf_char.o
        48          6          0          0          0         96   _printf_char_common.o
        40          0          0          0          0         68   _printf_charcount.o
         6          0          0          0          0          0   _printf_d.o
       120         16          0          0          0         92   _printf_dec.o
         6          0          0          0          0          0   _printf_e.o
         6          0          0          0          0          0   _printf_f.o
      1050          0          0          0          0        216   _printf_fp_dec.o
       128         16          0          0          0         84   _printf_fp_infnan.o
         6          0          0          0          0          0   _printf_g.o
       148          4         40          0          0        160   _printf_hex_int_ll_ptr.o
         6          0          0          0          0          0   _printf_i.o
       178          0          0          0          0         88   _printf_intcommon.o
        10          0          0          0          0          0   _printf_l.o
         6          0          0          0          0          0   _printf_lc.o
        10          0          0          0          0          0   _printf_ll.o
         6          0          0          0          0          0   _printf_lld.o
         6          0          0          0          0          0   _printf_lli.o
         6          0          0          0          0          0   _printf_llo.o
         6          0          0          0          0          0   _printf_llu.o
         6          0          0          0          0          0   _printf_llx.o
       124         16          0          0          0         92   _printf_longlong_dec.o
         6          0          0          0          0          0   _printf_ls.o
         6          0          0          0          0          0   _printf_n.o
         6          0          0          0          0          0   _printf_o.o
       112         10          0          0          0        124   _printf_oct_int_ll.o
         6          0          0          0          0          0   _printf_p.o
        78          0          0          0          0        108   _printf_pad.o
         0          0          0          0          0          0   _printf_percent.o
         4          0          0          0          0          0   _printf_percent_end.o
         6          0          0          0          0          0   _printf_s.o
        82          0          0          0          0         80   _printf_str.o
        36          0          0          0          0         84   _printf_truncate.o
         6          0          0          0          0          0   _printf_u.o
        44          0          0          0          0        108   _printf_wchar.o
       188          6          8          0          0         92   _printf_wctomb.o
         6          0          0          0          0          0   _printf_x.o
        22          0          0          0          0        100   _rserrno.o
        16          0          0          0          0         68   _snputc.o
        10          0          0          0          0         68   _sputc.o
        64          0          0          0          0         92   _wcrtomb.o
       220          4        148          0          0         96   bigflt0.o
      1910        128          0          0          0        672   btod.o
        52          4          0          0          0         80   c89vsnprintf.o
        18          0          0          0          0         80   exit.o
         6          0          0          0          0        152   heapauxi.o
         0          0          0          0          0          0   indicate_semi.o
        44         10        272          0          0         76   lc_ctype_c.o
        44         10         28          0          0         76   lc_numeric_c.o
         2          0          0          0          0          0   libinit.o
        30          0          0          0          0          0   libinit2.o
         2          0          0          0          0          0   libshutdown.o
         2          0          0          0          0          0   libshutdown2.o
         8          4          0          0         96         68   libspace.o
       138          0          0          0          0         80   lludiv10.o
       238          0          0          0          0        100   lludivv7m.o
        16          4          0          0          0         76   rt_ctype_table.o
         8          4          0          0          0         68   rt_errno_addr_intlibspace.o
         8          4          0          0          0         68   rt_locale_intlibspace.o
        68          0          0          0          0         68   rt_memclr.o
        78          0          0          0          0         80   rt_memclr_w.o
         2          0          0          0          0          0   rtexit.o
        10          0          0          0          0          0   rtexit2.o
       128          0          0          0          0         68   strcmpv7m.o
        12          4          0          0          0         68   sys_exit.o
        74          0          0          0          0         80   sys_stackheap_outer.o
         2          0          0          0          0         68   use_no_semi.o
        98          4          0          0          0         92   d2f.o
       826         16          0          0          0        348   daddsub_clz.o
        24          0          0          0          0         68   dcmpi.o
       688        140          0          0          0        208   ddiv.o
        84          0          0          0          0        136   dflt_clz.o
       120          4          0          0          0         92   dleqf.o
       340         12          0          0          0        104   dmul.o
       156          4          0          0          0         92   dnaninf.o
        12          0          0          0          0         68   dretinf.o
       108          0          0          0          0         80   drleqf.o
        86          4          0          0          0         84   f2d.o
       430          8          0          0          0        168   faddsub_clz.o
        24          0          0          0          0         68   fcmpi.o
       388         76          0          0          0         96   fdiv.o
        38          0          0          0          0         68   fflt_clz.o
        96          0          0          0          0         84   ffltll_clz.o
       104          4          0          0          0         84   fleqf.o
       258          4          0          0          0         84   fmul.o
       140          4          0          0          0         84   fnaninf.o
        10          0          0          0          0         68   fretinf.o
        98          0          0          0          0         68   frleqf.o
       272        100          0          0          0         88   fsqrt.o
         4          0          0          0          0         68   printf1.o
         0          0          0          0          0          0   usenofp.o
        40          0          0          0          0         68   fpclassify.o
        44          0          0          0          0         80   sqrtf.o

    ----------------------------------------------------------------------
     10852        642        516          0        100       6828   Library Totals
        30          0          3          0          4          0   (incl. Padding)

    ----------------------------------------------------------------------

      Code (inc. data)   RO Data    RW Data    ZI Data      Debug   Library Name

      6334        262        513          0         96       4280   c_w.l
      4404        380          0          0          0       2400   fz_ws.l
        84          0          0          0          0        148   m_ws.l

    ----------------------------------------------------------------------
     10852        642        516          0        100       6828   Library Totals

    ----------------------------------------------------------------------

==============================================================================


      Code (inc. data)   RO Data    RW Data    ZI Data      Debug   

     23028       2518       7696        156       2292     327517   Grand Totals
     23028       2518       7696        156       2292     327517   ELF Image Totals
     23028       2518       7696        156          0          0   ROM Totals

==============================================================================

    Total RO  Size (Code + RO Data)                30724 (  30.00kB)
    Total RW  Size (RW Data + ZI Data)              2448 (   2.39kB)
    Total ROM Size (Code + RO Data + RW Data)      30880 (  30.16kB)

==============================================================================

